   text	   data	    bss	    dec	    hex	filename
    132	     64	      0	    196	     c4	bin/am_resources.o
     94	      0	      0	     94	     5e	bin/am_util_delay.o
   1940	      0	    512	   2452	    994	bin/am_util_faultisr.o
   3971	      0	   1029	   5000	   1388	bin/am_util_stdio.o
      0	      0	      0	      0	      0	bin/am_util_syscalls.o
    386	      0	 132524	 132910	  2072e	bin/rng_test.o
    628	  81920	      0	  82548	  14274	bin/startup_gcc.o
    192	      0	      0	    192	     c0	am_hal_access.o (ex ../../../../../../mcu/apollo4p/hal/mcu/gcc/bin/libam_hal.a)
   2736	      0	    105	   2841	    b19	am_hal_adc.o (ex ../../../../../../mcu/apollo4p/hal/mcu/gcc/bin/libam_hal.a)
   4312	      0	    104	   4416	   1140	am_hal_audadc.o (ex ../../../../../../mcu/apollo4p/hal/mcu/gcc/bin/libam_hal.a)
     40	      0	      0	     40	     28	am_hal_bootrom_helper.o (ex ../../../../../../mcu/apollo4p/hal/mcu/gcc/bin/libam_hal.a)
    852	      5	      0	    857	    359	am_hal_cachectrl.o (ex ../../../../../../mcu/apollo4p/hal/mcu/gcc/bin/libam_hal.a)
  16384	      0	      0	  16384	   4000	am_hal_card.o (ex ../../../../../../mcu/apollo4p/hal/mcu/gcc/bin/libam_hal.a)
    260	    160	      0	    420	    1a4	am_hal_card_host.o (ex ../../../../../../mcu/apollo4p/hal/mcu/gcc/bin/libam_hal.a)
   1400	      0	      5	   1405	    57d	am_hal_clkgen.o (ex ../../../../../../mcu/apollo4p/hal/mcu/gcc/bin/libam_hal.a)
   2048	      0	    484	   2532	    9e4	am_hal_cmdq.o (ex ../../../../../../mcu/apollo4p/hal/mcu/gcc/bin/libam_hal.a)
    588	     32	      4	    624	    270	am_hal_dcu.o (ex ../../../../../../mcu/apollo4p/hal/mcu/gcc/bin/libam_hal.a)
   1056	      0	      4	   1060	    424	am_hal_dsi.o (ex ../../../../../../mcu/apollo4p/hal/mcu/gcc/bin/libam_hal.a)
    112	      0	      0	    112	     70	am_hal_fault.o (ex ../../../../../../mcu/apollo4p/hal/mcu/gcc/bin/libam_hal.a)
     52	      0	      0	     52	     34	am_hal_global.o (ex ../../../../../../mcu/apollo4p/hal/mcu/gcc/bin/libam_hal.a)
   1904	      0	   2048	   3952	    f70	am_hal_gpio.o (ex ../../../../../../mcu/apollo4p/hal/mcu/gcc/bin/libam_hal.a)
   2532	      0	    152	   2684	    a7c	am_hal_i2s.o (ex ../../../../../../mcu/apollo4p/hal/mcu/gcc/bin/libam_hal.a)
     24	      0	      0	     24	     18	am_hal_interrupt.o (ex ../../../../../../mcu/apollo4p/hal/mcu/gcc/bin/libam_hal.a)
  10004	      0	  17728	  27732	   6c54	am_hal_iom.o (ex ../../../../../../mcu/apollo4p/hal/mcu/gcc/bin/libam_hal.a)
   2196	      0	     72	   2268	    8dc	am_hal_ios.o (ex ../../../../../../mcu/apollo4p/hal/mcu/gcc/bin/libam_hal.a)
    500	      0	      0	    500	    1f4	am_hal_itm.o (ex ../../../../../../mcu/apollo4p/hal/mcu/gcc/bin/libam_hal.a)
   1236	      8	     12	   1256	    4e8	am_hal_mcuctrl.o (ex ../../../../../../mcu/apollo4p/hal/mcu/gcc/bin/libam_hal.a)
    256	      0	      0	    256	    100	am_hal_mpu.o (ex ../../../../../../mcu/apollo4p/hal/mcu/gcc/bin/libam_hal.a)
    376	      0	      0	    376	    178	am_hal_mram.o (ex ../../../../../../mcu/apollo4p/hal/mcu/gcc/bin/libam_hal.a)
   8372	      0	   6732	  15104	   3b00	am_hal_mspi.o (ex ../../../../../../mcu/apollo4p/hal/mcu/gcc/bin/libam_hal.a)
    156	      0	      0	    156	     9c	am_hal_otp.o (ex ../../../../../../mcu/apollo4p/hal/mcu/gcc/bin/libam_hal.a)
   1672	      0	     96	   1768	    6e8	am_hal_pdm.o (ex ../../../../../../mcu/apollo4p/hal/mcu/gcc/bin/libam_hal.a)
   4096	      0	      0	   4096	   1000	am_hal_pin.o (ex ../../../../../../mcu/apollo4p/hal/mcu/gcc/bin/libam_hal.a)
   6273	      9	     47	   6329	   18b9	am_hal_pwrctrl.o (ex ../../../../../../mcu/apollo4p/hal/mcu/gcc/bin/libam_hal.a)
    276	      0	      0	    276	    114	am_hal_queue.o (ex ../../../../../../mcu/apollo4p/hal/mcu/gcc/bin/libam_hal.a)
    391	      0	      4	    395	    18b	am_hal_reset.o (ex ../../../../../../mcu/apollo4p/hal/mcu/gcc/bin/libam_hal.a)
   1252	      0	      0	   1252	    4e4	am_hal_rtc.o (ex ../../../../../../mcu/apollo4p/hal/mcu/gcc/bin/libam_hal.a)
   5680	      0	    212	   5892	   1704	am_hal_sdhc.o (ex ../../../../../../mcu/apollo4p/hal/mcu/gcc/bin/libam_hal.a)
    288	      0	     12	    300	    12c	am_hal_secure_ota.o (ex ../../../../../../mcu/apollo4p/hal/mcu/gcc/bin/libam_hal.a)
    404	      0	      0	    404	    194	am_hal_security.o (ex ../../../../../../mcu/apollo4p/hal/mcu/gcc/bin/libam_hal.a)
    992	     32	      1	   1025	    401	am_hal_stimer.o (ex ../../../../../../mcu/apollo4p/hal/mcu/gcc/bin/libam_hal.a)
    408	      0	      0	    408	    198	am_hal_sysctrl.o (ex ../../../../../../mcu/apollo4p/hal/mcu/gcc/bin/libam_hal.a)
    144	      0	      0	    144	     90	am_hal_systick.o (ex ../../../../../../mcu/apollo4p/hal/mcu/gcc/bin/libam_hal.a)
   2716	      0	      0	   2716	    a9c	am_hal_timer.o (ex ../../../../../../mcu/apollo4p/hal/mcu/gcc/bin/libam_hal.a)
    144	      0	      0	    144	     90	am_hal_tpiu.o (ex ../../../../../../mcu/apollo4p/hal/mcu/gcc/bin/libam_hal.a)
   3756	      0	    736	   4492	   118c	am_hal_uart.o (ex ../../../../../../mcu/apollo4p/hal/mcu/gcc/bin/libam_hal.a)
   6288	      4	    268	   6560	   19a0	am_hal_usb.o (ex ../../../../../../mcu/apollo4p/hal/mcu/gcc/bin/libam_hal.a)
    284	      0	      0	    284	    11c	am_hal_utils.o (ex ../../../../../../mcu/apollo4p/hal/mcu/gcc/bin/libam_hal.a)
    796	      0	      0	    796	    31c	am_hal_wdt.o (ex ../../../../../../mcu/apollo4p/hal/mcu/gcc/bin/libam_hal.a)
    841	      0	     20	    861	    35d	cc_lib.o (ex ../../../../../../third_party/crypto/host/lib/libcc_312.a)
    168	      0	      4	    172	     ac	cc_hal.o (ex ../../../../../../third_party/crypto/host/lib/libcc_312.a)
    851	      0	      0	    851	    353	aes_alt.o (ex ../../../../../../third_party/crypto/host/lib/libcc_312.a)
   1615	      0	      0	   1615	    64f	entropy.o (ex ../../../../../../third_party/crypto/host/lib/libcc_312.a)
    327	      0	      0	    327	    147	chacha20_alt.o (ex ../../../../../../third_party/crypto/host/lib/libcc_312.a)
    132	      0	      0	    132	     84	poly1305_alt.o (ex ../../../../../../third_party/crypto/host/lib/libcc_312.a)
    615	      0	      0	    615	    267	chachapoly_alt.o (ex ../../../../../../third_party/crypto/host/lib/libcc_312.a)
   1950	      0	      0	   1950	    79e	ccm.o (ex ../../../../../../third_party/crypto/host/lib/libcc_312.a)
   6196	      0	      0	   6196	   1834	gcm.o (ex ../../../../../../third_party/crypto/host/lib/libcc_312.a)
    280	      0	      0	    280	    118	bypass_driver.o (ex ../../../../../../third_party/crypto/host/lib/libcc_312.a)
   1707	      0	      0	   1707	    6ab	aes_driver.o (ex ../../../../../../third_party/crypto/host/lib/libcc_312.a)
    903	      0	      0	    903	    387	aesccm_driver.o (ex ../../../../../../third_party/crypto/host/lib/libcc_312.a)
     76	      4	      0	     80	     50	platform_util.o (ex ../../../../../../third_party/crypto/host/lib/libcc_312.a)
     76	     12	      0	     88	     58	platform.o (ex ../../../../../../third_party/crypto/host/lib/libcc_312.a)
   1471	      0	      0	   1471	    5bf	aesgcm_driver.o (ex ../../../../../../third_party/crypto/host/lib/libcc_312.a)
     92	      0	      0	     92	     5c	driver_common.o (ex ../../../../../../third_party/crypto/host/lib/libcc_312.a)
   1077	      0	      0	   1077	    435	mbedtls_cc_sha512_t.o (ex ../../../../../../third_party/crypto/host/lib/libcc_312.a)
   6443	      0	      0	   6443	   192b	sha512.o (ex ../../../../../../third_party/crypto/host/lib/libcc_312.a)
    223	      0	      0	    223	     df	sha1_alt.o (ex ../../../../../../third_party/crypto/host/lib/libcc_312.a)
    275	      0	      0	    275	    113	sha256_alt.o (ex ../../../../../../third_party/crypto/host/lib/libcc_312.a)
   1191	      0	      0	   1191	    4a7	md.o (ex ../../../../../../third_party/crypto/host/lib/libcc_312.a)
   3355	      0	      0	   3355	    d1b	md5.o (ex ../../../../../../third_party/crypto/host/lib/libcc_312.a)
   2128	      0	      4	   2132	    854	cipher.o (ex ../../../../../../third_party/crypto/host/lib/libcc_312.a)
   1524	      0	     84	   1608	    648	cipher_wrap.o (ex ../../../../../../third_party/crypto/host/lib/libcc_312.a)
   1675	      0	     20	   1695	    69f	memory_buffer_alloc.o (ex ../../../../../../third_party/crypto/host/lib/libcc_312.a)
   2402	      0	      4	   2406	    966	ctr_drbg.o (ex ../../../../../../third_party/crypto/host/lib/libcc_312.a)
    408	      0	      0	    408	    198	mbedtls_hash_common.o (ex ../../../../../../third_party/crypto/host/lib/libcc_312.a)
     20	      0	      0	     20	     14	mbedtls_common.o (ex ../../../../../../third_party/crypto/host/lib/libcc_312.a)
    152	      0	      0	    152	     98	trng_api.o (ex ../../../../../../third_party/crypto/host/lib/libcc_312.a)
   1407	      0	      0	   1407	    57f	mbedtls_ccm_internal.o (ex ../../../../../../third_party/crypto/host/lib/libcc_312.a)
   9792	      0	      0	   9792	   2640	rsa_alt.o (ex ../../../../../../third_party/crypto/host/lib/libcc_312.a)
    496	      0	      0	    496	    1f0	ecp_common.o (ex ../../../../../../third_party/crypto/host/lib/libcc_312.a)
   1336	      0	      0	   1336	    538	cc_ecp_internal.o (ex ../../../../../../third_party/crypto/host/lib/libcc_312.a)
    800	      0	      0	    800	    320	ecdsa_alt.o (ex ../../../../../../third_party/crypto/host/lib/libcc_312.a)
    435	      0	      0	    435	    1b3	ecdh_alt.o (ex ../../../../../../third_party/crypto/host/lib/libcc_312.a)
   1140	      0	      0	   1140	    474	ecdsa_edwards.o (ex ../../../../../../third_party/crypto/host/lib/libcc_312.a)
    792	      0	      0	    792	    318	cmac_alt.o (ex ../../../../../../third_party/crypto/host/lib/libcc_312.a)
   2289	      0	      0	   2289	    8f1	dhm_alt.o (ex ../../../../../../third_party/crypto/host/lib/libcc_312.a)
   3084	      0	      0	   3084	    c0c	mbedtls_cc_mng.o (ex ../../../../../../third_party/crypto/host/lib/libcc_312.a)
    836	      0	      0	    836	    344	mbedtls_cc_mng_int.o (ex ../../../../../../third_party/crypto/host/lib/libcc_312.a)
    128	      0	      0	    128	     80	mbedtls_cc_sbrt.o (ex ../../../../../../third_party/crypto/host/lib/libcc_312.a)
   1187	      0	      0	   1187	    4a3	sbrt_int_func.o (ex ../../../../../../third_party/crypto/host/lib/libcc_312.a)
    112	      0	      0	    112	     70	bootimagesverifier_parser.o (ex ../../../../../../third_party/crypto/host/lib/libcc_312.a)
    124	      0	      0	    124	     7c	nvm_otp.o (ex ../../../../../../third_party/crypto/host/lib/libcc_312.a)
    384	      0	      0	    384	    180	bootimagesverifier_swcomp.o (ex ../../../../../../third_party/crypto/host/lib/libcc_312.a)
    504	      0	      0	    504	    1f8	secureboot_base_swimgverify.o (ex ../../../../../../third_party/crypto/host/lib/libcc_312.a)
    408	      0	      0	    408	    198	rsa_verify.o (ex ../../../../../../third_party/crypto/host/lib/libcc_312.a)
    136	      0	      0	    136	     88	rsa_exp.o (ex ../../../../../../third_party/crypto/host/lib/libcc_312.a)
    620	      0	      0	    620	    26c	rsa_pki_pka.o (ex ../../../../../../third_party/crypto/host/lib/libcc_312.a)
    332	      0	      0	    332	    14c	bootimagesverifier_base_single.o (ex ../../../../../../third_party/crypto/host/lib/libcc_312.a)
   1004	      0	      0	   1004	    3ec	bsv_aes_driver.o (ex ../../../../../../third_party/crypto/host/lib/libcc_312.a)
    676	      0	      0	    676	    2a4	bsv_hash_driver.o (ex ../../../../../../third_party/crypto/host/lib/libcc_312.a)
    720	     12	      0	    732	    2dc	common_cert_verify.o (ex ../../../../../../third_party/crypto/host/lib/libcc_312.a)
    204	      0	      0	    204	     cc	secureboot_base_func.o (ex ../../../../../../third_party/crypto/host/lib/libcc_312.a)
    176	      0	      0	    176	     b0	common_cert_parser.o (ex ../../../../../../third_party/crypto/host/lib/libcc_312.a)
    440	      0	      0	    440	    1b8	cc_util_cmac.o (ex ../../../../../../third_party/crypto/host/lib/libcc_312.a)
    114	      0	      0	    114	     72	cc_hash_info.o (ex ../../../../../../third_party/crypto/host/lib/libcc_312.a)
    544	      0	      0	    544	    220	mbedtls_cc_util_key_derivation.o (ex ../../../../../../third_party/crypto/host/lib/libcc_312.a)
    308	      0	      0	    308	    134	mbedtls_cc_util_asset_prov.o (ex ../../../../../../third_party/crypto/host/lib/libcc_312.a)
   1299	      0	      0	   1299	    513	pki.o (ex ../../../../../../third_party/crypto/host/lib/libcc_312.a)
   4667	      0	      0	   4667	   123b	pka.o (ex ../../../../../../third_party/crypto/host/lib/libcc_312.a)
    856	      0	      0	    856	    358	cc_kdf.o (ex ../../../../../../third_party/crypto/host/lib/libcc_312.a)
    132	      0	      0	    132	     84	cc_rsa_info.o (ex ../../../../../../third_party/crypto/host/lib/libcc_312.a)
   1752	      0	      0	   1752	    6d8	cc_rsa_build.o (ex ../../../../../../third_party/crypto/host/lib/libcc_312.a)
   1505	      0	      0	   1505	    5e1	cc_rsa_oaep.o (ex ../../../../../../third_party/crypto/host/lib/libcc_312.a)
    891	      0	      0	    891	    37b	cc_rsa_schemes.o (ex ../../../../../../third_party/crypto/host/lib/libcc_312.a)
    496	      0	      0	    496	    1f0	cc_rsa_pkcs_ver15_util.o (ex ../../../../../../third_party/crypto/host/lib/libcc_312.a)
    924	      0	      0	    924	    39c	cc_rsa_pss21_util.o (ex ../../../../../../third_party/crypto/host/lib/libcc_312.a)
    508	      0	      0	    508	    1fc	cc_rsa_prim.o (ex ../../../../../../third_party/crypto/host/lib/libcc_312.a)
    916	      0	      0	    916	    394	cc_rsa_verify.o (ex ../../../../../../third_party/crypto/host/lib/libcc_312.a)
   1012	      0	      0	   1012	    3f4	cc_rsa_kg.o (ex ../../../../../../third_party/crypto/host/lib/libcc_312.a)
    916	      0	      0	    916	    394	cc_rsa_sign.o (ex ../../../../../../third_party/crypto/host/lib/libcc_312.a)
    260	      0	      0	    260	    104	rsa_public.o (ex ../../../../../../third_party/crypto/host/lib/libcc_312.a)
   1192	      0	      0	   1192	    4a8	rsa_private.o (ex ../../../../../../third_party/crypto/host/lib/libcc_312.a)
   9968	      0	      0	   9968	   26f0	rsa_genkey.o (ex ../../../../../../third_party/crypto/host/lib/libcc_312.a)
   3104	      0	      0	   3104	    c20	cc_ffc_domain.o (ex ../../../../../../third_party/crypto/host/lib/libcc_312.a)
    711	      0	      0	    711	    2c7	chacha_driver.o (ex ../../../../../../third_party/crypto/host/lib/libcc_312.a)
    540	      0	      0	    540	    21c	mbedtls_cc_chacha.o (ex ../../../../../../third_party/crypto/host/lib/libcc_312.a)
    448	      0	      0	    448	    1c0	mbedtls_cc_chacha_poly.o (ex ../../../../../../third_party/crypto/host/lib/libcc_312.a)
     84	      0	      0	     84	     54	mbedtls_cc_poly.o (ex ../../../../../../third_party/crypto/host/lib/libcc_312.a)
   1128	      0	      0	   1128	    468	poly.o (ex ../../../../../../third_party/crypto/host/lib/libcc_312.a)
    122	      0	      0	    122	     7a	cc_ecpki_info.o (ex ../../../../../../third_party/crypto/host/lib/libcc_312.a)
    676	      0	      0	    676	    2a4	cc_ecpki_build_publ.o (ex ../../../../../../third_party/crypto/host/lib/libcc_312.a)
    220	      0	      0	    220	     dc	cc_ecpki_build_priv.o (ex ../../../../../../third_party/crypto/host/lib/libcc_312.a)
    808	      0	      0	    808	    328	cc_ecdsa_verify.o (ex ../../../../../../third_party/crypto/host/lib/libcc_312.a)
   1004	      0	      0	   1004	    3ec	cc_ecdsa_sign.o (ex ../../../../../../third_party/crypto/host/lib/libcc_312.a)
    308	      0	      0	    308	    134	cc_ecpki_kg.o (ex ../../../../../../third_party/crypto/host/lib/libcc_312.a)
    232	      0	      0	    232	     e8	cc_ecdh.o (ex ../../../../../../third_party/crypto/host/lib/libcc_312.a)
   1124	      0	      0	   1124	    464	mbedtls_cc_ecies.o (ex ../../../../../../third_party/crypto/host/lib/libcc_312.a)
    260	      0	      0	    260	    104	ec_wrst_genkey.o (ex ../../../../../../third_party/crypto/host/lib/libcc_312.a)
   2136	      0	      0	   2136	    858	pki_modular_arithmetic.o (ex ../../../../../../third_party/crypto/host/lib/libcc_312.a)
   3600	      0	      0	   3600	    e10	pka_ec_wrst.o (ex ../../../../../../third_party/crypto/host/lib/libcc_312.a)
    860	      0	      0	    860	    35c	pka_ec_wrst_dsa_verify.o (ex ../../../../../../third_party/crypto/host/lib/libcc_312.a)
    744	      0	      0	    744	    2e8	ec_wrst.o (ex ../../../../../../third_party/crypto/host/lib/libcc_312.a)
   1404	      0	      0	   1404	    57c	ec_wrst_dsa.o (ex ../../../../../../third_party/crypto/host/lib/libcc_312.a)
     24	      0	      0	     24	     18	cc_ecpki_domain.o (ex ../../../../../../third_party/crypto/host/lib/libcc_312.a)
    740	      0	      0	    740	    2e4	cc_ecpki_domain_secp192r1.o (ex ../../../../../../third_party/crypto/host/lib/libcc_312.a)
    740	      0	      0	    740	    2e4	cc_ecpki_domain_secp192k1.o (ex ../../../../../../third_party/crypto/host/lib/libcc_312.a)
    740	      0	      0	    740	    2e4	cc_ecpki_domain_secp224r1.o (ex ../../../../../../third_party/crypto/host/lib/libcc_312.a)
    740	      0	      0	    740	    2e4	cc_ecpki_domain_secp224k1.o (ex ../../../../../../third_party/crypto/host/lib/libcc_312.a)
    740	      0	      0	    740	    2e4	cc_ecpki_domain_secp256r1.o (ex ../../../../../../third_party/crypto/host/lib/libcc_312.a)
    740	      0	      0	    740	    2e4	cc_ecpki_domain_secp256k1.o (ex ../../../../../../third_party/crypto/host/lib/libcc_312.a)
    740	      0	      0	    740	    2e4	cc_ecpki_domain_secp384r1.o (ex ../../../../../../third_party/crypto/host/lib/libcc_312.a)
    740	      0	      0	    740	    2e4	cc_ecpki_domain_secp521r1.o (ex ../../../../../../third_party/crypto/host/lib/libcc_312.a)
    700	      0	      0	    700	    2bc	cc_rnd_common.o (ex ../../../../../../third_party/crypto/host/lib/libcc_312.a)
   1676	      0	      0	   1676	    68c	llf_rnd.o (ex ../../../../../../third_party/crypto/host/lib/libcc_312.a)
    120	      0	      0	    120	     78	cc_rng_plat.o (ex ../../../../../../third_party/crypto/host/lib/libcc_312.a)
   1252	      0	      0	   1252	    4e4	cc_common_math.o (ex ../../../../../../third_party/crypto/host/lib/libcc_312.a)
    476	      0	      0	    476	    1dc	cc_common_conv_endian.o (ex ../../../../../../third_party/crypto/host/lib/libcc_312.a)
   1027	      0	      0	   1027	    403	llf_rnd_fetrng.o (ex ../../../../../../third_party/crypto/host/lib/libcc_312.a)
    915	      0	      0	    915	    393	hash_driver.o (ex ../../../../../../third_party/crypto/host/lib/libcc_312.a)
   1164	      0	      0	   1164	    48c	pka_ec_wrst_smul_no_scap.o (ex ../../../../../../third_party/crypto/host/lib/libcc_312.a)
   1348	      0	      0	   1348	    544	mbedtls_cc_srp.o (ex ../../../../../../third_party/crypto/host/lib/libcc_312.a)
   2368	      0	     64	   2432	    980	srp_driver.o (ex ../../../../../../third_party/crypto/host/lib/libcc_312.a)
   2716	      0	      0	   2716	    a9c	srp.o (ex ../../../../../../third_party/crypto/host/lib/libcc_312.a)
   1140	      0	      0	   1140	    474	cc_ec_mont.o (ex ../../../../../../third_party/crypto/host/lib/libcc_312.a)
    253	      0	      0	    253	     fd	ec_mont.o (ex ../../../../../../third_party/crypto/host/lib/libcc_312.a)
   1264	      0	      0	   1264	    4f0	pka_ec_mont.o (ex ../../../../../../third_party/crypto/host/lib/libcc_312.a)
    256	      0	      0	    256	    100	ec_mont_domain_curve25519.o (ex ../../../../../../third_party/crypto/host/lib/libcc_312.a)
    504	      0	      0	    504	    1f8	cc_ec_edw.o (ex ../../../../../../third_party/crypto/host/lib/libcc_312.a)
   3257	      0	      0	   3257	    cb9	ec_edw.o (ex ../../../../../../third_party/crypto/host/lib/libcc_312.a)
   5220	      0	      0	   5220	   1464	pka_ec_edw.o (ex ../../../../../../third_party/crypto/host/lib/libcc_312.a)
   1296	      0	      0	   1296	    510	ec_edw_domain_25519.o (ex ../../../../../../third_party/crypto/host/lib/libcc_312.a)
     28	      0	      0	     28	     1c	cc_pal.o (ex ../../../../../../third_party/crypto/host/lib/libpal_no_os.a)
     16	      0	      0	     16	     10	cc_pal_mutex.o (ex ../../../../../../third_party/crypto/host/lib/libpal_no_os.a)
     12	      0	      0	     12	      c	cc_pal_memmap.o (ex ../../../../../../third_party/crypto/host/lib/libpal_no_os.a)
      8	      0	      0	      8	      8	cc_pal_dma.o (ex ../../../../../../third_party/crypto/host/lib/libpal_no_os.a)
     12	      0	      0	     12	      c	cc_pal_pm.o (ex ../../../../../../third_party/crypto/host/lib/libpal_no_os.a)
     56	      0	      0	     56	     38	cc_pal_interrupt_ctrl.o (ex ../../../../../../third_party/crypto/host/lib/libpal_no_os.a)
     96	      0	      0	     96	     60	cc_pal_mem.o (ex ../../../../../../third_party/crypto/host/lib/libpal_no_os.a)
      8	      0	      0	      8	      8	cc_pal_buff_attr.o (ex ../../../../../../third_party/crypto/host/lib/libpal_no_os.a)
      4	      0	      0	      4	      4	cc_pal_abort_plat.o (ex ../../../../../../third_party/crypto/host/lib/libpal_no_os.a)
     44	      0	      0	     44	     2c	cc_pal_trng.o (ex ../../../../../../third_party/crypto/host/lib/libpal_no_os.a)
     12	      0	      0	     12	      c	cc_pal_apbc.o (ex ../../../../../../third_party/crypto/host/lib/libpal_no_os.a)
   2361	      0	      0	   2361	    939	aes.o (ex ../../../../../../third_party/crypto/mbedtls/library/libmbedcrypto.a)
      0	      0	      0	      0	      0	aesni.o (ex ../../../../../../third_party/crypto/mbedtls/library/libmbedcrypto.a)
      0	      0	      0	      0	      0	arc4.o (ex ../../../../../../third_party/crypto/mbedtls/library/libmbedcrypto.a)
      0	      0	      0	      0	      0	aria.o (ex ../../../../../../third_party/crypto/mbedtls/library/libmbedcrypto.a)
   1176	      0	      0	   1176	    498	asn1parse.o (ex ../../../../../../third_party/crypto/mbedtls/library/libmbedcrypto.a)
   1692	      0	      0	   1692	    69c	asn1write.o (ex ../../../../../../third_party/crypto/mbedtls/library/libmbedcrypto.a)
   1281	      0	      0	   1281	    501	base64.o (ex ../../../../../../third_party/crypto/mbedtls/library/libmbedcrypto.a)
  15096	      0	      0	  15096	   3af8	bignum.o (ex ../../../../../../third_party/crypto/mbedtls/library/libmbedcrypto.a)
      0	      0	      0	      0	      0	blowfish.o (ex ../../../../../../third_party/crypto/mbedtls/library/libmbedcrypto.a)
      0	      0	      0	      0	      0	camellia.o (ex ../../../../../../third_party/crypto/mbedtls/library/libmbedcrypto.a)
   1950	      0	      0	   1950	    79e	ccm.o (ex ../../../../../../third_party/crypto/mbedtls/library/libmbedcrypto.a)
   1874	      0	      0	   1874	    752	chacha20.o (ex ../../../../../../third_party/crypto/mbedtls/library/libmbedcrypto.a)
    782	      0	      0	    782	    30e	chachapoly.o (ex ../../../../../../third_party/crypto/mbedtls/library/libmbedcrypto.a)
   2128	      0	      4	   2132	    854	cipher.o (ex ../../../../../../third_party/crypto/mbedtls/library/libmbedcrypto.a)
   1524	      0	     84	   1608	    648	cipher_wrap.o (ex ../../../../../../third_party/crypto/mbedtls/library/libmbedcrypto.a)
   1651	      0	      0	   1651	    673	cmac.o (ex ../../../../../../third_party/crypto/mbedtls/library/libmbedcrypto.a)
   2402	      0	      4	   2406	    966	ctr_drbg.o (ex ../../../../../../third_party/crypto/mbedtls/library/libmbedcrypto.a)
      0	      0	      0	      0	      0	des.o (ex ../../../../../../third_party/crypto/mbedtls/library/libmbedcrypto.a)
    408	      0	      0	    408	    198	dhm.o (ex ../../../../../../third_party/crypto/mbedtls/library/libmbedcrypto.a)
    676	      0	      0	    676	    2a4	ecdh.o (ex ../../../../../../third_party/crypto/mbedtls/library/libmbedcrypto.a)
    748	      0	      0	    748	    2ec	ecdsa.o (ex ../../../../../../third_party/crypto/mbedtls/library/libmbedcrypto.a)
      0	      0	      0	      0	      0	ecjpake.o (ex ../../../../../../third_party/crypto/mbedtls/library/libmbedcrypto.a)
  11786	      0	     26	  11812	   2e24	ecp.o (ex ../../../../../../third_party/crypto/mbedtls/library/libmbedcrypto.a)
   6557	     28	      0	   6585	   19b9	ecp_curves.o (ex ../../../../../../third_party/crypto/mbedtls/library/libmbedcrypto.a)
   1615	      0	      0	   1615	    64f	entropy.o (ex ../../../../../../third_party/crypto/mbedtls/library/libmbedcrypto.a)
      0	      0	      0	      0	      0	entropy_poll.o (ex ../../../../../../third_party/crypto/mbedtls/library/libmbedcrypto.a)
      8	      0	      0	      8	      8	error.o (ex ../../../../../../third_party/crypto/mbedtls/library/libmbedcrypto.a)
   6196	      0	      0	   6196	   1834	gcm.o (ex ../../../../../../third_party/crypto/mbedtls/library/libmbedcrypto.a)
      0	      0	      0	      0	      0	havege.o (ex ../../../../../../third_party/crypto/mbedtls/library/libmbedcrypto.a)
    509	      0	      0	    509	    1fd	hkdf.o (ex ../../../../../../third_party/crypto/mbedtls/library/libmbedcrypto.a)
   1714	      0	      4	   1718	    6b6	hmac_drbg.o (ex ../../../../../../third_party/crypto/mbedtls/library/libmbedcrypto.a)
   1191	      0	      0	   1191	    4a7	md.o (ex ../../../../../../third_party/crypto/mbedtls/library/libmbedcrypto.a)
      0	      0	      0	      0	      0	md2.o (ex ../../../../../../third_party/crypto/mbedtls/library/libmbedcrypto.a)
      0	      0	      0	      0	      0	md4.o (ex ../../../../../../third_party/crypto/mbedtls/library/libmbedcrypto.a)
   3355	      0	      0	   3355	    d1b	md5.o (ex ../../../../../../third_party/crypto/mbedtls/library/libmbedcrypto.a)
    644	      0	      0	    644	    284	md_wrap.o (ex ../../../../../../third_party/crypto/mbedtls/library/libmbedcrypto.a)
   1675	      0	     20	   1695	    69f	memory_buffer_alloc.o (ex ../../../../../../third_party/crypto/mbedtls/library/libmbedcrypto.a)
   3096	      0	      0	   3096	    c18	nist_kw.o (ex ../../../../../../third_party/crypto/mbedtls/library/libmbedcrypto.a)
   3190	      0	      0	   3190	    c76	oid.o (ex ../../../../../../third_party/crypto/mbedtls/library/libmbedcrypto.a)
      0	      0	      0	      0	      0	padlock.o (ex ../../../../../../third_party/crypto/mbedtls/library/libmbedcrypto.a)
   1527	      0	      0	   1527	    5f7	pem.o (ex ../../../../../../third_party/crypto/mbedtls/library/libmbedcrypto.a)
    951	      0	      0	    951	    3b7	pk.o (ex ../../../../../../third_party/crypto/mbedtls/library/libmbedcrypto.a)
    998	      0	      0	    998	    3e6	pk_wrap.o (ex ../../../../../../third_party/crypto/mbedtls/library/libmbedcrypto.a)
      0	      0	      0	      0	      0	pkcs12.o (ex ../../../../../../third_party/crypto/mbedtls/library/libmbedcrypto.a)
   1816	      0	      0	   1816	    718	pkcs5.o (ex ../../../../../../third_party/crypto/mbedtls/library/libmbedcrypto.a)
   3263	      0	      0	   3263	    cbf	pkparse.o (ex ../../../../../../third_party/crypto/mbedtls/library/libmbedcrypto.a)
   1668	      0	      0	   1668	    684	pkwrite.o (ex ../../../../../../third_party/crypto/mbedtls/library/libmbedcrypto.a)
     76	     12	      0	     88	     58	platform.o (ex ../../../../../../third_party/crypto/mbedtls/library/libmbedcrypto.a)
     76	      4	      0	     80	     50	platform_util.o (ex ../../../../../../third_party/crypto/mbedtls/library/libmbedcrypto.a)
    632	      0	      0	    632	    278	poly1305.o (ex ../../../../../../third_party/crypto/mbedtls/library/libmbedcrypto.a)
      0	      0	      0	      0	      0	ripemd160.o (ex ../../../../../../third_party/crypto/mbedtls/library/libmbedcrypto.a)
   1639	      0	      0	   1639	    667	rsa_internal.o (ex ../../../../../../third_party/crypto/mbedtls/library/libmbedcrypto.a)
   1775	      0	      0	   1775	    6ef	rsa.o (ex ../../../../../../third_party/crypto/mbedtls/library/libmbedcrypto.a)
    619	      0	      0	    619	    26b	sha1.o (ex ../../../../../../third_party/crypto/mbedtls/library/libmbedcrypto.a)
    895	      0	      0	    895	    37f	sha256.o (ex ../../../../../../third_party/crypto/mbedtls/library/libmbedcrypto.a)
   6443	      0	      0	   6443	   192b	sha512.o (ex ../../../../../../third_party/crypto/mbedtls/library/libmbedcrypto.a)
      0	      0	      0	      0	      0	threading.o (ex ../../../../../../third_party/crypto/mbedtls/library/libmbedcrypto.a)
      0	      0	      0	      0	      0	timing.o (ex ../../../../../../third_party/crypto/mbedtls/library/libmbedcrypto.a)
     91	      0	      0	     91	     5b	version.o (ex ../../../../../../third_party/crypto/mbedtls/library/libmbedcrypto.a)
   1898	    324	      0	   2222	    8ae	version_features.o (ex ../../../../../../third_party/crypto/mbedtls/library/libmbedcrypto.a)
      0	      0	      0	      0	      0	xtea.o (ex ../../../../../../third_party/crypto/mbedtls/library/libmbedcrypto.a)
      0	      0	      0	      0	      0	debug.o (ex ../../../../../../third_party/crypto/mbedtls/library/libmbedtls.a)
      0	      0	      0	      0	      0	net_sockets.o (ex ../../../../../../third_party/crypto/mbedtls/library/libmbedtls.a)
      0	      0	      0	      0	      0	ssl_cache.o (ex ../../../../../../third_party/crypto/mbedtls/library/libmbedtls.a)
      0	      0	      0	      0	      0	ssl_ciphersuites.o (ex ../../../../../../third_party/crypto/mbedtls/library/libmbedtls.a)
      0	      0	      0	      0	      0	ssl_cli.o (ex ../../../../../../third_party/crypto/mbedtls/library/libmbedtls.a)
      0	      0	      0	      0	      0	ssl_cookie.o (ex ../../../../../../third_party/crypto/mbedtls/library/libmbedtls.a)
      0	      0	      0	      0	      0	ssl_srv.o (ex ../../../../../../third_party/crypto/mbedtls/library/libmbedtls.a)
      0	      0	      0	      0	      0	ssl_ticket.o (ex ../../../../../../third_party/crypto/mbedtls/library/libmbedtls.a)
      0	      0	      0	      0	      0	ssl_tls.o (ex ../../../../../../third_party/crypto/mbedtls/library/libmbedtls.a)
   6996	     96	   2053	   9145	   23b9	am_bsp.o (ex ../../../../bsp/gcc/bin/libam_bsp.a)
      0	    772	     60	    832	    340	am_bsp_pins.o (ex ../../../../bsp/gcc/bin/libam_bsp.a)
  27696	     72	 218944	 246712	  3c3b8	bin/rng_test.axf
