Archive member included to satisfy reference by file (symbol)

C:/Program Files (x86)/Arm GNU Toolchain arm-none-eabi/13.3 rel1/bin/../lib/gcc/arm-none-eabi/13.3.1/thumb/v7e-m+fp/hard\libc.a(libc_a-assert.o)
                              bin/qrcodegen.o (__assert_func)
C:/Program Files (x86)/Arm GNU Toolchain arm-none-eabi/13.3 rel1/bin/../lib/gcc/arm-none-eabi/13.3.1/thumb/v7e-m+fp/hard\libc.a(libc_a-fiprintf.o)
                              C:/Program Files (x86)/Arm GNU Toolchain arm-none-eabi/13.3 rel1/bin/../lib/gcc/arm-none-eabi/13.3.1/thumb/v7e-m+fp/hard\libc.a(libc_a-assert.o) (fiprintf)
C:/Program Files (x86)/Arm GNU Toolchain arm-none-eabi/13.3 rel1/bin/../lib/gcc/arm-none-eabi/13.3.1/thumb/v7e-m+fp/hard\libc.a(libc_a-vfiprintf.o)
                              C:/Program Files (x86)/Arm GNU Toolchain arm-none-eabi/13.3 rel1/bin/../lib/gcc/arm-none-eabi/13.3.1/thumb/v7e-m+fp/hard\libc.a(libc_a-fiprintf.o) (_vfiprintf_r)
C:/Program Files (x86)/Arm GNU Toolchain arm-none-eabi/13.3 rel1/bin/../lib/gcc/arm-none-eabi/13.3.1/thumb/v7e-m+fp/hard\libc.a(libc_a-sprint_r.o)
                              C:/Program Files (x86)/Arm GNU Toolchain arm-none-eabi/13.3 rel1/bin/../lib/gcc/arm-none-eabi/13.3.1/thumb/v7e-m+fp/hard\libc.a(libc_a-vfiprintf.o) (__sprint_r)
C:/Program Files (x86)/Arm GNU Toolchain arm-none-eabi/13.3 rel1/bin/../lib/gcc/arm-none-eabi/13.3.1/thumb/v7e-m+fp/hard\libc.a(libc_a-fflush.o)
                              C:/Program Files (x86)/Arm GNU Toolchain arm-none-eabi/13.3 rel1/bin/../lib/gcc/arm-none-eabi/13.3.1/thumb/v7e-m+fp/hard\libc.a(libc_a-vfiprintf.o) (_fflush_r)
C:/Program Files (x86)/Arm GNU Toolchain arm-none-eabi/13.3 rel1/bin/../lib/gcc/arm-none-eabi/13.3.1/thumb/v7e-m+fp/hard\libc.a(libc_a-findfp.o)
                              C:/Program Files (x86)/Arm GNU Toolchain arm-none-eabi/13.3 rel1/bin/../lib/gcc/arm-none-eabi/13.3.1/thumb/v7e-m+fp/hard\libc.a(libc_a-fflush.o) (__sglue)
C:/Program Files (x86)/Arm GNU Toolchain arm-none-eabi/13.3 rel1/bin/../lib/gcc/arm-none-eabi/13.3.1/thumb/v7e-m+fp/hard\libc.a(libc_a-fvwrite.o)
                              C:/Program Files (x86)/Arm GNU Toolchain arm-none-eabi/13.3 rel1/bin/../lib/gcc/arm-none-eabi/13.3.1/thumb/v7e-m+fp/hard\libc.a(libc_a-sprint_r.o) (__sfvwrite_r)
C:/Program Files (x86)/Arm GNU Toolchain arm-none-eabi/13.3 rel1/bin/../lib/gcc/arm-none-eabi/13.3.1/thumb/v7e-m+fp/hard\libc.a(libc_a-fwalk.o)
                              C:/Program Files (x86)/Arm GNU Toolchain arm-none-eabi/13.3 rel1/bin/../lib/gcc/arm-none-eabi/13.3.1/thumb/v7e-m+fp/hard\libc.a(libc_a-fflush.o) (_fwalk_sglue)
C:/Program Files (x86)/Arm GNU Toolchain arm-none-eabi/13.3 rel1/bin/../lib/gcc/arm-none-eabi/13.3.1/thumb/v7e-m+fp/hard\libc.a(libc_a-stdio.o)
                              C:/Program Files (x86)/Arm GNU Toolchain arm-none-eabi/13.3 rel1/bin/../lib/gcc/arm-none-eabi/13.3.1/thumb/v7e-m+fp/hard\libc.a(libc_a-findfp.o) (__sread)
C:/Program Files (x86)/Arm GNU Toolchain arm-none-eabi/13.3 rel1/bin/../lib/gcc/arm-none-eabi/13.3.1/thumb/v7e-m+fp/hard\libc.a(libc_a-wsetup.o)
                              C:/Program Files (x86)/Arm GNU Toolchain arm-none-eabi/13.3 rel1/bin/../lib/gcc/arm-none-eabi/13.3.1/thumb/v7e-m+fp/hard\libc.a(libc_a-vfiprintf.o) (__swsetup_r)
C:/Program Files (x86)/Arm GNU Toolchain arm-none-eabi/13.3 rel1/bin/../lib/gcc/arm-none-eabi/13.3.1/thumb/v7e-m+fp/hard\libc.a(libc_a-memmove.o)
                              bin/lv_event.o (memmove)
C:/Program Files (x86)/Arm GNU Toolchain arm-none-eabi/13.3 rel1/bin/../lib/gcc/arm-none-eabi/13.3.1/thumb/v7e-m+fp/hard\libc.a(libc_a-memset.o)
                              bin/display_task_two_fb.o (memset)
C:/Program Files (x86)/Arm GNU Toolchain arm-none-eabi/13.3 rel1/bin/../lib/gcc/arm-none-eabi/13.3.1/thumb/v7e-m+fp/hard\libc.a(libc_a-strchr.o)
                              bin/qrcodegen.o (strchr)
C:/Program Files (x86)/Arm GNU Toolchain arm-none-eabi/13.3 rel1/bin/../lib/gcc/arm-none-eabi/13.3.1/thumb/v7e-m+fp/hard\libc.a(libc_a-strncpy.o)
                              C:/Program Files (x86)/Arm GNU Toolchain arm-none-eabi/13.3 rel1/bin/../lib/gcc/arm-none-eabi/13.3.1/thumb/v7e-m+fp/hard\libc.a(libc_a-vfiprintf.o) (strncpy)
C:/Program Files (x86)/Arm GNU Toolchain arm-none-eabi/13.3 rel1/bin/../lib/gcc/arm-none-eabi/13.3.1/thumb/v7e-m+fp/hard\libc.a(libc_a-locale.o)
                              C:/Program Files (x86)/Arm GNU Toolchain arm-none-eabi/13.3 rel1/bin/../lib/gcc/arm-none-eabi/13.3.1/thumb/v7e-m+fp/hard\libc.a(libc_a-vfiprintf.o) (__global_locale)
C:/Program Files (x86)/Arm GNU Toolchain arm-none-eabi/13.3 rel1/bin/../lib/gcc/arm-none-eabi/13.3.1/thumb/v7e-m+fp/hard\libc.a(libc_a-localeconv.o)
                              C:/Program Files (x86)/Arm GNU Toolchain arm-none-eabi/13.3 rel1/bin/../lib/gcc/arm-none-eabi/13.3.1/thumb/v7e-m+fp/hard\libc.a(libc_a-vfiprintf.o) (_localeconv_r)
[...]
Memory Configuration

Name             Origin             Length             Attributes
MCU_MRAM         0x00018000         0x001e8000         xr
MCU_TCM          0x10000000         0x00060000         xrw
SHARED_SRAM      0x10060000         0x00100000         xrw
*default*        0x00000000         0xffffffff

Linker script and memory map


.text           0x00018000    0x7abf8
                0x00018000                        . = ALIGN (0x4)
 *(.isr_vector)
 .isr_vector    0x00018000      0x190 bin/startup_gcc.o
                0x00018000                g_am_pfnVectors
 *(.patch)
 .patch         0x00018190       0x70 bin/startup_gcc.o
                0x00018190                __Patchable
 *(.text)
 .text          0x00018200      0x2e0 C:/Program Files (x86)/Arm GNU Toolchain arm-none-eabi/13.3 rel1/bin/../lib/gcc/arm-none-eabi/13.3.1/thumb/v7e-m+fp/hard\libc.a(libc_a-strcmp.o)
                0x00018200                strcmp
 .text          0x000184e0      0x134 C:/Program Files (x86)/Arm GNU Toolchain arm-none-eabi/13.3 rel1/bin/../lib/gcc/arm-none-eabi/13.3.1/thumb/v7e-m+fp/hard\libc.a(libc_a-memcpy.o)
                0x000184e0                memcpy
 *fill*         0x00018614       0x2c 
 .text          0x00018640       0xd8 C:/Program Files (x86)/Arm GNU Toolchain arm-none-eabi/13.3 rel1/bin/../lib/gcc/arm-none-eabi/13.3.1/thumb/v7e-m+fp/hard\libc.a(libc_a-strlen.o)
                0x00018640                strlen
 .text          0x00018718       0xa0 C:/Program Files (x86)/Arm GNU Toolchain arm-none-eabi/13.3 rel1/bin/../lib/gcc/arm-none-eabi/13.3.1/thumb/v7e-m+fp/hard\libgcc.a(_arm_truncdfsf2.o)
                0x00018718                __truncdfsf2
                0x00018718                __aeabi_d2f
 .text          0x000187b8       0x30 C:/Program Files (x86)/Arm GNU Toolchain arm-none-eabi/13.3 rel1/bin/../lib/gcc/arm-none-eabi/13.3.1/thumb/v7e-m+fp/hard\libgcc.a(_aeabi_uldivmod.o)
                0x000187b8                __aeabi_uldivmod
 .text          0x000187e8        0x4 C:/Program Files (x86)/Arm GNU Toolchain arm-none-eabi/13.3 rel1/bin/../lib/gcc/arm-none-eabi/13.3.1/thumb/v7e-m+fp/hard\libgcc.a(_dvmd_tls.o)
                0x000187e8                __aeabi_idiv0
                0x000187e8                __aeabi_ldiv0
 *(.text*)
 .text.display_transfer_complete
                0x000187ec       0x3c bin/am_devices_display_generic.o
 .text.am_devices_display_te_handler
                0x00018828       0x18 bin/am_devices_display_generic.o
 .text.am_devices_display_prepare_transfer.isra.0
                0x00018840       0x98 bin/am_devices_display_generic.o
 .text.am_devices_dc_xspi_raydium_init
                0x000188d8      0x178 bin/am_devices_display_generic.o
                0x000188d8                am_devices_dc_xspi_raydium_init
 .text.am_devices_dc_dsi_raydium_init
                0x00018a50      0x208 bin/am_devices_display_generic.o
                0x00018a50                am_devices_dc_dsi_raydium_init
 .text.am_gpio0_203f_isr
                0x00018c58       0x24 bin/am_devices_display_generic.o
                0x00018c58                am_gpio0_203f_isr
 .text.am_gpio0_405f_isr
                0x00018c7c       0x24 bin/am_devices_display_generic.o
                0x00018c7c                am_gpio0_405f_isr
 .text.am_devices_display_set_scanline_recommended_parameter
                0x00018ca0       0x80 bin/am_devices_display_generic.o
                0x00018ca0                am_devices_display_set_scanline_recommended_parameter
 .text.am_devices_display_init
                0x00018d20      0x2fc bin/am_devices_display_generic.o
                0x00018d20                am_devices_display_init
 .text.am_devices_display_wait_transfer_done
                0x0001901c       0x18 bin/am_devices_display_generic.o
                0x0001901c                am_devices_display_wait_transfer_done
 .text.am_devices_display_transfer_frame
                0x00019034       0x44 bin/am_devices_display_generic.o
                0x00019034                am_devices_display_transfer_frame
 .text.am_iomaster0_isr
                0x00019078       0x3c bin/am_devices_tma525.o
                0x00019078                am_iomaster0_isr
 .text.am_util_delay_ms
                0x000190b4        0xc bin/am_util_delay.o
                0x000190b4                am_util_delay_ms
 .text.am_util_delay_us
                0x000190c0        0x4 bin/am_util_delay.o
                0x000190c0                am_util_delay_us
 .text.HardFault_Handler
                0x000190c4       0x24 bin/am_util_faultisr.o
                0x000190c4                HardFault_Handler
 .text.am_util_faultisr_collect_data
                0x000190e8      0x260 bin/am_util_faultisr.o
                0x000190e8                am_util_faultisr_collect_data
 .text.divu64_10
                0x00019348       0xb8 bin/am_util_stdio.o
 .text.uint64_to_str
                0x00019400      0x100 bin/am_util_stdio.o
 .text.am_util_stdio_printf_init
                0x00019500        0xc bin/am_util_stdio.o
                0x00019500                am_util_stdio_printf_init
 .text.am_util_stdio_vsprintf
                0x0001950c      0x8e0 bin/am_util_stdio.o
                0x0001950c                am_util_stdio_vsprintf
 .text.am_util_stdio_printf
                0x00019dec       0x34 bin/am_util_stdio.o
                0x00019dec                am_util_stdio_printf
 .text.am_util_stdio_terminal_clear
                0x00019e20        0xc bin/am_util_stdio.o
                0x00019e20                am_util_stdio_terminal_clear
 .text.GPU_memcpy
                0x00019e2c       0xd0 bin/display_task_two_fb.o
                0x00019e2c                GPU_memcpy
 .text.display_flush_cb
                0x00019efc       0x98 bin/display_task_two_fb.o
                0x00019efc                display_flush_cb
 .text.lv_disp_drv_setup
                0x00019f94       0xe8 bin/display_task_two_fb.o
                0x00019f94                lv_disp_drv_setup
 .text.DisplayTask
                0x0001a07c      0x11c bin/display_task_two_fb.o
                0x0001a07c                DisplayTask
 .text.GuiTask  0x0001a198       0x28 bin/gui_task.o
                0x0001a198                GuiTask
 .text.pvPortMalloc
                0x0001a1c0      0x14c bin/heap_4.o
                0x0001a1c0                pvPortMalloc
 .text.vPortFree
                0x0001a30c       0xac bin/heap_4.o
                0x0001a30c                vPortFree
 .text.vListInitialise
                0x0001a3b8       0x18 bin/list.o
                0x0001a3b8                vListInitialise
 .text.vListInitialiseItem
                0x0001a3d0        0x8 bin/list.o
                0x0001a3d0                vListInitialiseItem
 .text.vListInsertEnd
                0x0001a3d8       0x1c bin/list.o
                0x0001a3d8                vListInsertEnd
 .text.vListInsert
                0x0001a3f4       0x30 bin/list.o
                0x0001a3f4                vListInsert
 .text.uxListRemove
                0x0001a424       0x28 bin/list.o
                0x0001a424                uxListRemove
 .text.lv_img_decoder_ambiq_info
                0x0001a44c       0x60 bin/lv_ambiq_decoder.o
                0x0001a44c                lv_img_decoder_ambiq_info
 .text._lv_img_decoder_ambiq_add
                0x0001a4ac       0x48 bin/lv_ambiq_decoder.o
                0x0001a4ac                _lv_img_decoder_ambiq_add
 .text.lv_ambiq_bitmap_length_get
                0x0001a4f4       0x64 bin/lv_ambiq_font_align.o
                0x0001a4f4                lv_ambiq_bitmap_length_get
 .text.lv_ambiq_A4_font_align
                0x0001a558      0x11c bin/lv_ambiq_font_align.o
                0x0001a558                lv_ambiq_A4_font_align
 .text.lv_ambiq_gpu_error_interpret
                0x0001a674       0xe8 bin/lv_ambiq_misc.o
                0x0001a674                lv_ambiq_gpu_error_interpret
 .text.lv_ambiq_gpu_get_chroma_key
                0x0001a75c        0x8 bin/lv_ambiq_misc.o
                0x0001a75c                lv_ambiq_gpu_get_chroma_key
 .text.lv_ambiq_cache_invalid_draw_buffer
                0x0001a764        0x4 bin/lv_ambiq_misc.o
                0x0001a764                lv_ambiq_cache_invalid_draw_buffer
 .text.lv_ambiq_cache_invalid_and_clean_draw_buffer
                0x0001a768        0x4 bin/lv_ambiq_misc.o
                0x0001a768                lv_ambiq_cache_invalid_and_clean_draw_buffer
 .text.lv_ambiq_cache_clean_mask_buffer
                0x0001a76c        0x4 bin/lv_ambiq_misc.o
                0x0001a76c                lv_ambiq_cache_clean_mask_buffer
 .text.lv_ambiq_cache_clean_map_buffer
                0x0001a770        0x4 bin/lv_ambiq_misc.o
                0x0001a770                lv_ambiq_cache_clean_map_buffer
 .text.lv_ambiq_nema_hal_malloc
                0x0001a774       0x1c bin/lv_ambiq_nema_hal.o
                0x0001a774                lv_ambiq_nema_hal_malloc
 .text.lv_ambiq_nema_hal_free
                0x0001a790        0x4 bin/lv_ambiq_nema_hal.o
                0x0001a790                lv_ambiq_nema_hal_free
 .text.lv_anim_path_linear
                0x0001a794       0x2c bin/lv_anim.o
                0x0001a794                lv_anim_path_linear
 .text.anim_timer
                0x0001a7c0      0x1ac bin/lv_anim.o
 .text._lv_anim_core_init
                0x0001a96c       0x50 bin/lv_anim.o
                0x0001a96c                _lv_anim_core_init
 .text.lv_anim_init
                0x0001a9bc       0x34 bin/lv_anim.o
                0x0001a9bc                lv_anim_init
 .text.lv_anim_del
                0x0001a9f0      0x140 bin/lv_anim.o
                0x0001a9f0                lv_anim_del
 .text.lv_anim_start
                0x0001ab30       0xe8 bin/lv_anim.o
                0x0001ab30                lv_anim_start
 .text.lv_anim_get
                0x0001ac18       0x50 bin/lv_anim.o
                0x0001ac18                lv_anim_get
 .text.lv_anim_get_timer
                0x0001ac68        0xc bin/lv_anim.o
                0x0001ac68                lv_anim_get_timer
 .text.lv_anim_speed_to_time
                0x0001ac74       0x20 bin/lv_anim.o
                0x0001ac74                lv_anim_speed_to_time
 .text.lv_anim_path_ease_out
                0x0001ac94       0x3c bin/lv_anim.o
                0x0001ac94                lv_anim_path_ease_out
 .text.lv_anim_path_ease_in_out
                0x0001acd0       0x38 bin/lv_anim.o
                0x0001acd0                lv_anim_path_ease_in_out
 .text.lv_anim_path_step
                0x0001ad08       0x10 bin/lv_anim.o
                0x0001ad08                lv_anim_path_step
 .text.get_center
                0x0001ad18       0xc8 bin/lv_arc.o
 .text.lv_arc_constructor
                0x0001ade0       0x60 bin/lv_arc.o
 .text.inv_arc_area
                0x0001ae40      0x1e0 bin/lv_arc.o
 .text.lv_arc_create
                0x0001b020       0x18 bin/lv_arc.o
                0x0001b020                lv_arc_create
 .text.lv_arc_set_start_angle
                0x0001b038       0x84 bin/lv_arc.o
                0x0001b038                lv_arc_set_start_angle
 .text.lv_arc_set_end_angle
                0x0001b0bc       0x84 bin/lv_arc.o
                0x0001b0bc                lv_arc_set_end_angle
 .text.value_update
                0x0001b140       0xec bin/lv_arc.o
 .text.lv_arc_event
                0x0001b22c      0x774 bin/lv_arc.o
 .text.lv_arc_set_bg_angles
                0x0001b9a0      0x118 bin/lv_arc.o
                0x0001b9a0                lv_arc_set_bg_angles
 .text.lv_arc_set_rotation
                0x0001bab8        0x8 bin/lv_arc.o
                0x0001bab8                lv_arc_set_rotation
 .text.lv_area_set
                0x0001bac0       0x28 bin/lv_area.o
                0x0001bac0                lv_area_set
 .text.lv_area_set_width
                0x0001bae8        0xc bin/lv_area.o
                0x0001bae8                lv_area_set_width
 .text.lv_area_set_height
                0x0001baf4        0xc bin/lv_area.o
                0x0001baf4                lv_area_set_height
 .text.lv_area_get_size
                0x0001bb00       0x20 bin/lv_area.o
                0x0001bb00                lv_area_get_size
 .text.lv_area_increase
                0x0001bb20       0x3c bin/lv_area.o
                0x0001bb20                lv_area_increase
 .text.lv_area_move
                0x0001bb5c       0x38 bin/lv_area.o
                0x0001bb5c                lv_area_move
 .text._lv_area_intersect
                0x0001bb94       0x68 bin/lv_area.o
                0x0001bb94                _lv_area_intersect
 .text._lv_area_join
                0x0001bbfc       0x58 bin/lv_area.o
                0x0001bbfc                _lv_area_join
 .text._lv_area_is_point_on
                0x0001bc54      0x1c8 bin/lv_area.o
                0x0001bc54                _lv_area_is_point_on
 .text._lv_area_is_on
                0x0001be1c       0x3c bin/lv_area.o
                0x0001be1c                _lv_area_is_on
 .text._lv_area_is_in
                0x0001be58       0x94 bin/lv_area.o
                0x0001be58                _lv_area_is_in
 .text._lv_area_is_out
                0x0001beec       0x9c bin/lv_area.o
                0x0001beec                _lv_area_is_out
 .text.lv_area_get_width
                0x0001bf88        0xc bin/lv_bar.o
 .text.lv_area_get_height
                0x0001bf94        0xc bin/lv_bar.o
 .text.draw_indic
                0x0001bfa0      0x594 bin/lv_bar.o
 .text.lv_bar_destructor
                0x0001c534       0x1c bin/lv_bar.o
 .text.lv_bar_anim_ready
                0x0001c550       0x2c bin/lv_bar.o
 .text.lv_bar_anim
                0x0001c57c        0xc bin/lv_bar.o
 .text.lv_bar_event
                0x0001c588      0x120 bin/lv_bar.o
 .text.lv_bar_constructor
                0x0001c6a8       0x6c bin/lv_bar.o
 .text.lv_bar_set_value
                0x0001c714       0x8c bin/lv_bar.o
                0x0001c714                lv_bar_set_value
 .text.lv_bar_set_start_value
                0x0001c7a0       0x88 bin/lv_bar.o
                0x0001c7a0                lv_bar_set_start_value
 .text.lv_bar_get_value
                0x0001c828        0xc bin/lv_bar.o
                0x0001c828                lv_bar_get_value
 .text.lv_bar_get_start_value
                0x0001c834       0x1c bin/lv_bar.o
                0x0001c834                lv_bar_get_start_value
 .text.lv_bar_get_mode
                0x0001c850        0xc bin/lv_bar.o
                0x0001c850                lv_bar_get_mode
 .text.lv_btn_constructor
                0x0001c85c       0x1c bin/lv_btn.o
 .text.lv_btn_create
                0x0001c878       0x18 bin/lv_btn.o
                0x0001c878                lv_btn_create
 .text.get_button_from_point
                0x0001c890      0x1e4 bin/lv_btnmatrix.o
 .text.draw_main
                0x0001ca74      0x440 bin/lv_btnmatrix.o
 .text.lv_btnmatrix_destructor
                0x0001ceb4       0x18 bin/lv_btnmatrix.o
 .text.invalidate_button_area.part.0
                0x0001cecc       0xd4 bin/lv_btnmatrix.o
 .text.lv_btnmatrix_set_map.part.0
                0x0001cfa0      0x384 bin/lv_btnmatrix.o
 .text.lv_btnmatrix_constructor
                0x0001d324       0x2c bin/lv_btnmatrix.o
 .text.lv_btnmatrix_event
                0x0001d350      0x6b0 bin/lv_btnmatrix.o
 .text.lv_btnmatrix_create
                0x0001da00       0x18 bin/lv_btnmatrix.o
                0x0001da00                lv_btnmatrix_create
 .text.lv_btnmatrix_set_map
                0x0001da18        0x8 bin/lv_btnmatrix.o
                0x0001da18                lv_btnmatrix_set_map
 .text.lv_btnmatrix_set_ctrl_map
                0x0001da20       0x20 bin/lv_btnmatrix.o
                0x0001da20                lv_btnmatrix_set_ctrl_map
 .text.lv_btnmatrix_set_selected_btn
                0x0001da40       0x40 bin/lv_btnmatrix.o
                0x0001da40                lv_btnmatrix_set_selected_btn
 .text.lv_btnmatrix_set_btn_ctrl
                0x0001da80       0x60 bin/lv_btnmatrix.o
                0x0001da80                lv_btnmatrix_set_btn_ctrl
 .text.lv_btnmatrix_set_btn_ctrl_all
                0x0001dae0       0xac bin/lv_btnmatrix.o
                0x0001dae0                lv_btnmatrix_set_btn_ctrl_all
 .text.lv_btnmatrix_clear_btn_ctrl_all
                0x0001db8c       0x5c bin/lv_btnmatrix.o
                0x0001db8c                lv_btnmatrix_clear_btn_ctrl_all
 .text.lv_btnmatrix_set_one_checked
                0x0001dbe8       0x8c bin/lv_btnmatrix.o
                0x0001dbe8                lv_btnmatrix_set_one_checked
 .text.lv_btnmatrix_get_selected_btn
                0x0001dc74        0x4 bin/lv_btnmatrix.o
                0x0001dc74                lv_btnmatrix_get_selected_btn
 .text.lv_btnmatrix_get_btn_text
                0x0001dc78       0x60 bin/lv_btnmatrix.o
                0x0001dc78                lv_btnmatrix_get_btn_text
 .text.lv_btnmatrix_has_btn_ctrl
                0x0001dcd8       0x1c bin/lv_btnmatrix.o
                0x0001dcd8                lv_btnmatrix_has_btn_ctrl
 .text.draw_part_begin_event_cb
                0x0001dcf4       0xb0 bin/lv_calendar.o
 .text.highlight_update
                0x0001dda4       0xe4 bin/lv_calendar.o
 .text.lv_calendar_set_showed_date
                0x0001de88      0x2cc bin/lv_calendar.o
                0x0001de88                lv_calendar_set_showed_date
 .text.lv_calendar_constructor
                0x0001e154       0xfc bin/lv_calendar.o
 .text.lv_calendar_get_showed_date
                0x0001e250        0x4 bin/lv_calendar.o
                0x0001e250                lv_calendar_get_showed_date
 .text.my_constructor
                0x0001e254       0xe0 bin/lv_calendar_header_arrow.o
 .text.value_changed_event_cb
                0x0001e334       0x3c bin/lv_calendar_header_arrow.o
 .text.month_event_cb
                0x0001e370       0x80 bin/lv_calendar_header_arrow.o
 .text.my_constructor
                0x0001e3f0       0x90 bin/lv_calendar_header_dropdown.o
 .text.value_changed_event_cb
                0x0001e480       0x40 bin/lv_calendar_header_dropdown.o
 .text.month_event_cb
                0x0001e4c0       0x30 bin/lv_calendar_header_dropdown.o
 .text.year_event_cb
                0x0001e4f0       0x38 bin/lv_calendar_header_dropdown.o
 .text.draw_y_ticks
                0x0001e528      0x470 bin/lv_chart.o
 .text.draw_x_ticks
                0x0001e998      0x500 bin/lv_chart.o
 .text.lv_chart_destructor
                0x0001ee98       0x54 bin/lv_chart.o
 .text.lv_chart_constructor
                0x0001eeec       0x50 bin/lv_chart.o
 .text.invalidate_point.part.0
                0x0001ef3c      0x188 bin/lv_chart.o
 .text.lv_chart_get_point_pos_by_id
                0x0001f0c4      0x21c bin/lv_chart.o
                0x0001f0c4                lv_chart_get_point_pos_by_id
 .text.draw_cursors
                0x0001f2e0      0x340 bin/lv_chart.o
 .text.lv_chart_event
                0x0001f620     0x149c bin/lv_chart.o
 .text.lv_checkbox_constructor
                0x00020abc       0x38 bin/lv_checkbox.o
 .text.lv_checkbox_event
                0x00020af4      0x38c bin/lv_checkbox.o
 .text.lv_checkbox_destructor
                0x00020e80       0x1c bin/lv_checkbox.o
 .text.lv_color_fill
                0x00020e9c       0xb0 bin/lv_color.o
                0x00020e9c                lv_color_fill
 .text.lv_color_darken
                0x00020f4c       0x50 bin/lv_color.o
                0x00020f4c                lv_color_darken
 .text.lv_color_hsv_to_rgb
                0x00020f9c       0xf8 bin/lv_color.o
                0x00020f9c                lv_color_hsv_to_rgb
 .text.lv_palette_main
                0x00021094       0x14 bin/lv_color.o
                0x00021094                lv_palette_main
 .text.lv_palette_lighten
                0x000210a8       0x24 bin/lv_color.o
                0x000210a8                lv_palette_lighten
 .text.lv_palette_darken
                0x000210cc       0x24 bin/lv_color.o
                0x000210cc                lv_palette_darken
 .text.get_knob_area
                0x000210f0       0xa0 bin/lv_colorwheel.o
 .text.refr_knob_pos
                0x00021190       0xac bin/lv_colorwheel.o
 .text.lv_colorwheel_constructor
                0x0002123c       0x50 bin/lv_colorwheel.o
 .text.lv_colorwheel_event
                0x0002128c      0xcc8 bin/lv_colorwheel.o
 .text.monitor_cb
                0x00021f54       0x7c bin/lv_demo_benchmark.o
 .text.arc_anim_end_angle_cb
                0x00021fd0        0x8 bin/lv_demo_benchmark.o
 .text.fall_anim
                0x00021fd8       0xd0 bin/lv_demo_benchmark.o
 .text.fall_anim_y_cb
                0x000220a8        0x8 bin/lv_demo_benchmark.o
 .text.benchmark_init
                0x000220b0      0x118 bin/lv_demo_benchmark.o
 .text.next_scene_timer_cb
                0x000221c8      0x5b0 bin/lv_demo_benchmark.o
 .text.arc_create.constprop.0
                0x00022778      0x19c bin/lv_demo_benchmark.o
 .text.arc_think_cb
                0x00022914       0x34 bin/lv_demo_benchmark.o
 .text.arc_thick_cb
                0x00022948       0x34 bin/lv_demo_benchmark.o
 .text.line_cb  0x0002297c      0x198 bin/lv_demo_benchmark.o
 .text.txt_create.constprop.0
                0x00022b14       0xac bin/lv_demo_benchmark.o
 .text.txt_small_cb
                0x00022bc0       0x5c bin/lv_demo_benchmark.o
 .text.txt_medium_cb
                0x00022c1c       0x5c bin/lv_demo_benchmark.o
 .text.txt_large_cb
                0x00022c78       0x50 bin/lv_demo_benchmark.o
 .text.img_create.constprop.0
                0x00022cc8      0x1d8 bin/lv_demo_benchmark.o
 .text.img_rgb_cb
                0x00022ea0       0x5c bin/lv_demo_benchmark.o
 .text.img_argb_cb
                0x00022efc       0x5c bin/lv_demo_benchmark.o
 .text.img_ckey_cb
                0x00022f58       0x5c bin/lv_demo_benchmark.o
 .text.img_index_cb
                0x00022fb4       0x5c bin/lv_demo_benchmark.o
 .text.img_alpha_cb
                0x00023010       0x5c bin/lv_demo_benchmark.o
 .text.img_rgb_recolor_cb
                0x0002306c       0x64 bin/lv_demo_benchmark.o
 .text.img_argb_recolor_cb
                0x000230d0       0x64 bin/lv_demo_benchmark.o
 .text.img_ckey_recolor_cb
                0x00023134       0x64 bin/lv_demo_benchmark.o
 .text.img_index_recolor_cb
                0x00023198       0x64 bin/lv_demo_benchmark.o
 .text.img_rgb_zoom_cb
                0x000231fc       0x5c bin/lv_demo_benchmark.o
 .text.img_rgb_zoom_aa_cb
                0x00023258       0x5c bin/lv_demo_benchmark.o
 .text.img_argb_zoom_cb
                0x000232b4       0x5c bin/lv_demo_benchmark.o
 .text.img_argb_zoom_aa_cb
                0x00023310       0x5c bin/lv_demo_benchmark.o
 .text.img_create.constprop.1
                0x0002336c      0x11c bin/lv_demo_benchmark.o
 .text.img_rgb_rot_cb
                0x00023488       0x58 bin/lv_demo_benchmark.o
 .text.img_rgb_rot_aa_cb
                0x000234e0       0x58 bin/lv_demo_benchmark.o
 .text.img_argb_rot_cb
                0x00023538       0x58 bin/lv_demo_benchmark.o
 .text.img_argb_rot_aa_cb
                0x00023590       0x58 bin/lv_demo_benchmark.o
 .text.rect_create.constprop.0
                0x000235e8      0x18c bin/lv_demo_benchmark.o
 .text.rectangle_cb
                0x00023774       0x2c bin/lv_demo_benchmark.o
 .text.rectangle_rounded_cb
                0x000237a0       0x34 bin/lv_demo_benchmark.o
 .text.rectangle_circle_cb
                0x000237d4       0x34 bin/lv_demo_benchmark.o
 .text.border_cb
                0x00023808       0x34 bin/lv_demo_benchmark.o
 .text.border_rounded_cb
                0x0002383c       0x3c bin/lv_demo_benchmark.o
 .text.border_circle_cb
                0x00023878       0x3c bin/lv_demo_benchmark.o
 .text.border_top_cb
                0x000238b4       0x44 bin/lv_demo_benchmark.o
 .text.border_left_cb
                0x000238f8       0x44 bin/lv_demo_benchmark.o
 .text.border_top_left_cb
                0x0002393c       0x44 bin/lv_demo_benchmark.o
 .text.border_left_right_cb
                0x00023980       0x44 bin/lv_demo_benchmark.o
 .text.border_top_bottom_cb
                0x000239c4       0x44 bin/lv_demo_benchmark.o
 .text.shadow_small_cb
                0x00023a08       0x44 bin/lv_demo_benchmark.o
 .text.shadow_small_ofs_cb
                0x00023a4c       0x5c bin/lv_demo_benchmark.o
 .text.shadow_large_cb
                0x00023aa8       0x44 bin/lv_demo_benchmark.o
 .text.shadow_large_ofs_cb
                0x00023aec       0x5c bin/lv_demo_benchmark.o
 .text.lv_demo_benchmark
                0x00023b48       0x10 bin/lv_demo_benchmark.o
                0x00023b48                lv_demo_benchmark
 .text.lv_demo_benchmark_set_max_speed
                0x00023b58        0xc bin/lv_demo_benchmark.o
                0x00023b58                lv_demo_benchmark_set_max_speed
 .text.lv_disp_get_scr_act
                0x00023b64       0x14 bin/lv_disp.o
                0x00023b64                lv_disp_get_scr_act
 .text.lv_disp_get_scr_prev
                0x00023b78       0x14 bin/lv_disp.o
                0x00023b78                lv_disp_get_scr_prev
 .text.lv_disp_get_layer_top
                0x00023b8c       0x14 bin/lv_disp.o
                0x00023b8c                lv_disp_get_layer_top
 .text.lv_disp_get_layer_sys
                0x00023ba0       0x14 bin/lv_disp.o
                0x00023ba0                lv_disp_get_layer_sys
 .text.lv_disp_get_theme
                0x00023bb4       0x10 bin/lv_disp.o
                0x00023bb4                lv_disp_get_theme
 .text._lv_disp_get_refr_timer
                0x00023bc4       0x14 bin/lv_disp.o
                0x00023bc4                _lv_disp_get_refr_timer
 .text.get_rounded_area
                0x00023bd8       0x98 bin/lv_draw_arc.o
 .text.lv_draw_arc_dsc_init
                0x00023c70       0x1c bin/lv_draw_arc.o
                0x00023c70                lv_draw_arc_dsc_init
 .text.lv_draw_arc
                0x00023c8c      0xd34 bin/lv_draw_arc.o
                0x00023c8c                lv_draw_arc
 .text.lv_draw_arc_get_area
                0x000249c0      0x4c4 bin/lv_draw_arc.o
                0x000249c0                lv_draw_arc_get_area
 .text.color_blend_true_color_additive
                0x00024e84       0xa0 bin/lv_draw_blend.o
 .text.color_blend_true_color_subtractive
                0x00024f24       0x98 bin/lv_draw_blend.o
 .text.color_blend_true_color_multiply
                0x00024fbc       0x98 bin/lv_draw_blend.o
 .text._lv_blend_fill
                0x00025054      0xb64 bin/lv_draw_blend.o
                0x00025054                _lv_blend_fill
 .text._lv_blend_map
                0x00025bb8      0xc30 bin/lv_draw_blend.o
                0x00025bb8                _lv_blend_map
 .text.lv_draw_map
                0x000267e8      0x7bc bin/lv_draw_img.o
 .text.lv_draw_img_dsc_init
                0x00026fa4       0x24 bin/lv_draw_img.o
                0x00026fa4                lv_draw_img_dsc_init
 .text.lv_draw_img
                0x00026fc8      0x2b4 bin/lv_draw_img.o
                0x00026fc8                lv_draw_img
 .text.lv_img_cf_get_px_size
                0x0002727c       0x14 bin/lv_draw_img.o
                0x0002727c                lv_img_cf_get_px_size
 .text.lv_img_cf_is_chroma_keyed
                0x00027290       0x14 bin/lv_draw_img.o
                0x00027290                lv_img_cf_is_chroma_keyed
 .text.lv_img_cf_has_alpha
                0x000272a4       0x14 bin/lv_draw_img.o
                0x000272a4                lv_img_cf_has_alpha
 .text.lv_img_src_get_type
                0x000272b8       0x1c bin/lv_draw_img.o
                0x000272b8                lv_img_src_get_type
 .text.lv_draw_label_dsc_init
                0x000272d4       0x38 bin/lv_draw_label.o
                0x000272d4                lv_draw_label_dsc_init
 .text.lv_draw_letter_inter
                0x0002730c      0x434 bin/lv_draw_label.o
                0x0002730c                lv_draw_letter_inter
 .text.lv_draw_label
                0x00027740      0xa68 bin/lv_draw_label.o
                0x00027740                lv_draw_label
 .text.lv_draw_line_dsc_init
                0x000281a8       0x1c bin/lv_draw_line.o
                0x000281a8                lv_draw_line_dsc_init
 .text.lv_draw_line
                0x000281c4      0x9bc bin/lv_draw_line.o
                0x000281c4                lv_draw_line
 .text.lv_draw_mask_radius
                0x00028b80      0x338 bin/lv_draw_mask.o
 .text.lv_draw_mask_line
                0x00028eb8      0x530 bin/lv_draw_mask.o
 .text.lv_draw_mask_angle
                0x000293e8      0x38c bin/lv_draw_mask.o
 .text.lv_draw_mask_add
                0x00029774       0xb4 bin/lv_draw_mask.o
                0x00029774                lv_draw_mask_add
 .text.lv_draw_mask_apply
                0x00029828       0x50 bin/lv_draw_mask.o
                0x00029828                lv_draw_mask_apply
 .text.lv_draw_mask_remove_id
                0x00029878       0x24 bin/lv_draw_mask.o
                0x00029878                lv_draw_mask_remove_id
 .text.lv_draw_mask_remove_custom
                0x0002989c      0x148 bin/lv_draw_mask.o
                0x0002989c                lv_draw_mask_remove_custom
 .text.lv_draw_mask_free_param
                0x000299e4       0x30 bin/lv_draw_mask.o
                0x000299e4                lv_draw_mask_free_param
 .text._lv_draw_mask_cleanup
                0x00029a14       0x38 bin/lv_draw_mask.o
                0x00029a14                _lv_draw_mask_cleanup
 .text.lv_draw_mask_is_any
                0x00029a4c       0x5c bin/lv_draw_mask.o
                0x00029a4c                lv_draw_mask_is_any
 .text.lv_draw_mask_line_points_init
                0x00029aa8      0x154 bin/lv_draw_mask.o
                0x00029aa8                lv_draw_mask_line_points_init
 .text.lv_draw_mask_angle_init
                0x00029bfc      0x270 bin/lv_draw_mask.o
                0x00029bfc                lv_draw_mask_angle_init
 .text.lv_draw_mask_radius_init
                0x00029e6c      0x62c bin/lv_draw_mask.o
                0x00029e6c                lv_draw_mask_radius_init
 .text.shadow_blur_corner
                0x0002a498      0x240 bin/lv_draw_rect.o
 .text.lv_draw_rect_dsc_init
                0x0002a6d8       0x50 bin/lv_draw_rect.o
                0x0002a6d8                lv_draw_rect_dsc_init
 .text.draw_border_generic
                0x0002a728      0xa1c bin/lv_draw_rect.o
                0x0002a728                draw_border_generic
 .text.lv_draw_rect
                0x0002b144     0x1eb8 bin/lv_draw_rect.o
                0x0002b144                lv_draw_rect
 .text.lv_dropdownlist_destructor
                0x0002cffc        0x8 bin/lv_dropdown.o
 .text.position_to_selected
                0x0002d004       0x60 bin/lv_dropdown.o
 .text.draw_box
                0x0002d064       0xd4 bin/lv_dropdown.o
 .text.draw_box_label
                0x0002d138       0xe0 bin/lv_dropdown.o
 .text.lv_dropdownlist_constructor
                0x0002d218       0x18 bin/lv_dropdown.o
 .text.lv_dropdown_destructor
                0x0002d230       0x28 bin/lv_dropdown.o
 .text.lv_dropdown_constructor
                0x0002d258       0x9c bin/lv_dropdown.o
 .text.lv_dropdown_list_event
                0x0002d2f4      0x29c bin/lv_dropdown.o
 .text.lv_dropdown_create
                0x0002d590       0x18 bin/lv_dropdown.o
                0x0002d590                lv_dropdown_create
 .text.lv_dropdown_set_options
                0x0002d5a8       0xe8 bin/lv_dropdown.o
                0x0002d5a8                lv_dropdown_set_options
 .text.lv_dropdown_set_selected
                0x0002d690       0x28 bin/lv_dropdown.o
                0x0002d690                lv_dropdown_set_selected
 .text.lv_dropdown_get_selected
                0x0002d6b8        0x4 bin/lv_dropdown.o
                0x0002d6b8                lv_dropdown_get_selected
 .text.lv_dropdown_open
                0x0002d6bc      0x280 bin/lv_dropdown.o
                0x0002d6bc                lv_dropdown_open
 .text.btn_release_handler.isra.0
                0x0002d93c       0x94 bin/lv_dropdown.o
 .text.lv_dropdown_event
                0x0002d9d0      0x500 bin/lv_dropdown.o
 .text.event_send_core
                0x0002ded0      0x104 bin/lv_event.o
 .text.lv_event_send
                0x0002dfd4       0x40 bin/lv_event.o
                0x0002dfd4                lv_event_send
 .text.lv_obj_event_base
                0x0002e014       0x34 bin/lv_event.o
                0x0002e014                lv_obj_event_base
 .text.lv_event_get_target
                0x0002e048        0x4 bin/lv_event.o
                0x0002e048                lv_event_get_target
 .text.lv_event_get_code
                0x0002e04c        0x4 bin/lv_event.o
                0x0002e04c                lv_event_get_code
 .text.lv_event_get_param
                0x0002e050        0x4 bin/lv_event.o
                0x0002e050                lv_event_get_param
 .text.lv_event_get_user_data
                0x0002e054        0x4 bin/lv_event.o
                0x0002e054                lv_event_get_user_data
 .text._lv_event_mark_deleted
                0x0002e058       0x2c bin/lv_event.o
                0x0002e058                _lv_event_mark_deleted
 .text.lv_obj_add_event_cb
                0x0002e084       0x88 bin/lv_event.o
                0x0002e084                lv_obj_add_event_cb
 .text.lv_event_get_indev
                0x0002e10c       0x10 bin/lv_event.o
                0x0002e10c                lv_event_get_indev
 .text.lv_event_set_ext_draw_size
                0x0002e11c       0x18 bin/lv_event.o
                0x0002e11c                lv_event_set_ext_draw_size
 .text.lv_area_get_width
                0x0002e134        0xc bin/lv_flex.o
 .text.lv_area_get_height
                0x0002e140        0xc bin/lv_flex.o
 .text.place_content
                0x0002e14c       0xb0 bin/lv_flex.o
 .text.find_track_end
                0x0002e1fc      0x280 bin/lv_flex.o
 .text.flex_update
                0x0002e47c      0x904 bin/lv_flex.o
 .text.lv_flex_init
                0x0002ed80       0x54 bin/lv_flex.o
                0x0002ed80                lv_flex_init
 .text.lv_obj_set_flex_flow
                0x0002edd4       0x28 bin/lv_flex.o
                0x0002edd4                lv_obj_set_flex_flow
 .text.lv_obj_set_flex_align
                0x0002edfc       0x50 bin/lv_flex.o
                0x0002edfc                lv_obj_set_flex_align
 .text.lv_obj_set_flex_grow
                0x0002ee4c       0x24 bin/lv_flex.o
                0x0002ee4c                lv_obj_set_flex_grow
 .text.lv_font_get_glyph_bitmap
                0x0002ee70       0x38 bin/lv_font.o
                0x0002ee70                lv_font_get_glyph_bitmap
 .text.lv_font_get_glyph_dsc
                0x0002eea8       0x40 bin/lv_font.o
                0x0002eea8                lv_font_get_glyph_dsc
 .text.lv_font_get_glyph_width
                0x0002eee8       0x48 bin/lv_font.o
                0x0002eee8                lv_font_get_glyph_width
 .text.kern_pair_8_compare
                0x0002ef30       0x14 bin/lv_font_fmt_txt.o
 .text.kern_pair_16_compare
                0x0002ef44       0x14 bin/lv_font_fmt_txt.o
 .text.unicode_list_compare
                0x0002ef58        0x8 bin/lv_font_fmt_txt.o
 .text.lv_font_get_bitmap_fmt_txt
                0x0002ef60      0x10c bin/lv_font_fmt_txt.o
                0x0002ef60                lv_font_get_bitmap_fmt_txt
 .text.lv_font_get_glyph_dsc_fmt_txt
                0x0002f06c      0x340 bin/lv_font_fmt_txt.o
                0x0002f06c                lv_font_get_glyph_dsc_fmt_txt
 .text._lv_font_clean_up_fmt_txt
                0x0002f3ac        0x4 bin/lv_font_fmt_txt.o
                0x0002f3ac                _lv_font_clean_up_fmt_txt
 .text._lv_fs_init
                0x0002f3b0        0xc bin/lv_fs.o
                0x0002f3b0                _lv_fs_init
 .text.lv_fs_open
                0x0002f3bc       0x7c bin/lv_fs.o
                0x0002f3bc                lv_fs_open
 .text.lv_fs_close
                0x0002f438       0x20 bin/lv_fs.o
                0x0002f438                lv_fs_close
 .text.lv_fs_read
                0x0002f458       0x40 bin/lv_fs.o
                0x0002f458                lv_fs_read
 .text.lv_fs_seek
                0x0002f498       0x28 bin/lv_fs.o
                0x0002f498                lv_fs_seek
 .text.lv_fs_get_ext
                0x0002f4c0       0x30 bin/lv_fs.o
                0x0002f4c0                lv_fs_get_ext
 .text.lv_gpu_ambiq_nema_cl_create_bind
                0x0002f4f0      0x36c bin/lv_gpu_ambiq_nema.o
 *fill*         0x0002f85c        0x4 
 .text.lv_gpu_ambiq_nema_init
                0x0002f860       0xd8 bin/lv_gpu_ambiq_nema.o
                0x0002f860                lv_gpu_ambiq_nema_init
 .text.lv_gpu_ambiq_nema_wait
                0x0002f938       0x50 bin/lv_gpu_ambiq_nema.o
                0x0002f938                lv_gpu_ambiq_nema_wait
 .text.lv_gpu_ambiq_nema_fill
                0x0002f988      0x17c bin/lv_gpu_ambiq_nema.o
                0x0002f988                lv_gpu_ambiq_nema_fill
 .text.lv_gpu_ambiq_nema_map
                0x0002fb04      0x1b4 bin/lv_gpu_ambiq_nema.o
                0x0002fb04                lv_gpu_ambiq_nema_map
 .text.lv_gpu_ambiq_nema_gpu_only_fb
                0x0002fcb8       0x10 bin/lv_gpu_ambiq_nema.o
                0x0002fcb8                lv_gpu_ambiq_nema_gpu_only_fb
 .text.lv_gpu_ambiq_nema_blit
                0x0002fcc8      0x378 bin/lv_gpu_ambiq_nema.o
                0x0002fcc8                lv_gpu_ambiq_nema_blit
 .text.lv_gpu_ambiq_nema_draw_label_pre
                0x00030040       0x78 bin/lv_gpu_ambiq_nema.o
                0x00030040                lv_gpu_ambiq_nema_draw_label_pre
 .text.lv_gpu_ambiq_nema_draw_label_post
                0x000300b8       0x84 bin/lv_gpu_ambiq_nema.o
                0x000300b8                lv_gpu_ambiq_nema_draw_label_post
 .text.lv_gpu_ambiq_nema_draw_letter
                0x0003013c      0x1b8 bin/lv_gpu_ambiq_nema.o
                0x0003013c                lv_gpu_ambiq_nema_draw_letter
 .text.lv_gpu_ambiq_nema_draw_border
                0x000302f4      0x1fc bin/lv_gpu_ambiq_nema.o
                0x000302f4                lv_gpu_ambiq_nema_draw_border
 .text.lv_gpu_ambiq_nema_draw_outline
                0x000304f0      0x1dc bin/lv_gpu_ambiq_nema.o
                0x000304f0                lv_gpu_ambiq_nema_draw_outline
 .text.lv_gpu_ambiq_nema_draw_bg
                0x000306cc      0x120 bin/lv_gpu_ambiq_nema.o
                0x000306cc                lv_gpu_ambiq_nema_draw_bg
 .text.lv_gpu_ambiq_nema_draw_bg_img
                0x000307ec      0x248 bin/lv_gpu_ambiq_nema.o
                0x000307ec                lv_gpu_ambiq_nema_draw_bg_img
 .text.lv_gpu_ambiq_nema_draw_line
                0x00030a34      0x280 bin/lv_gpu_ambiq_nema.o
                0x00030a34                lv_gpu_ambiq_nema_draw_line
 .text.lv_gpu_ambiq_nema_draw_arc
                0x00030cb4      0x1ac bin/lv_gpu_ambiq_nema.o
                0x00030cb4                lv_gpu_ambiq_nema_draw_arc
 .text.grid_update
                0x00030e60      0xbc0 bin/lv_grid.o
 .text.lv_grid_init
                0x00031a20       0xb8 bin/lv_grid.o
                0x00031a20                lv_grid_init
 .text.focus_next_core.part.0
                0x00031ad8      0x1c0 bin/lv_group.o
 .text._lv_group_init
                0x00031c98        0xc bin/lv_group.o
                0x00031c98                _lv_group_init
 .text.lv_group_get_default
                0x00031ca4        0xc bin/lv_group.o
                0x00031ca4                lv_group_get_default
 .text.lv_group_add_obj
                0x00031cb0      0x11c bin/lv_group.o
                0x00031cb0                lv_group_add_obj
 .text.lv_group_remove_obj
                0x00031dcc      0x134 bin/lv_group.o
                0x00031dcc                lv_group_remove_obj
 .text.lv_group_set_editing
                0x00031f00       0x9c bin/lv_group.o
                0x00031f00                lv_group_set_editing
 .text.lv_group_get_editing
                0x00031f9c        0xc bin/lv_group.o
                0x00031f9c                lv_group_get_editing
 .text.lv_disp_drv_init
                0x00031fa8       0x38 bin/lv_hal_disp.o
                0x00031fa8                lv_disp_drv_init
 .text.lv_disp_draw_buf_init
                0x00031fe0       0x1c bin/lv_hal_disp.o
                0x00031fe0                lv_disp_draw_buf_init
 .text.lv_disp_drv_register
                0x00031ffc      0x154 bin/lv_hal_disp.o
                0x00031ffc                lv_disp_drv_register
 .text.lv_disp_get_default
                0x00032150        0xc bin/lv_hal_disp.o
                0x00032150                lv_disp_get_default
 .text.lv_disp_get_hor_res
                0x0003215c       0x24 bin/lv_hal_disp.o
                0x0003215c                lv_disp_get_hor_res
 .text.lv_disp_get_ver_res
                0x00032180       0x24 bin/lv_hal_disp.o
                0x00032180                lv_disp_get_ver_res
 .text.lv_disp_get_dpi
                0x000321a4       0x20 bin/lv_hal_disp.o
                0x000321a4                lv_disp_get_dpi
 .text.lv_disp_flush_ready
                0x000321c4        0xc bin/lv_hal_disp.o
                0x000321c4                lv_disp_flush_ready
 .text.lv_disp_get_next
                0x000321d0       0x14 bin/lv_hal_disp.o
                0x000321d0                lv_disp_get_next
 .text.lv_disp_get_draw_buf
                0x000321e4        0x8 bin/lv_hal_disp.o
                0x000321e4                lv_disp_get_draw_buf
 .text.lv_indev_get_next
                0x000321ec       0x14 bin/lv_hal_indev.o
                0x000321ec                lv_indev_get_next
 .text.lv_tick_get
                0x00032200        0x4 bin/lv_hal_tick.o
                0x00032200                lv_tick_get
 .text.lv_tick_elaps
                0x00032204        0xc bin/lv_hal_tick.o
                0x00032204                lv_tick_elaps
 .text.lv_img_get_transformed_size
                0x00032210       0x70 bin/lv_img.o
 .text.lv_img_constructor
                0x00032280       0x54 bin/lv_img.o
 .text.lv_img_destructor
                0x000322d4       0x2c bin/lv_img.o
 .text.lv_img_create
                0x00032300       0x18 bin/lv_img.o
                0x00032300                lv_img_create
 .text.lv_img_set_src
                0x00032318      0x1d4 bin/lv_img.o
                0x00032318                lv_img_set_src
 .text.lv_img_event
                0x000324ec      0x760 bin/lv_img.o
 .text.lv_img_set_angle
                0x00032c4c      0x120 bin/lv_img.o
                0x00032c4c                lv_img_set_angle
 .text.lv_img_set_zoom
                0x00032d6c      0x120 bin/lv_img.o
                0x00032d6c                lv_img_set_zoom
 .text.lv_img_set_antialias
                0x00032e8c       0x18 bin/lv_img.o
                0x00032e8c                lv_img_set_antialias
 .text.lv_img_buf_get_px_color
                0x00032ea4       0xe4 bin/lv_img_buf.o
                0x00032ea4                lv_img_buf_get_px_color
 .text.lv_img_buf_get_px_alpha
                0x00032f88      0x108 bin/lv_img_buf.o
                0x00032f88                lv_img_buf_get_px_alpha
 .text._lv_img_buf_transform_init
                0x00033090      0x118 bin/lv_img_buf.o
                0x00033090                _lv_img_buf_transform_init
 .text._lv_img_buf_get_transformed_area
                0x000331a8      0x1d8 bin/lv_img_buf.o
                0x000331a8                _lv_img_buf_get_transformed_area
 .text._lv_img_buf_transform_anti_alias
                0x00033380      0x400 bin/lv_img_buf.o
                0x00033380                _lv_img_buf_transform_anti_alias
 .text._lv_img_buf_transform
                0x00033780      0x188 bin/lv_img_buf.o
                0x00033780                _lv_img_buf_transform
 .text._lv_img_cache_open
                0x00033908       0x54 bin/lv_img_cache.o
                0x00033908                _lv_img_cache_open
 .text.lv_img_decoder_built_in_info
                0x0003395c       0xb4 bin/lv_img_decoder.o
                0x0003395c                lv_img_decoder_built_in_info
 .text.lv_img_decoder_built_in_close
                0x00033a10       0x34 bin/lv_img_decoder.o
                0x00033a10                lv_img_decoder_built_in_close
 .text.lv_img_decoder_built_in_read_line
                0x00033a44      0x378 bin/lv_img_decoder.o
                0x00033a44                lv_img_decoder_built_in_read_line
 .text.lv_img_decoder_built_in_open
                0x00033dbc      0x2a4 bin/lv_img_decoder.o
                0x00033dbc                lv_img_decoder_built_in_open
 .text._lv_img_decoder_init
                0x00034060       0x74 bin/lv_img_decoder.o
                0x00034060                _lv_img_decoder_init
 .text.lv_img_decoder_get_info
                0x000340d4       0x60 bin/lv_img_decoder.o
                0x000340d4                lv_img_decoder_get_info
 .text.lv_img_decoder_open
                0x00034134      0x10c bin/lv_img_decoder.o
                0x00034134                lv_img_decoder_open
 .text.lv_img_decoder_read_line
                0x00034240       0x24 bin/lv_img_decoder.o
                0x00034240                lv_img_decoder_read_line
 .text.lv_img_decoder_close
                0x00034264       0x24 bin/lv_img_decoder.o
                0x00034264                lv_img_decoder_close
 .text.lv_img_decoder_create
                0x00034288       0x4c bin/lv_img_decoder.o
                0x00034288                lv_img_decoder_create
 .text.lv_img_decoder_set_info_cb
                0x000342d4        0x4 bin/lv_img_decoder.o
                0x000342d4                lv_img_decoder_set_info_cb
 .text.lv_indev_get_act
                0x000342d8        0xc bin/lv_indev.o
                0x000342d8                lv_indev_get_act
 .text.lv_indev_get_type
                0x000342e4        0x8 bin/lv_indev.o
                0x000342e4                lv_indev_get_type
 .text.lv_indev_reset
                0x000342ec       0xd8 bin/lv_indev.o
                0x000342ec                lv_indev_reset
 .text.lv_indev_reset_long_press
                0x000343c4       0x1c bin/lv_indev.o
                0x000343c4                lv_indev_reset_long_press
 .text.lv_indev_get_point
                0x000343e0       0x30 bin/lv_indev.o
                0x000343e0                lv_indev_get_point
 .text.lv_indev_get_scroll_dir
                0x00034410       0x1c bin/lv_indev.o
                0x00034410                lv_indev_get_scroll_dir
 .text.lv_indev_get_scroll_obj
                0x0003442c       0x18 bin/lv_indev.o
                0x0003442c                lv_indev_get_scroll_obj
 .text.lv_indev_get_vect
                0x00034444       0x20 bin/lv_indev.o
                0x00034444                lv_indev_get_vect
 .text.lv_indev_wait_release
                0x00034464        0xc bin/lv_indev.o
                0x00034464                lv_indev_wait_release
 .text.lv_indev_get_obj_act
                0x00034470        0xc bin/lv_indev.o
                0x00034470                lv_indev_get_obj_act
 .text.lv_indev_scroll_throw_predict
                0x0003447c       0x4c bin/lv_indev_scroll.o
                0x0003447c                lv_indev_scroll_throw_predict
 .text.lv_keyboard_def_event_cb
                0x000344c8      0x248 bin/lv_keyboard.o
                0x000344c8                lv_keyboard_def_event_cb
 .text.lv_keyboard_update_map
                0x00034710       0x88 bin/lv_keyboard.o
 .text.lv_keyboard_constructor
                0x00034798       0x48 bin/lv_keyboard.o
 .text.lv_label_destructor
                0x000347e0       0x3c bin/lv_label.o
 .text.set_ofs_y_anim
                0x0003481c        0x8 bin/lv_label.o
 .text.set_ofs_x_anim
                0x00034824        0x8 bin/lv_label.o
 .text.lv_label_revert_dots.part.0
                0x0003482c       0x80 bin/lv_label.o
 .text.lv_label_create
                0x000348ac       0x18 bin/lv_label.o
                0x000348ac                lv_label_create
 .text.lv_label_set_text_sel_start
                0x000348c4        0x8 bin/lv_label.o
                0x000348c4                lv_label_set_text_sel_start
 .text.lv_label_set_text_sel_end
                0x000348cc        0x8 bin/lv_label.o
                0x000348cc                lv_label_set_text_sel_end
 .text.lv_label_get_text
                0x000348d4        0x4 bin/lv_label.o
                0x000348d4                lv_label_get_text
 .text.lv_label_get_letter_pos
                0x000348d8      0x23c bin/lv_label.o
                0x000348d8                lv_label_get_letter_pos
 .text.lv_label_get_letter_on
                0x00034b14      0x2e0 bin/lv_label.o
                0x00034b14                lv_label_get_letter_on
 .text.lv_label_refr_text.part.0
                0x00034df4      0x574 bin/lv_label.o
 .text.lv_label_set_text
                0x00035368       0xc4 bin/lv_label.o
                0x00035368                lv_label_set_text
 .text.lv_label_set_text_fmt
                0x0003542c       0x80 bin/lv_label.o
                0x0003542c                lv_label_set_text_fmt
 .text.lv_label_set_text_static
                0x000354ac       0x40 bin/lv_label.o
                0x000354ac                lv_label_set_text_static
 .text.lv_label_set_long_mode
                0x000354ec       0x68 bin/lv_label.o
                0x000354ec                lv_label_set_long_mode
 .text.lv_label_event
                0x00035554      0x3cc bin/lv_label.o
 .text.lv_label_constructor
                0x00035920       0x98 bin/lv_label.o
 .text.lv_label_is_char_under_pos
                0x000359b8      0x2b0 bin/lv_label.o
                0x000359b8                lv_label_is_char_under_pos
 .text.lv_label_get_text_selection_start
                0x00035c68        0x4 bin/lv_label.o
                0x00035c68                lv_label_get_text_selection_start
 .text.lv_label_get_text_selection_end
                0x00035c6c        0x4 bin/lv_label.o
                0x00035c6c                lv_label_get_text_selection_end
 .text.lv_label_ins_text
                0x00035c70       0xc4 bin/lv_label.o
                0x00035c70                lv_label_ins_text
 .text.lv_led_constructor
                0x00035d34       0x14 bin/lv_led.o
 .text.lv_led_event
                0x00035d48      0x3cc bin/lv_led.o
 .text.lv_line_constructor
                0x00036114       0x1c bin/lv_line.o
 .text.lv_line_event
                0x00036130      0x198 bin/lv_line.o
 .text.lv_line_create
                0x000362c8       0x18 bin/lv_line.o
                0x000362c8                lv_line_create
 .text.lv_line_set_points
                0x000362e0       0x18 bin/lv_line.o
                0x000362e0                lv_line_set_points
 .text._lv_ll_init
                0x000362f8       0x10 bin/lv_ll.o
                0x000362f8                _lv_ll_init
 .text._lv_ll_ins_head
                0x00036308       0x2c bin/lv_ll.o
                0x00036308                _lv_ll_ins_head
 .text._lv_ll_ins_tail
                0x00036334       0x2c bin/lv_ll.o
                0x00036334                _lv_ll_ins_tail
 .text._lv_ll_remove
                0x00036360       0x50 bin/lv_ll.o
                0x00036360                _lv_ll_remove
 .text._lv_ll_clear
                0x000363b0       0x74 bin/lv_ll.o
                0x000363b0                _lv_ll_clear
 .text._lv_ll_get_head
                0x00036424        0x8 bin/lv_ll.o
                0x00036424                _lv_ll_get_head
 .text._lv_ll_get_tail
                0x0003642c        0x8 bin/lv_ll.o
                0x0003642c                _lv_ll_get_tail
 .text._lv_ll_get_next
                0x00036434        0x8 bin/lv_ll.o
                0x00036434                _lv_ll_get_next
 .text._lv_ll_get_prev
                0x0003643c        0x8 bin/lv_ll.o
                0x0003643c                _lv_ll_get_prev
 .text._lv_ll_get_len
                0x00036444       0x1c bin/lv_ll.o
                0x00036444                _lv_ll_get_len
 .text._lv_ll_is_empty
                0x00036460       0x18 bin/lv_ll.o
                0x00036460                _lv_ll_is_empty
 .text.lv_log_register_print_cb
                0x00036478        0xc bin/lv_log.o
                0x00036478                lv_log_register_print_cb
 .text._lv_log_add
                0x00036484       0xc4 bin/lv_log.o
                0x00036484                _lv_log_add
 .text.lv_trigo_sin
                0x00036548       0x74 bin/lv_math.o
                0x00036548                lv_trigo_sin
 .text.lv_bezier3
                0x000365bc       0x54 bin/lv_math.o
                0x000365bc                lv_bezier3
 .text.lv_atan2
                0x00036610       0xac bin/lv_math.o
                0x00036610                lv_atan2
 .text.lv_pow   0x000366bc       0x3c bin/lv_math.o
                0x000366bc                lv_pow
 .text.lv_map   0x000366f8       0x28 bin/lv_math.o
                0x000366f8                lv_map
 .text.lv_mem_walker
                0x00036720       0x20 bin/lv_mem.o
 .text.lv_mem_alloc.part.0
                0x00036740       0xb8 bin/lv_mem.o
 .text.lv_mem_init
                0x000367f8      0x158 bin/lv_mem.o
                0x000367f8                lv_mem_init
 .text.lv_mem_alloc
                0x00036950       0xc0 bin/lv_mem.o
                0x00036950                lv_mem_alloc
 .text.lv_mem_ssram_alloc
                0x00036a10       0xd4 bin/lv_mem.o
                0x00036a10                lv_mem_ssram_alloc
 .text.lv_mem_external_alloc
                0x00036ae4       0xc4 bin/lv_mem.o
                0x00036ae4                lv_mem_external_alloc
 .text.lv_mem_free
                0x00036ba8       0x80 bin/lv_mem.o
                0x00036ba8                lv_mem_free
 .text.lv_mem_realloc
                0x00036c28      0x11c bin/lv_mem.o
                0x00036c28                lv_mem_realloc
 .text.lv_mem_buf_get
                0x00036d44      0x1b8 bin/lv_mem.o
                0x00036d44                lv_mem_buf_get
 .text.lv_mem_buf_release
                0x00036efc       0xdc bin/lv_mem.o
                0x00036efc                lv_mem_buf_release
 .text.lv_mem_buf_free_all
                0x00036fd8       0xb4 bin/lv_mem.o
                0x00036fd8                lv_mem_buf_free_all
 .text.lv_memcpy
                0x0003708c      0x470 bin/lv_mem.o
                0x0003708c                lv_memcpy
 .text.lv_memset
                0x000374fc       0xe4 bin/lv_mem.o
                0x000374fc                lv_memset
 .text.lv_memset_00
                0x000375e0       0xb0 bin/lv_mem.o
                0x000375e0                lv_memset_00
 .text.lv_memset_ff
                0x00037690       0xb4 bin/lv_mem.o
                0x00037690                lv_memset_ff
 .text.lv_meter_destructor
                0x00037744       0x18 bin/lv_meter.o
 .text.lv_meter_constructor
                0x0003775c       0x1c bin/lv_meter.o
 .text.lv_meter_event
                0x00037778      0x938 bin/lv_meter.o
 .text.lv_obj_draw
                0x000380b0      0x494 bin/lv_obj.o
 .text.lv_obj_destructor
                0x00038544       0x68 bin/lv_obj.o
 .text.lv_obj_constructor
                0x000385ac       0x64 bin/lv_obj.o
 .text.lv_obj_set_state
                0x00038610      0x280 bin/lv_obj.o
 .text.lv_obj_event
                0x00038890      0x3bc bin/lv_obj.o
 .text.lv_init  0x00038c4c       0x88 bin/lv_obj.o
                0x00038c4c                lv_init
 .text.lv_obj_create
                0x00038cd4       0x18 bin/lv_obj.o
                0x00038cd4                lv_obj_create
 .text.lv_obj_add_flag
                0x00038cec       0x70 bin/lv_obj.o
                0x00038cec                lv_obj_add_flag
 .text.lv_obj_clear_flag
                0x00038d5c       0x7c bin/lv_obj.o
                0x00038d5c                lv_obj_clear_flag
 .text.lv_obj_add_state
                0x00038dd8       0x14 bin/lv_obj.o
                0x00038dd8                lv_obj_add_state
 .text.lv_obj_clear_state
                0x00038dec       0x14 bin/lv_obj.o
                0x00038dec                lv_obj_clear_state
 .text.lv_obj_has_flag
                0x00038e00        0xc bin/lv_obj.o
                0x00038e00                lv_obj_has_flag
 .text.lv_obj_has_flag_any
                0x00038e0c        0xc bin/lv_obj.o
                0x00038e0c                lv_obj_has_flag_any
 .text.lv_obj_get_state
                0x00038e18        0x4 bin/lv_obj.o
                0x00038e18                lv_obj_get_state
 .text.lv_obj_get_group
                0x00038e1c        0x8 bin/lv_obj.o
                0x00038e1c                lv_obj_get_group
 .text.lv_obj_allocate_spec_attr
                0x00038e24       0x6c bin/lv_obj.o
                0x00038e24                lv_obj_allocate_spec_attr
 .text.lv_obj_check_type
                0x00038e90       0x10 bin/lv_obj.o
                0x00038e90                lv_obj_check_type
 .text.lv_obj_construct
                0x00038ea0       0x64 bin/lv_obj_class.o
 .text.lv_obj_class_create_obj
                0x00038f04       0xe0 bin/lv_obj_class.o
                0x00038f04                lv_obj_class_create_obj
 .text.lv_obj_class_init_obj
                0x00038fe4       0xd8 bin/lv_obj_class.o
                0x00038fe4                lv_obj_class_init_obj
 .text._lv_obj_destruct
                0x000390bc       0x24 bin/lv_obj_class.o
                0x000390bc                _lv_obj_destruct
 .text.lv_obj_is_editable
                0x000390e0       0x20 bin/lv_obj_class.o
                0x000390e0                lv_obj_is_editable
 .text.lv_obj_init_draw_rect_dsc
                0x00039100      0x2cc bin/lv_obj_draw.o
                0x00039100                lv_obj_init_draw_rect_dsc
 .text.lv_obj_init_draw_label_dsc
                0x000393cc       0xb8 bin/lv_obj_draw.o
                0x000393cc                lv_obj_init_draw_label_dsc
 .text.lv_obj_init_draw_img_dsc
                0x00039484       0x98 bin/lv_obj_draw.o
                0x00039484                lv_obj_init_draw_img_dsc
 .text.lv_obj_init_draw_line_dsc
                0x0003951c       0xa4 bin/lv_obj_draw.o
                0x0003951c                lv_obj_init_draw_line_dsc
 .text.lv_obj_init_draw_arc_dsc
                0x000395c0       0x90 bin/lv_obj_draw.o
                0x000395c0                lv_obj_init_draw_arc_dsc
 .text.lv_obj_calculate_ext_draw_size
                0x00039650       0xe8 bin/lv_obj_draw.o
                0x00039650                lv_obj_calculate_ext_draw_size
 .text.lv_obj_draw_dsc_init
                0x00039738       0x10 bin/lv_obj_draw.o
                0x00039738                lv_obj_draw_dsc_init
 .text.lv_obj_refresh_ext_draw_size
                0x00039748       0x64 bin/lv_obj_draw.o
                0x00039748                lv_obj_refresh_ext_draw_size
 .text._lv_obj_get_ext_draw_size
                0x000397ac        0xc bin/lv_obj_draw.o
                0x000397ac                _lv_obj_get_ext_draw_size
 .text.lv_obj_set_pos
                0x000397b8       0x5c bin/lv_obj_pos.o
                0x000397b8                lv_obj_set_pos
 .text.lv_obj_set_x
                0x00039814       0x34 bin/lv_obj_pos.o
                0x00039814                lv_obj_set_x
 .text.lv_obj_set_y
                0x00039848       0x34 bin/lv_obj_pos.o
                0x00039848                lv_obj_set_y
 .text.lv_obj_set_size
                0x0003987c       0x5c bin/lv_obj_pos.o
                0x0003987c                lv_obj_set_size
 .text.lv_obj_set_width
                0x000398d8       0x34 bin/lv_obj_pos.o
                0x000398d8                lv_obj_set_width
 .text.lv_obj_set_height
                0x0003990c       0x34 bin/lv_obj_pos.o
                0x0003990c                lv_obj_set_height
 .text.lv_obj_is_layout_positioned
                0x00039940       0x34 bin/lv_obj_pos.o
                0x00039940                lv_obj_is_layout_positioned
 .text.lv_obj_mark_layout_as_dirty
                0x00039974       0x2c bin/lv_obj_pos.o
                0x00039974                lv_obj_mark_layout_as_dirty
 .text.lv_layout_register
                0x000399a0       0x70 bin/lv_obj_pos.o
                0x000399a0                lv_layout_register
 .text.lv_obj_align
                0x00039a10       0x64 bin/lv_obj_pos.o
                0x00039a10                lv_obj_align
 .text.lv_obj_get_coords
                0x00039a74        0xc bin/lv_obj_pos.o
                0x00039a74                lv_obj_get_coords
 .text.lv_obj_get_x
                0x00039a80       0x4c bin/lv_obj_pos.o
                0x00039a80                lv_obj_get_x
 .text.lv_obj_get_y
                0x00039acc       0x4c bin/lv_obj_pos.o
                0x00039acc                lv_obj_get_y
 .text.lv_obj_get_y2
                0x00039b18       0x58 bin/lv_obj_pos.o
                0x00039b18                lv_obj_get_y2
 .text.lv_obj_get_width
                0x00039b70        0xc bin/lv_obj_pos.o
                0x00039b70                lv_obj_get_width
 .text.lv_obj_get_height
                0x00039b7c        0xc bin/lv_obj_pos.o
                0x00039b7c                lv_obj_get_height
 .text.lv_obj_get_content_width
                0x00039b88       0x40 bin/lv_obj_pos.o
                0x00039b88                lv_obj_get_content_width
 .text.lv_obj_get_content_height
                0x00039bc8       0x40 bin/lv_obj_pos.o
                0x00039bc8                lv_obj_get_content_height
 .text.lv_obj_get_content_coords
                0x00039c08       0x70 bin/lv_obj_pos.o
                0x00039c08                lv_obj_get_content_coords
 .text.lv_obj_get_self_width
                0x00039c78       0x20 bin/lv_obj_pos.o
                0x00039c78                lv_obj_get_self_width
 .text.lv_obj_get_self_height
                0x00039c98       0x1c bin/lv_obj_pos.o
                0x00039c98                lv_obj_get_self_height
 .text.lv_obj_refresh_self_size
                0x00039cb4       0x5c bin/lv_obj_pos.o
                0x00039cb4                lv_obj_refresh_self_size
 .text.lv_obj_move_children_by
                0x00039d10      0x36c bin/lv_obj_pos.o
                0x00039d10                lv_obj_move_children_by
 .text.lv_obj_area_is_visible
                0x0003a07c       0xbc bin/lv_obj_pos.o
                0x0003a07c                lv_obj_area_is_visible
 .text.lv_obj_invalidate_area
                0x0003a138       0x2c bin/lv_obj_pos.o
                0x0003a138                lv_obj_invalidate_area
 .text.lv_obj_invalidate
                0x0003a164       0x58 bin/lv_obj_pos.o
                0x0003a164                lv_obj_invalidate
 .text.lv_obj_move_to
                0x0003a1bc      0x210 bin/lv_obj_pos.o
                0x0003a1bc                lv_obj_move_to
 .text.lv_obj_refr_pos
                0x0003a3cc      0x374 bin/lv_obj_pos.o
                0x0003a3cc                lv_obj_refr_pos
 .text.lv_obj_refr_size
                0x0003a740      0x898 bin/lv_obj_pos.o
                0x0003a740                lv_obj_refr_size
 .text.layout_update_core
                0x0003afd8       0x9c bin/lv_obj_pos.o
 .text.lv_obj_align_to
                0x0003b074      0x618 bin/lv_obj_pos.o
                0x0003b074                lv_obj_align_to
 .text.lv_obj_update_layout
                0x0003b68c       0xc8 bin/lv_obj_pos.o
                0x0003b68c                lv_obj_update_layout
 .text.lv_obj_is_visible
                0x0003b754       0x48 bin/lv_obj_pos.o
                0x0003b754                lv_obj_is_visible
 .text.lv_obj_set_ext_click_area
                0x0003b79c       0x10 bin/lv_obj_pos.o
                0x0003b79c                lv_obj_set_ext_click_area
 .text.lv_obj_get_click_area
                0x0003b7ac       0x38 bin/lv_obj_pos.o
                0x0003b7ac                lv_obj_get_click_area
 .text.scroll_anim_ready_cb
                0x0003b7e4        0xc bin/lv_obj_scroll.o
 .text.lv_obj_get_scroll_left.part.0
                0x0003b7f0       0xc4 bin/lv_obj_scroll.o
 .text.lv_obj_get_scroll_right.part.0
                0x0003b8b4       0xd8 bin/lv_obj_scroll.o
 .text.scroll_y_anim
                0x0003b98c       0x4c bin/lv_obj_scroll.o
 .text.scroll_x_anim
                0x0003b9d8       0x4c bin/lv_obj_scroll.o
 .text.lv_obj_set_scrollbar_mode
                0x0003ba24       0x28 bin/lv_obj_scroll.o
                0x0003ba24                lv_obj_set_scrollbar_mode
 .text.lv_obj_set_scroll_dir
                0x0003ba4c       0x20 bin/lv_obj_scroll.o
                0x0003ba4c                lv_obj_set_scroll_dir
 .text.lv_obj_set_scroll_snap_x
                0x0003ba6c       0x18 bin/lv_obj_scroll.o
                0x0003ba6c                lv_obj_set_scroll_snap_x
 .text.lv_obj_set_scroll_snap_y
                0x0003ba84       0x18 bin/lv_obj_scroll.o
                0x0003ba84                lv_obj_set_scroll_snap_y
 .text.lv_obj_get_scrollbar_mode
                0x0003ba9c       0x10 bin/lv_obj_scroll.o
                0x0003ba9c                lv_obj_get_scrollbar_mode
 .text.lv_obj_get_scroll_dir
                0x0003baac       0x10 bin/lv_obj_scroll.o
                0x0003baac                lv_obj_get_scroll_dir
 .text.lv_obj_get_scroll_x
                0x0003babc        0xc bin/lv_obj_scroll.o
                0x0003babc                lv_obj_get_scroll_x
 .text.lv_obj_get_scroll_y
                0x0003bac8        0xc bin/lv_obj_scroll.o
                0x0003bac8                lv_obj_get_scroll_y
 .text.lv_obj_get_scroll_top
                0x0003bad4        0xc bin/lv_obj_scroll.o
                0x0003bad4                lv_obj_get_scroll_top
 .text.lv_obj_get_scroll_bottom
                0x0003bae0       0xd8 bin/lv_obj_scroll.o
                0x0003bae0                lv_obj_get_scroll_bottom
 .text.lv_obj_get_scrollbar_area.part.0
                0x0003bbb8      0x8f0 bin/lv_obj_scroll.o
 .text.lv_obj_get_scroll_left
                0x0003c4a8       0x2c bin/lv_obj_scroll.o
                0x0003c4a8                lv_obj_get_scroll_left
 .text.lv_obj_get_scroll_right
                0x0003c4d4       0x28 bin/lv_obj_scroll.o
                0x0003c4d4                lv_obj_get_scroll_right
 .text.lv_obj_get_scroll_end
                0x0003c4fc       0x5c bin/lv_obj_scroll.o
                0x0003c4fc                lv_obj_get_scroll_end
 .text.lv_obj_scroll_by
                0x0003c558      0x170 bin/lv_obj_scroll.o
                0x0003c558                lv_obj_scroll_by
 .text.scroll_area_into_view
                0x0003c6c8      0x398 bin/lv_obj_scroll.o
 .text.lv_obj_scroll_to_x
                0x0003ca60      0x174 bin/lv_obj_scroll.o
                0x0003ca60                lv_obj_scroll_to_x
 .text.lv_obj_scroll_to
                0x0003cbd4      0x13c bin/lv_obj_scroll.o
                0x0003cbd4                lv_obj_scroll_to
 .text.lv_obj_scroll_to_y
                0x0003cd10      0x134 bin/lv_obj_scroll.o
                0x0003cd10                lv_obj_scroll_to_y
 .text.lv_obj_scroll_to_view_recursive
                0x0003ce44       0x3c bin/lv_obj_scroll.o
                0x0003ce44                lv_obj_scroll_to_view_recursive
 .text.lv_obj_get_scrollbar_area
                0x0003ce80       0x48 bin/lv_obj_scroll.o
                0x0003ce80                lv_obj_get_scrollbar_area
 .text.lv_obj_scrollbar_invalidate
                0x0003cec8       0x7c bin/lv_obj_scroll.o
                0x0003cec8                lv_obj_scrollbar_invalidate
 .text.lv_obj_readjust_scroll
                0x0003cf44      0x10c bin/lv_obj_scroll.o
                0x0003cf44                lv_obj_readjust_scroll
 .text.get_trans_style
                0x0003d050       0xb8 bin/lv_obj_style.o
 .text.trans_del.isra.0
                0x0003d108      0x150 bin/lv_obj_style.o
 .text.refresh_children_style
                0x0003d258      0x278 bin/lv_obj_style.o
 .text._lv_obj_style_init
                0x0003d4d0        0xc bin/lv_obj_style.o
                0x0003d4d0                _lv_obj_style_init
 .text.lv_obj_enable_style_refresh
                0x0003d4dc        0xc bin/lv_obj_style.o
                0x0003d4dc                lv_obj_enable_style_refresh
 .text.lv_obj_get_style_prop
                0x0003d4e8      0x200 bin/lv_obj_style.o
                0x0003d4e8                lv_obj_get_style_prop
 .text.lv_obj_refresh_style.part.0
                0x0003d6e8      0x124 bin/lv_obj_style.o
 .text.lv_obj_refresh_style
                0x0003d80c       0x10 bin/lv_obj_style.o
                0x0003d80c                lv_obj_refresh_style
 .text.lv_obj_add_style
                0x0003d81c       0xf4 bin/lv_obj_style.o
                0x0003d81c                lv_obj_add_style
 .text.trans_anim_cb
                0x0003d910      0x180 bin/lv_obj_style.o
 .text.lv_obj_remove_style
                0x0003da90      0x13c bin/lv_obj_style.o
                0x0003da90                lv_obj_remove_style
 .text.trans_anim_ready_cb
                0x0003dbcc       0xc0 bin/lv_obj_style.o
 .text.report_style_change_core
                0x0003dc8c      0x41c bin/lv_obj_style.o
 .text.lv_obj_report_style_change
                0x0003e0a8      0x104 bin/lv_obj_style.o
                0x0003e0a8                lv_obj_report_style_change
 .text.trans_anim_start_cb
                0x0003e1ac       0x40 bin/lv_obj_style.o
 .text.lv_obj_set_local_style_prop
                0x0003e1ec      0x144 bin/lv_obj_style.o
                0x0003e1ec                lv_obj_set_local_style_prop
 .text.lv_obj_get_local_style_prop
                0x0003e330       0x44 bin/lv_obj_style.o
                0x0003e330                lv_obj_get_local_style_prop
 .text.lv_obj_remove_local_style_prop
                0x0003e374       0x48 bin/lv_obj_style.o
                0x0003e374                lv_obj_remove_local_style_prop
 .text._lv_obj_style_create_transition
                0x0003e3bc      0x18c bin/lv_obj_style.o
                0x0003e3bc                _lv_obj_style_create_transition
 .text._lv_obj_style_state_compare
                0x0003e548      0x2a8 bin/lv_obj_style.o
                0x0003e548                _lv_obj_style_state_compare
 .text.lv_obj_style_get_selector_state
                0x0003e7f0        0x4 bin/lv_obj_style.o
                0x0003e7f0                lv_obj_style_get_selector_state
 .text.lv_obj_style_get_selector_part
                0x0003e7f4        0x8 bin/lv_obj_style.o
                0x0003e7f4                lv_obj_style_get_selector_part
 .text.lv_obj_calculate_style_text_align
                0x0003e7fc       0x28 bin/lv_obj_style.o
                0x0003e7fc                lv_obj_calculate_style_text_align
 .text.lv_obj_set_style_width
                0x0003e824        0xc bin/lv_obj_style_gen.o
                0x0003e824                lv_obj_set_style_width
 .text.lv_obj_set_style_min_width
                0x0003e830        0xc bin/lv_obj_style_gen.o
                0x0003e830                lv_obj_set_style_min_width
 .text.lv_obj_set_style_height
                0x0003e83c        0xc bin/lv_obj_style_gen.o
                0x0003e83c                lv_obj_set_style_height
 .text.lv_obj_set_style_x
                0x0003e848        0xc bin/lv_obj_style_gen.o
                0x0003e848                lv_obj_set_style_x
 .text.lv_obj_set_style_y
                0x0003e854        0xc bin/lv_obj_style_gen.o
                0x0003e854                lv_obj_set_style_y
 .text.lv_obj_set_style_align
                0x0003e860        0xc bin/lv_obj_style_gen.o
                0x0003e860                lv_obj_set_style_align
 .text.lv_obj_set_style_layout
                0x0003e86c        0xc bin/lv_obj_style_gen.o
                0x0003e86c                lv_obj_set_style_layout
 .text.lv_obj_set_style_base_dir
                0x0003e878        0xc bin/lv_obj_style_gen.o
                0x0003e878                lv_obj_set_style_base_dir
 .text.lv_obj_set_style_bg_color
                0x0003e884        0xc bin/lv_obj_style_gen.o
                0x0003e884                lv_obj_set_style_bg_color
 .text.lv_obj_set_style_bg_opa
                0x0003e890        0xc bin/lv_obj_style_gen.o
                0x0003e890                lv_obj_set_style_bg_opa
 .text.lv_obj_set_style_bg_img_src
                0x0003e89c        0xc bin/lv_obj_style_gen.o
                0x0003e89c                lv_obj_set_style_bg_img_src
 .text.lv_obj_set_style_border_color
                0x0003e8a8        0xc bin/lv_obj_style_gen.o
                0x0003e8a8                lv_obj_set_style_border_color
 .text.lv_obj_set_style_text_color
                0x0003e8b4        0xc bin/lv_obj_style_gen.o
                0x0003e8b4                lv_obj_set_style_text_color
 .text.lv_obj_set_style_text_align
                0x0003e8c0        0xc bin/lv_obj_style_gen.o
                0x0003e8c0                lv_obj_set_style_text_align
 .text.lv_obj_set_style_img_recolor
                0x0003e8cc        0xc bin/lv_obj_style_gen.o
                0x0003e8cc                lv_obj_set_style_img_recolor
 .text.lv_obj_set_style_shadow_color
                0x0003e8d8        0xc bin/lv_obj_style_gen.o
                0x0003e8d8                lv_obj_set_style_shadow_color
 .text.lv_obj_set_style_line_color
                0x0003e8e4        0xc bin/lv_obj_style_gen.o
                0x0003e8e4                lv_obj_set_style_line_color
 .text.lv_obj_set_style_arc_color
                0x0003e8f0        0xc bin/lv_obj_style_gen.o
                0x0003e8f0                lv_obj_set_style_arc_color
 .text.obj_del_core.part.0
                0x0003e8fc      0x1ac bin/lv_obj_tree.o
 .text.lv_obj_del
                0x0003eaa8       0xc8 bin/lv_obj_tree.o
                0x0003eaa8                lv_obj_del
 .text.lv_obj_clean
                0x0003eb70       0x48 bin/lv_obj_tree.o
                0x0003eb70                lv_obj_clean
 .text.lv_obj_move_to_index
                0x0003ebb8       0xa8 bin/lv_obj_tree.o
                0x0003ebb8                lv_obj_move_to_index
 .text.lv_obj_get_screen
                0x0003ec60       0x10 bin/lv_obj_tree.o
                0x0003ec60                lv_obj_get_screen
 .text.lv_obj_get_disp
                0x0003ec70       0x50 bin/lv_obj_tree.o
                0x0003ec70                lv_obj_get_disp
 .text.lv_obj_get_parent
                0x0003ecc0        0x8 bin/lv_obj_tree.o
                0x0003ecc0                lv_obj_get_parent
 .text.lv_obj_get_child
                0x0003ecc8       0x20 bin/lv_obj_tree.o
                0x0003ecc8                lv_obj_get_child
 .text.lv_obj_get_child_cnt
                0x0003ece8        0x8 bin/lv_obj_tree.o
                0x0003ece8                lv_obj_get_child_cnt
 .text.lv_obj_get_index
                0x0003ecf0       0x54 bin/lv_obj_tree.o
                0x0003ecf0                lv_obj_get_index
 .text._out_buffer
                0x0003ed44        0x8 bin/lv_printf.o
 .text._out_null
                0x0003ed4c        0x4 bin/lv_printf.o
 .text._ntoa_format
                0x0003ed50      0x3fc bin/lv_printf.o
 .text._vsnprintf
                0x0003f14c      0x948 bin/lv_printf.o
 .text.lv_snprintf
                0x0003fa94       0x2c bin/lv_printf.o
                0x0003fa94                lv_snprintf
 .text.lv_vsnprintf
                0x0003fac0       0x20 bin/lv_printf.o
                0x0003fac0                lv_vsnprintf
 .text.lv_refr_get_top_obj
                0x0003fae0       0x6c bin/lv_refr.o
 .text.draw_buf_flush
                0x0003fb4c      0x5a0 bin/lv_refr.o
 .text.lv_refr_obj.part.0
                0x000400ec      0x130 bin/lv_refr.o
 .text.lv_refr_obj_and_children
                0x0004021c       0xb8 bin/lv_refr.o
 .text.lv_refr_area_part
                0x000402d4      0x160 bin/lv_refr.o
 .text._lv_refr_init
                0x00040434        0x4 bin/lv_refr.o
                0x00040434                _lv_refr_init
 .text._lv_inv_area
                0x00040438       0xdc bin/lv_refr.o
                0x00040438                _lv_inv_area
 .text._lv_refr_get_disp_refreshing
                0x00040514        0xc bin/lv_refr.o
                0x00040514                _lv_refr_get_disp_refreshing
 .text._lv_disp_refr_timer
                0x00040520      0x400 bin/lv_refr.o
                0x00040520                _lv_disp_refr_timer
 .text.set_y_anim
                0x00040920        0x8 bin/lv_roller.o
 .text.get_sel_area
                0x00040928       0x7c bin/lv_roller.o
 .text.inf_normalize.part.0
                0x000409a4       0x8c bin/lv_roller.o
 .text.scroll_anim_ready_cb
                0x00040a30       0x1c bin/lv_roller.o
 .text.refr_position
                0x00040a4c      0x154 bin/lv_roller.o
 .text.lv_roller_constructor
                0x00040ba0       0x94 bin/lv_roller.o
 .text.lv_roller_label_event
                0x00040c34      0x16c bin/lv_roller.o
 .text.lv_roller_event
                0x00040da0      0x630 bin/lv_roller.o
 .text.position_knob
                0x000413d0       0xf0 bin/lv_slider.o
 .text.lv_slider_constructor
                0x000414c0       0x60 bin/lv_slider.o
 .text.lv_slider_event
                0x00041520      0x744 bin/lv_slider.o
 .text.lv_spinbox_updatevalue
                0x00041c64      0x4bc bin/lv_spinbox.o
 .text.lv_spinbox_constructor
                0x00042120       0x54 bin/lv_spinbox.o
 .text.lv_spinbox_event
                0x00042174      0x288 bin/lv_spinbox.o
 .text.lv_spinner_constructor
                0x000423fc       0x84 bin/lv_spinner.o
 .text.arc_anim_start_angle
                0x00042480        0x8 bin/lv_spinner.o
 .text.arc_anim_end_angle
                0x00042488        0x8 bin/lv_spinner.o
 .text.lv_style_init
                0x00042490        0x8 bin/lv_style.o
                0x00042490                lv_style_init
 .text.lv_style_reset
                0x00042498       0x4c bin/lv_style.o
                0x00042498                lv_style_reset
 .text.lv_style_register_prop
                0x000424e4       0x10 bin/lv_style.o
                0x000424e4                lv_style_register_prop
 .text.lv_style_remove_prop
                0x000424f4      0x100 bin/lv_style.o
                0x000424f4                lv_style_remove_prop
 .text.lv_style_set_prop
                0x000425f4      0x134 bin/lv_style.o
                0x000425f4                lv_style_set_prop
 .text.lv_style_get_prop
                0x00042728       0x6c bin/lv_style.o
                0x00042728                lv_style_get_prop
 .text.lv_style_transition_dsc_init
                0x00042794       0x2c bin/lv_style.o
                0x00042794                lv_style_transition_dsc_init
 .text.lv_style_prop_get_default
                0x000427c0       0xf0 bin/lv_style.o
                0x000427c0                lv_style_prop_get_default
 .text.lv_style_is_empty
                0x000428b0        0xc bin/lv_style.o
                0x000428b0                lv_style_is_empty
 .text._lv_style_get_prop_group
                0x000428bc       0x10 bin/lv_style.o
                0x000428bc                _lv_style_get_prop_group
 .text.lv_style_set_width
                0x000428cc        0xc bin/lv_style_gen.o
                0x000428cc                lv_style_set_width
 .text.lv_style_set_max_width
                0x000428d8        0xc bin/lv_style_gen.o
                0x000428d8                lv_style_set_max_width
 .text.lv_style_set_height
                0x000428e4        0xc bin/lv_style_gen.o
                0x000428e4                lv_style_set_height
 .text.lv_style_set_max_height
                0x000428f0        0xc bin/lv_style_gen.o
                0x000428f0                lv_style_set_max_height
 .text.lv_style_set_transform_width
                0x000428fc        0xc bin/lv_style_gen.o
                0x000428fc                lv_style_set_transform_width
 .text.lv_style_set_transform_height
                0x00042908        0xc bin/lv_style_gen.o
                0x00042908                lv_style_set_transform_height
 .text.lv_style_set_pad_top
                0x00042914        0xc bin/lv_style_gen.o
                0x00042914                lv_style_set_pad_top
 .text.lv_style_set_pad_bottom
                0x00042920        0xc bin/lv_style_gen.o
                0x00042920                lv_style_set_pad_bottom
 .text.lv_style_set_pad_left
                0x0004292c        0xc bin/lv_style_gen.o
                0x0004292c                lv_style_set_pad_left
 .text.lv_style_set_pad_right
                0x00042938        0xc bin/lv_style_gen.o
                0x00042938                lv_style_set_pad_right
 .text.lv_style_set_pad_row
                0x00042944        0xc bin/lv_style_gen.o
                0x00042944                lv_style_set_pad_row
 .text.lv_style_set_pad_column
                0x00042950        0xc bin/lv_style_gen.o
                0x00042950                lv_style_set_pad_column
 .text.lv_style_set_radius
                0x0004295c        0x8 bin/lv_style_gen.o
                0x0004295c                lv_style_set_radius
 .text.lv_style_set_clip_corner
                0x00042964        0x8 bin/lv_style_gen.o
                0x00042964                lv_style_set_clip_corner
 .text.lv_style_set_color_filter_dsc
                0x0004296c        0x8 bin/lv_style_gen.o
                0x0004296c                lv_style_set_color_filter_dsc
 .text.lv_style_set_color_filter_opa
                0x00042974        0x8 bin/lv_style_gen.o
                0x00042974                lv_style_set_color_filter_opa
 .text.lv_style_set_anim_time
                0x0004297c        0x8 bin/lv_style_gen.o
                0x0004297c                lv_style_set_anim_time
 .text.lv_style_set_transition
                0x00042984        0x8 bin/lv_style_gen.o
                0x00042984                lv_style_set_transition
 .text.lv_style_set_bg_color
                0x0004298c        0x8 bin/lv_style_gen.o
                0x0004298c                lv_style_set_bg_color
 .text.lv_style_set_bg_opa
                0x00042994        0x8 bin/lv_style_gen.o
                0x00042994                lv_style_set_bg_opa
 .text.lv_style_set_bg_grad_color
                0x0004299c        0x8 bin/lv_style_gen.o
                0x0004299c                lv_style_set_bg_grad_color
 .text.lv_style_set_bg_img_src
                0x000429a4        0xc bin/lv_style_gen.o
                0x000429a4                lv_style_set_bg_img_src
 .text.lv_style_set_border_color
                0x000429b0        0x8 bin/lv_style_gen.o
                0x000429b0                lv_style_set_border_color
 .text.lv_style_set_border_opa
                0x000429b8        0x8 bin/lv_style_gen.o
                0x000429b8                lv_style_set_border_opa
 .text.lv_style_set_border_width
                0x000429c0        0xc bin/lv_style_gen.o
                0x000429c0                lv_style_set_border_width
 .text.lv_style_set_border_side
                0x000429cc        0x8 bin/lv_style_gen.o
                0x000429cc                lv_style_set_border_side
 .text.lv_style_set_border_post
                0x000429d4        0x8 bin/lv_style_gen.o
                0x000429d4                lv_style_set_border_post
 .text.lv_style_set_text_color
                0x000429dc        0xc bin/lv_style_gen.o
                0x000429dc                lv_style_set_text_color
 .text.lv_style_set_text_opa
                0x000429e8        0xc bin/lv_style_gen.o
                0x000429e8                lv_style_set_text_opa
 .text.lv_style_set_text_font
                0x000429f4        0xc bin/lv_style_gen.o
                0x000429f4                lv_style_set_text_font
 .text.lv_style_set_text_line_space
                0x00042a00        0xc bin/lv_style_gen.o
                0x00042a00                lv_style_set_text_line_space
 .text.lv_style_set_text_align
                0x00042a0c        0xc bin/lv_style_gen.o
                0x00042a0c                lv_style_set_text_align
 .text.lv_style_set_img_opa
                0x00042a18        0x8 bin/lv_style_gen.o
                0x00042a18                lv_style_set_img_opa
 .text.lv_style_set_img_recolor_opa
                0x00042a20        0x8 bin/lv_style_gen.o
                0x00042a20                lv_style_set_img_recolor_opa
 .text.lv_style_set_outline_width
                0x00042a28        0xc bin/lv_style_gen.o
                0x00042a28                lv_style_set_outline_width
 .text.lv_style_set_outline_color
                0x00042a34        0x8 bin/lv_style_gen.o
                0x00042a34                lv_style_set_outline_color
 .text.lv_style_set_outline_opa
                0x00042a3c        0xc bin/lv_style_gen.o
                0x00042a3c                lv_style_set_outline_opa
 .text.lv_style_set_outline_pad
                0x00042a48        0xc bin/lv_style_gen.o
                0x00042a48                lv_style_set_outline_pad
 .text.lv_style_set_shadow_width
                0x00042a54        0xc bin/lv_style_gen.o
                0x00042a54                lv_style_set_shadow_width
 .text.lv_style_set_shadow_ofs_x
                0x00042a60        0xc bin/lv_style_gen.o
                0x00042a60                lv_style_set_shadow_ofs_x
 .text.lv_style_set_shadow_ofs_y
                0x00042a6c        0xc bin/lv_style_gen.o
                0x00042a6c                lv_style_set_shadow_ofs_y
 .text.lv_style_set_shadow_spread
                0x00042a78        0xc bin/lv_style_gen.o
                0x00042a78                lv_style_set_shadow_spread
 .text.lv_style_set_shadow_color
                0x00042a84        0x8 bin/lv_style_gen.o
                0x00042a84                lv_style_set_shadow_color
 .text.lv_style_set_shadow_opa
                0x00042a8c        0xc bin/lv_style_gen.o
                0x00042a8c                lv_style_set_shadow_opa
 .text.lv_style_set_line_width
                0x00042a98        0xc bin/lv_style_gen.o
                0x00042a98                lv_style_set_line_width
 .text.lv_style_set_line_color
                0x00042aa4        0x8 bin/lv_style_gen.o
                0x00042aa4                lv_style_set_line_color
 .text.lv_style_set_line_opa
                0x00042aac        0x8 bin/lv_style_gen.o
                0x00042aac                lv_style_set_line_opa
 .text.lv_style_set_arc_width
                0x00042ab4        0xc bin/lv_style_gen.o
                0x00042ab4                lv_style_set_arc_width
 .text.lv_style_set_arc_rounded
                0x00042ac0        0x8 bin/lv_style_gen.o
                0x00042ac0                lv_style_set_arc_rounded
 .text.lv_style_set_arc_color
                0x00042ac8        0x8 bin/lv_style_gen.o
                0x00042ac8                lv_style_set_arc_color
 .text.lv_style_set_arc_opa
                0x00042ad0        0x8 bin/lv_style_gen.o
                0x00042ad0                lv_style_set_arc_opa
 .text.lv_switch_anim_ready
                0x00042ad8        0xc bin/lv_switch.o
 .text.lv_switch_anim_exec_cb
                0x00042ae4        0x8 bin/lv_switch.o
 .text.lv_switch_destructor
                0x00042aec        0x8 bin/lv_switch.o
 .text.lv_switch_constructor
                0x00042af4       0x28 bin/lv_switch.o
 .text.lv_switch_event
                0x00042b1c      0x324 bin/lv_switch.o
 .text.get_row_height
                0x00042e40      0x128 bin/lv_table.o
 .text.refr_size
                0x00042f68       0xf8 bin/lv_table.o
 .text.draw_main
                0x00043060      0x838 bin/lv_table.o
 .text.lv_table_destructor
                0x00043898       0x54 bin/lv_table.o
 .text.lv_table_constructor
                0x000438ec       0x40 bin/lv_table.o
 .text.lv_table_event
                0x0004392c      0x380 bin/lv_table.o
 .text.lv_table_create
                0x00043cac       0x18 bin/lv_table.o
                0x00043cac                lv_table_create
 .text.lv_table_set_row_cnt
                0x00043cc4       0xec bin/lv_table.o
                0x00043cc4                lv_table_set_row_cnt
 .text.lv_table_set_col_cnt
                0x00043db0      0x1b8 bin/lv_table.o
                0x00043db0                lv_table_set_col_cnt
 .text.lv_table_set_cell_value
                0x00043f68       0xe4 bin/lv_table.o
                0x00043f68                lv_table_set_cell_value
 .text.lv_table_set_col_width
                0x0004404c       0x2c bin/lv_table.o
                0x0004404c                lv_table_set_col_width
 .text.lv_table_add_cell_ctrl
                0x00044078       0xa4 bin/lv_table.o
                0x00044078                lv_table_add_cell_ctrl
 .text.lv_tabview_destructor
                0x0004411c       0x60 bin/lv_tabview.o
 .text.lv_tabview_constructor
                0x0004417c      0x148 bin/lv_tabview.o
 .text.lv_tabview_set_act
                0x000442c4       0x84 bin/lv_tabview.o
                0x000442c4                lv_tabview_set_act
 .text.lv_tabview_event
                0x00044348       0x34 bin/lv_tabview.o
 .text.cont_scroll_end_event_cb
                0x0004437c       0xac bin/lv_tabview.o
 .text.btns_value_changed_event_cb
                0x00044428       0x24 bin/lv_tabview.o
 .text.pwd_char_hider_anim
                0x0004444c        0x4 bin/lv_textarea.o
 .text.lv_textarea_destructor
                0x00044450       0x20 bin/lv_textarea.o
 .text.refr_cursor_area
                0x00044470      0x244 bin/lv_textarea.o
 .text.cursor_blink_anim_cb
                0x000446b4       0x60 bin/lv_textarea.o
 .text.pwd_char_hider.part.0
                0x00044714       0xa4 bin/lv_textarea.o
 .text.pwd_char_hider_anim_ready
                0x000447b8       0x10 bin/lv_textarea.o
 .text.label_event_cb
                0x000447c8       0x94 bin/lv_textarea.o
 .text.lv_textarea_set_cursor_pos
                0x0004485c      0x174 bin/lv_textarea.o
                0x0004485c                lv_textarea_set_cursor_pos
 .text.lv_textarea_constructor
                0x000449d0       0xd4 bin/lv_textarea.o
 .text.lv_textarea_add_text
                0x00044aa4      0x1c8 bin/lv_textarea.o
                0x00044aa4                lv_textarea_add_text
 .text.lv_textarea_add_char
                0x00044c6c      0x1e4 bin/lv_textarea.o
                0x00044c6c                lv_textarea_add_char
 .text.lv_textarea_del_char.part.0
                0x00044e50       0xd8 bin/lv_textarea.o
 .text.lv_textarea_del_char
                0x00044f28       0x4c bin/lv_textarea.o
                0x00044f28                lv_textarea_del_char
 .text.lv_textarea_del_char_forward
                0x00044f74       0x5c bin/lv_textarea.o
                0x00044f74                lv_textarea_del_char_forward
 .text.lv_textarea_set_text
                0x00044fd0      0x1a8 bin/lv_textarea.o
                0x00044fd0                lv_textarea_set_text
 .text.lv_textarea_set_cursor_click_pos
                0x00045178       0x10 bin/lv_textarea.o
                0x00045178                lv_textarea_set_cursor_click_pos
 .text.lv_textarea_set_one_line
                0x00045188       0x78 bin/lv_textarea.o
                0x00045188                lv_textarea_set_one_line
 .text.lv_textarea_get_text
                0x00045200       0x14 bin/lv_textarea.o
                0x00045200                lv_textarea_get_text
 .text.lv_textarea_get_cursor_pos
                0x00045214        0x4 bin/lv_textarea.o
                0x00045214                lv_textarea_get_cursor_pos
 .text.lv_textarea_get_one_line
                0x00045218        0xc bin/lv_textarea.o
                0x00045218                lv_textarea_get_one_line
 .text.lv_textarea_cursor_right
                0x00045224        0x8 bin/lv_textarea.o
                0x00045224                lv_textarea_cursor_right
 .text.lv_textarea_cursor_left
                0x0004522c        0xc bin/lv_textarea.o
                0x0004522c                lv_textarea_cursor_left
 .text.lv_textarea_cursor_down
                0x00045238       0x6c bin/lv_textarea.o
                0x00045238                lv_textarea_cursor_down
 .text.lv_textarea_cursor_up
                0x000452a4       0x5c bin/lv_textarea.o
                0x000452a4                lv_textarea_cursor_up
 .text.lv_textarea_event
                0x00045300      0x54c bin/lv_textarea.o
 .text.apply_theme
                0x0004584c       0x58 bin/lv_theme.o
 .text.lv_theme_apply
                0x000458a4       0x78 bin/lv_theme.o
                0x000458a4                lv_theme_apply
 .text.lv_theme_get_font_small
                0x0004591c       0x28 bin/lv_theme.o
                0x0004591c                lv_theme_get_font_small
 .text.lv_theme_get_font_normal
                0x00045944       0x28 bin/lv_theme.o
                0x00045944                lv_theme_get_font_normal
 .text.lv_theme_get_font_large
                0x0004596c       0x28 bin/lv_theme.o
                0x0004596c                lv_theme_get_font_large
 .text.lv_theme_get_color_primary
                0x00045994       0x28 bin/lv_theme.o
                0x00045994                lv_theme_get_color_primary
 .text.theme_apply
                0x000459bc      0xe44 bin/lv_theme_default.o
 .text.dark_color_filter_cb
                0x00046800        0x8 bin/lv_theme_default.o
 .text.grey_filter_cb
                0x00046808       0xc4 bin/lv_theme_default.o
 .text.lv_theme_default_init
                0x000468cc     0x2bf4 bin/lv_theme_default.o
                0x000468cc                lv_theme_default_init
 .text.lv_theme_default_get
                0x000494c0       0x18 bin/lv_theme_default.o
                0x000494c0                lv_theme_default_get