Archive member included to satisfy reference by file (symbol)

C:/Program Files (x86)/Arm GNU Toolchain arm-none-eabi/13.3 rel1/bin/../lib/gcc/arm-none-eabi/13.3.1/thumb/v7e-m+fp/hard\libm.a(libm_a-wf_pow.o)
                              bin/src/sensors/light/light_sensor.o (powf)
C:/Program Files (x86)/Arm GNU Toolchain arm-none-eabi/13.3 rel1/bin/../lib/gcc/arm-none-eabi/13.3.1/thumb/v7e-m+fp/hard\libm.a(libm_a-sf_finite.o)
                              C:/Program Files (x86)/Arm GNU Toolchain arm-none-eabi/13.3 rel1/bin/../lib/gcc/arm-none-eabi/13.3.1/thumb/v7e-m+fp/hard\libm.a(libm_a-wf_pow.o) (finitef)
C:/Program Files (x86)/Arm GNU Toolchain arm-none-eabi/13.3 rel1/bin/../lib/gcc/arm-none-eabi/13.3.1/thumb/v7e-m+fp/hard\libm.a(libm_a-ef_pow.o)
                              C:/Program Files (x86)/Arm GNU Toolchain arm-none-eabi/13.3 rel1/bin/../lib/gcc/arm-none-eabi/13.3.1/thumb/v7e-m+fp/hard\libm.a(libm_a-wf_pow.o) (__ieee754_powf)
C:/Program Files (x86)/Arm GNU Toolchain arm-none-eabi/13.3 rel1/bin/../lib/gcc/arm-none-eabi/13.3.1/thumb/v7e-m+fp/hard\libm.a(libm_a-sf_fabs.o)
                              C:/Program Files (x86)/Arm GNU Toolchain arm-none-eabi/13.3 rel1/bin/../lib/gcc/arm-none-eabi/13.3.1/thumb/v7e-m+fp/hard\libm.a(libm_a-ef_pow.o) (fabsf)
C:/Program Files (x86)/Arm GNU Toolchain arm-none-eabi/13.3 rel1/bin/../lib/gcc/arm-none-eabi/13.3.1/thumb/v7e-m+fp/hard\libm.a(libm_a-sf_scalbn.o)
                              C:/Program Files (x86)/Arm GNU Toolchain arm-none-eabi/13.3 rel1/bin/../lib/gcc/arm-none-eabi/13.3.1/thumb/v7e-m+fp/hard\libm.a(libm_a-ef_pow.o) (scalbnf)
C:/Program Files (x86)/Arm GNU Toolchain arm-none-eabi/13.3 rel1/bin/../lib/gcc/arm-none-eabi/13.3.1/thumb/v7e-m+fp/hard\libm.a(libm_a-math_errf.o)
                              C:/Program Files (x86)/Arm GNU Toolchain arm-none-eabi/13.3 rel1/bin/../lib/gcc/arm-none-eabi/13.3.1/thumb/v7e-m+fp/hard\libm.a(libm_a-ef_pow.o) (__math_uflowf)
C:/Program Files (x86)/Arm GNU Toolchain arm-none-eabi/13.3 rel1/bin/../lib/gcc/arm-none-eabi/13.3.1/thumb/v7e-m+fp/hard\libm.a(libm_a-ef_sqrt.o)
                              C:/Program Files (x86)/Arm GNU Toolchain arm-none-eabi/13.3 rel1/bin/../lib/gcc/arm-none-eabi/13.3.1/thumb/v7e-m+fp/hard\libm.a(libm_a-ef_pow.o) (__ieee754_sqrtf)
C:/Program Files (x86)/Arm GNU Toolchain arm-none-eabi/13.3 rel1/bin/../lib/gcc/arm-none-eabi/13.3.1/thumb/v7e-m+fp/hard\libc.a(libc_a-memcmp.o)
                              bin/libs/lvgl/src/misc/lv_lru.o (memcmp)
C:/Program Files (x86)/Arm GNU Toolchain arm-none-eabi/13.3 rel1/bin/../lib/gcc/arm-none-eabi/13.3.1/thumb/v7e-m+fp/hard\libc.a(libc_a-memmove.o)
                              bin/libs/lvgl/src/core/lv_event.o (memmove)
C:/Program Files (x86)/Arm GNU Toolchain arm-none-eabi/13.3 rel1/bin/../lib/gcc/arm-none-eabi/13.3.1/thumb/v7e-m+fp/hard\libc.a(libc_a-memset.o)
                              bin/src/sensors/accl/accl_sensor.o (memset)
C:/Program Files (x86)/Arm GNU Toolchain arm-none-eabi/13.3 rel1/bin/../lib/gcc/arm-none-eabi/13.3.1/thumb/v7e-m+fp/hard\libc.a(libc_a-strchr.o)
                              bin/libs/lvgl/src/extra/libs/qrcode/qrcodegen.o (strchr)
C:/Program Files (x86)/Arm GNU Toolchain arm-none-eabi/13.3 rel1/bin/../lib/gcc/arm-none-eabi/13.3.1/thumb/v7e-m+fp/hard\libc.a(libc_a-errno.o)
                              bin/src/syscalls.o (__errno)
C:/Program Files (x86)/Arm GNU Toolchain arm-none-eabi/13.3 rel1/bin/../lib/gcc/arm-none-eabi/13.3.1/thumb/v7e-m+fp/hard\libc.a(libc_a-strcmp.o)
                              bin/libs/lvgl/src/draw/lv_img_decoder.o (strcmp)
C:/Program Files (x86)/Arm GNU Toolchain arm-none-eabi/13.3 rel1/bin/../lib/gcc/arm-none-eabi/13.3.1/thumb/v7e-m+fp/hard\libc.a(libc_a-strcpy.o)
                              bin/libs/lvgl/src/draw/lv_img_decoder.o (strcpy)
C:/Program Files (x86)/Arm GNU Toolchain arm-none-eabi/13.3 rel1/bin/../lib/gcc/arm-none-eabi/13.3.1/thumb/v7e-m+fp/hard\libc.a(libc_a-memcpy.o)
                              bin/libs/lvgl/src/draw/lv_img_buf.o (memcpy)
C:/Program Files (x86)/Arm GNU Toolchain arm-none-eabi/13.3 rel1/bin/../lib/gcc/arm-none-eabi/13.3.1/thumb/v7e-m+fp/hard\libc.a(libc_a-strlen.o)
                              bin/src/helpers/uart/uart_output.o (strlen)
C:/Program Files (x86)/Arm GNU Toolchain arm-none-eabi/13.3 rel1/bin/../lib/gcc/arm-none-eabi/13.3.1/thumb/v7e-m+fp/hard\libc.a(libc_a-impure.o)
                              C:/Program Files (x86)/Arm GNU Toolchain arm-none-eabi/13.3 rel1/bin/../lib/gcc/arm-none-eabi/13.3.1/thumb/v7e-m+fp/hard\libc.a(libc_a-errno.o) (_impure_ptr)
C:/Program Files (x86)/Arm GNU Toolchain arm-none-eabi/13.3 rel1/bin/../lib/gcc/arm-none-eabi/13.3.1/thumb/v7e-m+fp/hard\libc.a(libc_a-findfp.o)
                              C:/Program Files (x86)/Arm GNU Toolchain arm-none-eabi/13.3 rel1/bin/../lib/gcc/arm-none-eabi/13.3.1/thumb/v7e-m+fp/hard\libc.a(libc_a-impure.o) (__sf)
[...]
Memory Configuration

Name             Origin             Length             Attributes
MCU_MRAM         0x00018000         0x001e8000         xr
MCU_TCM          0x10000000         0x00060000         xrw
SHARED_SRAM      0x10060000         0x00100000         xrw
*default*        0x00000000         0xffffffff

Linker script and memory map


.text           0x00018000    0x5cd70
                0x00018000                        . = ALIGN (0x4)
 *(.isr_vector)
 .isr_vector    0x00018000      0x190 bin/startup_gcc.o
                0x00018000                g_am_pfnVectors
 *(.patch)
 .patch         0x00018190       0x70 bin/startup_gcc.o
                0x00018190                __Patchable
 *(.text)
 .text          0x00018200      0x2e0 C:/Program Files (x86)/Arm GNU Toolchain arm-none-eabi/13.3 rel1/bin/../lib/gcc/arm-none-eabi/13.3.1/thumb/v7e-m+fp/hard\libc.a(libc_a-strcmp.o)
                0x00018200                strcmp
 .text          0x000184e0      0x134 C:/Program Files (x86)/Arm GNU Toolchain arm-none-eabi/13.3 rel1/bin/../lib/gcc/arm-none-eabi/13.3.1/thumb/v7e-m+fp/hard\libc.a(libc_a-memcpy.o)
                0x000184e0                memcpy
 *fill*         0x00018614       0x2c 
 .text          0x00018640       0xd8 C:/Program Files (x86)/Arm GNU Toolchain arm-none-eabi/13.3 rel1/bin/../lib/gcc/arm-none-eabi/13.3.1/thumb/v7e-m+fp/hard\libc.a(libc_a-strlen.o)
                0x00018640                strlen
 .text          0x00018718      0x378 C:/Program Files (x86)/Arm GNU Toolchain arm-none-eabi/13.3 rel1/bin/../lib/gcc/arm-none-eabi/13.3.1/thumb/v7e-m+fp/hard\libgcc.a(_arm_addsubdf3.o)
                0x00018718                __aeabi_drsub
                0x00018720                __aeabi_dsub
                0x00018720                __subdf3
                0x00018724                __aeabi_dadd
                0x00018724                __adddf3
                0x0001899c                __floatunsidf
                0x0001899c                __aeabi_ui2d
                0x000189bc                __floatsidf
                0x000189bc                __aeabi_i2d
                0x000189e0                __aeabi_f2d
                0x000189e0                __extendsfdf2
                0x00018a24                __floatundidf
                0x00018a24                __aeabi_ul2d
                0x00018a34                __floatdidf
                0x00018a34                __aeabi_l2d
 .text          0x00018a90       0xa0 C:/Program Files (x86)/Arm GNU Toolchain arm-none-eabi/13.3 rel1/bin/../lib/gcc/arm-none-eabi/13.3.1/thumb/v7e-m+fp/hard\libgcc.a(_arm_truncdfsf2.o)
                0x00018a90                __truncdfsf2
                0x00018a90                __aeabi_d2f
 .text          0x00018b30       0x30 C:/Program Files (x86)/Arm GNU Toolchain arm-none-eabi/13.3 rel1/bin/../lib/gcc/arm-none-eabi/13.3.1/thumb/v7e-m+fp/hard\libgcc.a(_aeabi_uldivmod.o)
                0x00018b30                __aeabi_uldivmod
 .text          0x00018b60        0x4 C:/Program Files (x86)/Arm GNU Toolchain arm-none-eabi/13.3 rel1/bin/../lib/gcc/arm-none-eabi/13.3.1/thumb/v7e-m+fp/hard\libgcc.a(_dvmd_tls.o)
                0x00018b60                __aeabi_idiv0
                0x00018b60                __aeabi_ldiv0
 *(.text*)
 .text.display_transfer_complete
                0x00018b64       0x1c bin/src/helpers/display/display.o
 .text.am_devices_display_te_handler
                0x00018b80       0x44 bin/src/helpers/display/display.o
 .text.am_bsp_disp_pins_enable1
                0x00018bc4       0x68 bin/src/helpers/display/display.o
                0x00018bc4                am_bsp_disp_pins_enable1
 .text.am_devices_display_init
                0x00018c2c      0x154 bin/src/helpers/display/display.o
                0x00018c2c                am_devices_display_init
 .text.send_mode7
                0x00018d80      0x1f0 bin/src/helpers/display/display.o
                0x00018d80                send_mode7
 .text.send_mode4
                0x00018f70      0x1cc bin/src/helpers/display/display.o
                0x00018f70                send_mode4
 .text.send_mode5
                0x0001913c       0xf8 bin/src/helpers/display/display.o
                0x0001913c                send_mode5
 .text.send_mode6
                0x00019234      0x1a0 bin/src/helpers/display/display.o
                0x00019234                send_mode6
 .text.get_display_mode
                0x000193d4       0x70 bin/src/helpers/display/display.o
                0x000193d4                get_display_mode
 .text.display_pins_irq_something_enable
                0x00019444       0xac bin/src/helpers/display/display.o
                0x00019444                display_pins_irq_something_enable
 .text.display_set_brightness
                0x000194f0       0x3c bin/src/helpers/display/display.o
                0x000194f0                display_set_brightness
 .text.display_update_area
                0x0001952c       0x70 bin/src/helpers/display/display.o
                0x0001952c                display_update_area
 .text.display_init
                0x0001959c       0xb8 bin/src/helpers/display/display.o
                0x0001959c                display_init
 .text.am_mspi1_isr
                0x00019654       0x28 bin/src/helpers/display/display.o
                0x00019654                am_mspi1_isr
 .text.am_gpio0_001f_isr
                0x0001967c       0x24 bin/src/helpers/display/display.o
                0x0001967c                am_gpio0_001f_isr
 .text.am_gpio0_203f_isr
                0x000196a0       0x24 bin/src/helpers/display/display.o
                0x000196a0                am_gpio0_203f_isr
 .text.lv_rounder_cb
                0x000196c4       0x20 bin/src/helpers/display/lvgl_display.o
                0x000196c4                lv_rounder_cb
 .text.disp_flush
                0x000196e4       0x10 bin/src/helpers/display/lvgl_display.o
                0x000196e4                disp_flush
 .text.disp_flush_done
                0x000196f4        0xc bin/src/helpers/display/lvgl_display.o
                0x000196f4                disp_flush_done
 .text.touchpad_read
                0x00019700       0x1c bin/src/helpers/display/lvgl_display.o
                0x00019700                touchpad_read
 .text.lvgl_display_init
                0x0001971c       0x90 bin/src/helpers/display/lvgl_display.o
                0x0001971c                lvgl_display_init
 .text.am_devices_mspi_rm69330_command_write
                0x000197ac       0xc0 bin/src/helpers/display/mspi_raydium.o
                0x000197ac                am_devices_mspi_rm69330_command_write
 .text.am_devices_mspi_rm69330_command_read
                0x0001986c       0xd4 bin/src/helpers/display/mspi_raydium.o
                0x0001986c                am_devices_mspi_rm69330_command_read
 .text.am_devices_mspi_rm69330_set_scanline_recommended_parameter
                0x00019940       0x6c bin/src/helpers/display/mspi_raydium.o
                0x00019940                am_devices_mspi_rm69330_set_scanline_recommended_parameter
 .text.am_devices_mspi_rm69330_init
                0x000199ac      0x198 bin/src/helpers/display/mspi_raydium.o
                0x000199ac                am_devices_mspi_rm69330_init
 .text.am_devices_mspi_rm69330_display_on
                0x00019b44       0x28 bin/src/helpers/display/mspi_raydium.o
                0x00019b44                am_devices_mspi_rm69330_display_on
 .text.am_devices_mspi_rm69330_nonblocking_write_endian
                0x00019b6c       0xf8 bin/src/helpers/display/mspi_raydium.o
                0x00019b6c                am_devices_mspi_rm69330_nonblocking_write_endian
 .text.am_devices_mspi_rm69330_read_id
                0x00019c64       0x14 bin/src/helpers/display/mspi_raydium.o
                0x00019c64                am_devices_mspi_rm69330_read_id
 .text.am_devices_mspi_rm69330_set_transfer_window
                0x00019c78       0x90 bin/src/helpers/display/mspi_raydium.o
                0x00019c78                am_devices_mspi_rm69330_set_transfer_window
 .text.am_devices_rm69330_set_parameters
                0x00019d08       0x2c bin/src/helpers/display/mspi_raydium.o
                0x00019d08                am_devices_rm69330_set_parameters
 .text.touch_transceive
                0x00019d34       0x9c bin/src/helpers/display/touch.o
                0x00019d34                touch_transceive
 .text.touch_read_data
                0x00019dd0       0x38 bin/src/helpers/display/touch.o
                0x00019dd0                touch_read_data
 .text.touch_init
                0x00019e08       0xc8 bin/src/helpers/display/touch.o
                0x00019e08                touch_init
 .text.pinMode  0x00019ed0       0x2c bin/src/helpers/gpio/gpio.o
                0x00019ed0                pinMode
 .text.digitalWrite
                0x00019efc        0x4 bin/src/helpers/gpio/gpio.o
                0x00019efc                digitalWrite
 .text.config_mcu_essential_pins
                0x00019f00       0x88 bin/src/helpers/gpio/gpio.o
                0x00019f00                config_mcu_essential_pins
 .text.rtc_timer_init
                0x00019f88       0x5c bin/src/helpers/rtc/rtc.o
                0x00019f88                rtc_timer_init
 .text.am_ctimer_isr
                0x00019fe4       0x28 bin/src/helpers/rtc/rtc.o
                0x00019fe4                am_ctimer_isr
 .text.rtc_get_system_time_ms
                0x0001a00c        0xc bin/src/helpers/rtc/rtc.o
                0x0001a00c                rtc_get_system_time_ms
 .text.rtc_set_time
                0x0001a018       0x50 bin/src/helpers/rtc/rtc.o
                0x0001a018                rtc_set_time
 .text.uart_print
                0x0001a068       0x48 bin/src/helpers/uart/uart_output.o
                0x0001a068                uart_print
 .text.am_uart_isr
                0x0001a0b0       0x28 bin/src/helpers/uart/uart_output.o
                0x0001a0b0                am_uart_isr
 .text.uart_init
                0x0001a0d8       0x68 bin/src/helpers/uart/uart_output.o
                0x0001a0d8                uart_init
 .text.mcu_init
                0x0001a140       0x88 bin/src/helpers/utils/utils.o
                0x0001a140                mcu_init
 .text.device_vibrate_task
                0x0001a1c8       0x38 bin/src/helpers/vibrator/vibrator.o
                0x0001a1c8                device_vibrate_task
 .text.device_vibrate
                0x0001a200       0x28 bin/src/helpers/vibrator/vibrator.o
                0x0001a200                device_vibrate
 .text.wdt_init
                0x0001a228       0x28 bin/src/helpers/wdt/wdt.o
                0x0001a228                wdt_init
 .text.startup.main
                0x0001a250        0x8 bin/src/main.o
                0x0001a250                main
 .text.run_tasks
                0x0001a258       0xb8 bin/src/rtos.o
                0x0001a258                run_tasks
 .text.vApplicationMallocFailedHook
                0x0001a310       0x28 bin/src/rtos.o
                0x0001a310                vApplicationMallocFailedHook
 .text.vApplicationStackOverflowHook
                0x0001a338        0x4 bin/src/rtos.o
                0x0001a338                vApplicationStackOverflowHook
 .text.home_action
                0x0001a33c       0x34 bin/src/screens/menu/menu_screen.o
 .text.menu_button_event_handler
                0x0001a370       0x10 bin/src/screens/menu/menu_screen.o
 .text.screen_menu_create
                0x0001a380      0x264 bin/src/screens/menu/menu_screen.o
                0x0001a380                screen_menu_create
 .text.acclSens_write
                0x0001a5e4       0x5c bin/src/sensors/accl/accl_sensor.o
                0x0001a5e4                acclSens_write
 .text.acclSens_read
                0x0001a640       0x98 bin/src/sensors/accl/accl_sensor.o
                0x0001a640                acclSens_read
 .text.acclSens_init
                0x0001a6d8       0xe8 bin/src/sensors/accl/accl_sensor.o
                0x0001a6d8                acclSens_init
 .text.acclSens_task
                0x0001a7c0       0xf4 bin/src/sensors/accl/accl_sensor.o
                0x0001a7c0                acclSens_task
 *fill*         0x0001a8b4        0x4 
 .text.lightSens_transmit
                0x0001a8b8       0x68 bin/src/sensors/light/light_sensor.o
                0x0001a8b8                lightSens_transmit
 .text.lightSens_transceive
                0x0001a920       0x98 bin/src/sensors/light/light_sensor.o
                0x0001a920                lightSens_transceive
 .text.lightSens_getNormValue
                0x0001a9b8       0xc0 bin/src/sensors/light/light_sensor.o
                0x0001a9b8                lightSens_getNormValue
 .text.lightSens_task
                0x0001aa78       0xcc bin/src/sensors/light/light_sensor.o
                0x0001aa78                lightSens_task
 .text.lightSens_init
                0x0001ab44      0x12c bin/src/sensors/light/light_sensor.o
                0x0001ab44                lightSens_init
 .text.lv_disp_get_scr_act
                0x0001ac70       0x14 bin/libs/lvgl/src/core/lv_disp.o
                0x0001ac70                lv_disp_get_scr_act
 .text.lv_disp_get_scr_prev
                0x0001ac84       0x14 bin/libs/lvgl/src/core/lv_disp.o
                0x0001ac84                lv_disp_get_scr_prev
 .text.lv_disp_get_layer_top
                0x0001ac98       0x14 bin/libs/lvgl/src/core/lv_disp.o
                0x0001ac98                lv_disp_get_layer_top
 .text.lv_disp_get_layer_sys
                0x0001acac       0x14 bin/libs/lvgl/src/core/lv_disp.o
                0x0001acac                lv_disp_get_layer_sys
 .text.lv_disp_get_theme
                0x0001acc0       0x10 bin/libs/lvgl/src/core/lv_disp.o
                0x0001acc0                lv_disp_get_theme
 .text.lv_disp_is_invalidation_enabled
                0x0001acd0       0x1c bin/libs/lvgl/src/core/lv_disp.o
                0x0001acd0                lv_disp_is_invalidation_enabled
 .text.lv_obj_event_base
                0x0001acec       0x34 bin/libs/lvgl/src/core/lv_event.o
                0x0001acec                lv_obj_event_base
 .text.event_send_core
                0x0001ad20      0x184 bin/libs/lvgl/src/core/lv_event.o
 .text.lv_event_send
                0x0001aea4       0x40 bin/libs/lvgl/src/core/lv_event.o
                0x0001aea4                lv_event_send
 .text.lv_event_get_target
                0x0001aee4        0x4 bin/libs/lvgl/src/core/lv_event.o
                0x0001aee4                lv_event_get_target
 .text.lv_event_get_current_target
                0x0001aee8        0x4 bin/libs/lvgl/src/core/lv_event.o
                0x0001aee8                lv_event_get_current_target
 .text.lv_event_get_code
                0x0001aeec        0x8 bin/libs/lvgl/src/core/lv_event.o
                0x0001aeec                lv_event_get_code
 .text.lv_event_get_param
                0x0001aef4        0x4 bin/libs/lvgl/src/core/lv_event.o
                0x0001aef4                lv_event_get_param
 .text.lv_event_get_user_data
                0x0001aef8        0x4 bin/libs/lvgl/src/core/lv_event.o
                0x0001aef8                lv_event_get_user_data
 .text._lv_event_mark_deleted
                0x0001aefc       0x2c bin/libs/lvgl/src/core/lv_event.o
                0x0001aefc                _lv_event_mark_deleted
 .text.lv_obj_add_event_cb
                0x0001af28       0x60 bin/libs/lvgl/src/core/lv_event.o
                0x0001af28                lv_obj_add_event_cb
 .text.lv_event_get_indev
                0x0001af88       0x10 bin/libs/lvgl/src/core/lv_event.o
                0x0001af88                lv_event_get_indev
 .text.lv_event_get_draw_ctx
                0x0001af98       0x10 bin/libs/lvgl/src/core/lv_event.o
                0x0001af98                lv_event_get_draw_ctx
 .text.lv_event_set_ext_draw_size
                0x0001afa8       0x18 bin/libs/lvgl/src/core/lv_event.o
                0x0001afa8                lv_event_set_ext_draw_size
 .text.get_indev
                0x0001afc0       0x60 bin/libs/lvgl/src/core/lv_group.o
 .text.focus_next_core
                0x0001b020       0xe4 bin/libs/lvgl/src/core/lv_group.o
 .text.lv_group_refocus
                0x0001b104       0x68 bin/libs/lvgl/src/core/lv_group.o
 .text._lv_group_init
                0x0001b16c        0xc bin/libs/lvgl/src/core/lv_group.o
                0x0001b16c                _lv_group_init
 .text.lv_group_get_default
                0x0001b178        0xc bin/libs/lvgl/src/core/lv_group.o
                0x0001b178                lv_group_get_default
 .text.lv_group_remove_obj
                0x0001b184       0xa0 bin/libs/lvgl/src/core/lv_group.o
                0x0001b184                lv_group_remove_obj
 .text.lv_group_add_obj
                0x0001b224       0x7c bin/libs/lvgl/src/core/lv_group.o
                0x0001b224                lv_group_add_obj
 .text.lv_group_focus_next
                0x0001b2a0       0x2c bin/libs/lvgl/src/core/lv_group.o
                0x0001b2a0                lv_group_focus_next
 .text.lv_group_focus_prev
                0x0001b2cc       0x2c bin/libs/lvgl/src/core/lv_group.o
                0x0001b2cc                lv_group_focus_prev
 .text.lv_group_send_data
                0x0001b2f8       0x30 bin/libs/lvgl/src/core/lv_group.o
                0x0001b2f8                lv_group_send_data
 .text.lv_group_set_editing
                0x0001b328       0x3c bin/libs/lvgl/src/core/lv_group.o
                0x0001b328                lv_group_set_editing
 .text.lv_group_focus_obj.part.0
                0x0001b364       0x8c bin/libs/lvgl/src/core/lv_group.o
 .text.lv_group_focus_obj
                0x0001b3f0        0x8 bin/libs/lvgl/src/core/lv_group.o
                0x0001b3f0                lv_group_focus_obj
 .text.lv_group_get_focused
                0x0001b3f8        0xc bin/libs/lvgl/src/core/lv_group.o
                0x0001b3f8                lv_group_get_focused
 .text.lv_group_get_editing
                0x0001b404        0xc bin/libs/lvgl/src/core/lv_group.o
                0x0001b404                lv_group_get_editing
 .text.lv_group_get_obj_count
                0x0001b410        0x8 bin/libs/lvgl/src/core/lv_group.o
                0x0001b410                lv_group_get_obj_count
 .text.indev_proc_release
                0x0001b418      0x158 bin/libs/lvgl/src/core/lv_indev.o
 .text.lv_indev_get_act
                0x0001b570        0xc bin/libs/lvgl/src/core/lv_indev.o
                0x0001b570                lv_indev_get_act
 .text.lv_indev_get_type
                0x0001b57c        0x8 bin/libs/lvgl/src/core/lv_indev.o
                0x0001b57c                lv_indev_get_type
 .text.lv_indev_reset
                0x0001b584       0xb0 bin/libs/lvgl/src/core/lv_indev.o
                0x0001b584                lv_indev_reset
 .text.lv_indev_reset_long_press
                0x0001b634       0x1c bin/libs/lvgl/src/core/lv_indev.o
                0x0001b634                lv_indev_reset_long_press
 .text.lv_indev_get_point
                0x0001b650       0x30 bin/libs/lvgl/src/core/lv_indev.o
                0x0001b650                lv_indev_get_point
 .text.lv_indev_get_scroll_dir
                0x0001b680       0x1c bin/libs/lvgl/src/core/lv_indev.o
                0x0001b680                lv_indev_get_scroll_dir
 .text.lv_indev_get_scroll_obj
                0x0001b69c       0x18 bin/libs/lvgl/src/core/lv_indev.o
                0x0001b69c                lv_indev_get_scroll_obj
 .text.lv_indev_get_vect
                0x0001b6b4       0x20 bin/libs/lvgl/src/core/lv_indev.o
                0x0001b6b4                lv_indev_get_vect
 .text.lv_indev_wait_release
                0x0001b6d4        0xc bin/libs/lvgl/src/core/lv_indev.o
                0x0001b6d4                lv_indev_wait_release
 .text.lv_indev_get_obj_act
                0x0001b6e0        0xc bin/libs/lvgl/src/core/lv_indev.o
                0x0001b6e0                lv_indev_get_obj_act
 .text.lv_indev_search_obj
                0x0001b6ec       0x84 bin/libs/lvgl/src/core/lv_indev.o
                0x0001b6ec                lv_indev_search_obj
 .text.indev_proc_press
                0x0001b770      0x44c bin/libs/lvgl/src/core/lv_indev.o
 .text.lv_indev_read_timer_cb
                0x0001bbbc      0x9b4 bin/libs/lvgl/src/core/lv_indev.o
                0x0001bbbc                lv_indev_read_timer_cb
 .text.find_snap_point_y
                0x0001c570      0x12c bin/libs/lvgl/src/core/lv_indev_scroll.o
 .text.find_snap_point_x
                0x0001c69c      0x12c bin/libs/lvgl/src/core/lv_indev_scroll.o
 .text.elastic_diff.part.0
                0x0001c7c8      0x160 bin/libs/lvgl/src/core/lv_indev_scroll.o
 .text._lv_indev_scroll_handler
                0x0001c928      0x6d0 bin/libs/lvgl/src/core/lv_indev_scroll.o
                0x0001c928                _lv_indev_scroll_handler
 .text._lv_indev_scroll_throw_handler
                0x0001cff8      0x340 bin/libs/lvgl/src/core/lv_indev_scroll.o
                0x0001cff8                _lv_indev_scroll_throw_handler
 .text.lv_indev_scroll_throw_predict
                0x0001d338       0x4c bin/libs/lvgl/src/core/lv_indev_scroll.o
                0x0001d338                lv_indev_scroll_throw_predict
 .text.lv_obj_draw
                0x0001d384      0x4b4 bin/libs/lvgl/src/core/lv_obj.o
 .text.lv_obj_destructor
                0x0001d838       0x6c bin/libs/lvgl/src/core/lv_obj.o
 .text.lv_obj_constructor
                0x0001d8a4       0x60 bin/libs/lvgl/src/core/lv_obj.o
 .text.lv_obj_set_state
                0x0001d904      0x2bc bin/libs/lvgl/src/core/lv_obj.o
 .text.lv_obj_event
                0x0001dbc0      0x3b0 bin/libs/lvgl/src/core/lv_obj.o
 .text.lv_init  0x0001df70       0x58 bin/libs/lvgl/src/core/lv_obj.o
                0x0001df70                lv_init
 .text.lv_obj_create
                0x0001dfc8       0x18 bin/libs/lvgl/src/core/lv_obj.o
                0x0001dfc8                lv_obj_create
 .text.lv_obj_add_flag
                0x0001dfe0       0x98 bin/libs/lvgl/src/core/lv_obj.o
                0x0001dfe0                lv_obj_add_flag
 .text.lv_obj_clear_flag
                0x0001e078       0x80 bin/libs/lvgl/src/core/lv_obj.o
                0x0001e078                lv_obj_clear_flag
 .text.lv_obj_add_state
                0x0001e0f8       0x14 bin/libs/lvgl/src/core/lv_obj.o
                0x0001e0f8                lv_obj_add_state
 .text.lv_obj_clear_state
                0x0001e10c       0x14 bin/libs/lvgl/src/core/lv_obj.o
                0x0001e10c                lv_obj_clear_state
 .text.lv_obj_has_flag
                0x0001e120        0xc bin/libs/lvgl/src/core/lv_obj.o
                0x0001e120                lv_obj_has_flag
 .text.lv_obj_has_flag_any
                0x0001e12c        0xc bin/libs/lvgl/src/core/lv_obj.o
                0x0001e12c                lv_obj_has_flag_any
 .text.lv_obj_get_state
                0x0001e138        0x4 bin/libs/lvgl/src/core/lv_obj.o
                0x0001e138                lv_obj_get_state
 .text.lv_obj_has_state
                0x0001e13c        0xc bin/libs/lvgl/src/core/lv_obj.o
                0x0001e13c                lv_obj_has_state
 .text.lv_obj_get_group
                0x0001e148        0x8 bin/libs/lvgl/src/core/lv_obj.o
                0x0001e148                lv_obj_get_group
 .text.lv_obj_allocate_spec_attr
                0x0001e150       0x38 bin/libs/lvgl/src/core/lv_obj.o
                0x0001e150                lv_obj_allocate_spec_attr
 .text.lv_obj_check_type
                0x0001e188       0x10 bin/libs/lvgl/src/core/lv_obj.o
                0x0001e188                lv_obj_check_type
 .text.lv_obj_construct
                0x0001e198       0x64 bin/libs/lvgl/src/core/lv_obj_class.o
 .text.lv_obj_class_create_obj
                0x0001e1fc       0xe4 bin/libs/lvgl/src/core/lv_obj_class.o
                0x0001e1fc                lv_obj_class_create_obj
 .text.lv_obj_class_init_obj
                0x0001e2e0       0xd8 bin/libs/lvgl/src/core/lv_obj_class.o
                0x0001e2e0                lv_obj_class_init_obj
 .text._lv_obj_destruct
                0x0001e3b8       0x1c bin/libs/lvgl/src/core/lv_obj_class.o
                0x0001e3b8                _lv_obj_destruct
 .text.lv_obj_is_editable
                0x0001e3d4       0x20 bin/libs/lvgl/src/core/lv_obj_class.o
                0x0001e3d4                lv_obj_is_editable
 .text.lv_obj_init_draw_rect_dsc
                0x0001e3f4      0x32c bin/libs/lvgl/src/core/lv_obj_draw.o
                0x0001e3f4                lv_obj_init_draw_rect_dsc
 .text.lv_obj_init_draw_label_dsc
                0x0001e720       0xb0 bin/libs/lvgl/src/core/lv_obj_draw.o
                0x0001e720                lv_obj_init_draw_label_dsc
 .text.lv_obj_init_draw_img_dsc
                0x0001e7d0       0xac bin/libs/lvgl/src/core/lv_obj_draw.o
                0x0001e7d0                lv_obj_init_draw_img_dsc
 .text.lv_obj_init_draw_line_dsc
                0x0001e87c       0xb8 bin/libs/lvgl/src/core/lv_obj_draw.o
                0x0001e87c                lv_obj_init_draw_line_dsc
 .text.lv_obj_init_draw_arc_dsc
                0x0001e934       0xa0 bin/libs/lvgl/src/core/lv_obj_draw.o
                0x0001e934                lv_obj_init_draw_arc_dsc
 .text.lv_obj_calculate_ext_draw_size
                0x0001e9d4       0xd4 bin/libs/lvgl/src/core/lv_obj_draw.o
                0x0001e9d4                lv_obj_calculate_ext_draw_size
 .text.lv_obj_draw_dsc_init
                0x0001eaa8       0x10 bin/libs/lvgl/src/core/lv_obj_draw.o
                0x0001eaa8                lv_obj_draw_dsc_init
 .text.lv_obj_refresh_ext_draw_size
                0x0001eab8       0x64 bin/libs/lvgl/src/core/lv_obj_draw.o
                0x0001eab8                lv_obj_refresh_ext_draw_size
 .text._lv_obj_get_ext_draw_size
                0x0001eb1c        0xc bin/libs/lvgl/src/core/lv_obj_draw.o
                0x0001eb1c                _lv_obj_get_ext_draw_size
 .text._lv_obj_get_layer_type
                0x0001eb28        0xc bin/libs/lvgl/src/core/lv_obj_draw.o
                0x0001eb28                _lv_obj_get_layer_type
 .text.transform_point
                0x0001eb34      0x10c bin/libs/lvgl/src/core/lv_obj_pos.o
 .text.lv_obj_set_pos
                0x0001ec40       0x58 bin/libs/lvgl/src/core/lv_obj_pos.o
                0x0001ec40                lv_obj_set_pos
 .text.lv_obj_set_x
                0x0001ec98       0x30 bin/libs/lvgl/src/core/lv_obj_pos.o
                0x0001ec98                lv_obj_set_x
 .text.lv_obj_set_y
                0x0001ecc8       0x30 bin/libs/lvgl/src/core/lv_obj_pos.o
                0x0001ecc8                lv_obj_set_y
 .text.lv_obj_set_size
                0x0001ecf8       0x58 bin/libs/lvgl/src/core/lv_obj_pos.o
                0x0001ecf8                lv_obj_set_size
 .text.lv_obj_set_width
                0x0001ed50       0x30 bin/libs/lvgl/src/core/lv_obj_pos.o
                0x0001ed50                lv_obj_set_width
 .text.lv_obj_set_height
                0x0001ed80       0x30 bin/libs/lvgl/src/core/lv_obj_pos.o
                0x0001ed80                lv_obj_set_height
 .text.lv_obj_set_layout
                0x0001edb0       0x3c bin/libs/lvgl/src/core/lv_obj_pos.o
                0x0001edb0                lv_obj_set_layout
 .text.lv_obj_is_layout_positioned
                0x0001edec       0x34 bin/libs/lvgl/src/core/lv_obj_pos.o
                0x0001edec                lv_obj_is_layout_positioned
 .text.lv_obj_mark_layout_as_dirty
                0x0001ee20       0x30 bin/libs/lvgl/src/core/lv_obj_pos.o
                0x0001ee20                lv_obj_mark_layout_as_dirty
 .text.lv_layout_register
                0x0001ee50       0x3c bin/libs/lvgl/src/core/lv_obj_pos.o
                0x0001ee50                lv_layout_register
 .text.lv_obj_align
                0x0001ee8c       0x60 bin/libs/lvgl/src/core/lv_obj_pos.o
                0x0001ee8c                lv_obj_align
 .text.lv_obj_get_coords
                0x0001eeec        0xc bin/libs/lvgl/src/core/lv_obj_pos.o
                0x0001eeec                lv_obj_get_coords
 .text.lv_obj_get_x
                0x0001eef8       0x48 bin/libs/lvgl/src/core/lv_obj_pos.o
                0x0001eef8                lv_obj_get_x
 .text.lv_obj_get_y
                0x0001ef40       0x48 bin/libs/lvgl/src/core/lv_obj_pos.o
                0x0001ef40                lv_obj_get_y
 .text.lv_obj_get_y2
                0x0001ef88       0x18 bin/libs/lvgl/src/core/lv_obj_pos.o
                0x0001ef88                lv_obj_get_y2
 .text.lv_obj_get_y_aligned
                0x0001efa0       0x10 bin/libs/lvgl/src/core/lv_obj_pos.o
                0x0001efa0                lv_obj_get_y_aligned
 .text.lv_obj_get_width
                0x0001efb0        0xc bin/libs/lvgl/src/core/lv_obj_pos.o
                0x0001efb0                lv_obj_get_width
 .text.lv_obj_get_height
                0x0001efbc        0xc bin/libs/lvgl/src/core/lv_obj_pos.o
                0x0001efbc                lv_obj_get_height
 .text.lv_obj_get_content_width
                0x0001efc8       0x3c bin/libs/lvgl/src/core/lv_obj_pos.o
                0x0001efc8                lv_obj_get_content_width
 .text.lv_obj_get_content_height
                0x0001f004       0x3c bin/libs/lvgl/src/core/lv_obj_pos.o
                0x0001f004                lv_obj_get_content_height
 .text.lv_obj_get_content_coords
                0x0001f040       0x68 bin/libs/lvgl/src/core/lv_obj_pos.o
                0x0001f040                lv_obj_get_content_coords
 .text.lv_obj_get_self_width
                0x0001f0a8       0x20 bin/libs/lvgl/src/core/lv_obj_pos.o
                0x0001f0a8                lv_obj_get_self_width
 .text.lv_obj_get_self_height
                0x0001f0c8       0x1c bin/libs/lvgl/src/core/lv_obj_pos.o
                0x0001f0c8                lv_obj_get_self_height
 .text.lv_obj_refresh_self_size
                0x0001f0e4       0x5c bin/libs/lvgl/src/core/lv_obj_pos.o
                0x0001f0e4                lv_obj_refresh_self_size
 .text.lv_obj_move_children_by
                0x0001f140       0x80 bin/libs/lvgl/src/core/lv_obj_pos.o
                0x0001f140                lv_obj_move_children_by
 .text.lv_obj_transform_point
                0x0001f1c0       0x6c bin/libs/lvgl/src/core/lv_obj_pos.o
                0x0001f1c0                lv_obj_transform_point
 .text.lv_obj_get_transformed_area
                0x0001f22c       0xf8 bin/libs/lvgl/src/core/lv_obj_pos.o
                0x0001f22c                lv_obj_get_transformed_area
 .text.lv_obj_area_is_visible
                0x0001f324       0xfc bin/libs/lvgl/src/core/lv_obj_pos.o
                0x0001f324                lv_obj_area_is_visible
 .text.lv_obj_invalidate_area
                0x0001f420       0x3c bin/libs/lvgl/src/core/lv_obj_pos.o
                0x0001f420                lv_obj_invalidate_area
 .text.lv_obj_invalidate
                0x0001f45c       0x48 bin/libs/lvgl/src/core/lv_obj_pos.o
                0x0001f45c                lv_obj_invalidate
 .text.lv_obj_move_to
                0x0001f4a4      0x1b4 bin/libs/lvgl/src/core/lv_obj_pos.o
                0x0001f4a4                lv_obj_move_to
 .text.lv_obj_refr_pos.part.0
                0x0001f658      0x2bc bin/libs/lvgl/src/core/lv_obj_pos.o
 .text.lv_obj_is_visible
                0x0001f914       0x48 bin/libs/lvgl/src/core/lv_obj_pos.o
                0x0001f914                lv_obj_is_visible
 .text.lv_obj_set_ext_click_area
                0x0001f95c       0x10 bin/libs/lvgl/src/core/lv_obj_pos.o
                0x0001f95c                lv_obj_set_ext_click_area
 .text.lv_obj_get_click_area
                0x0001f96c       0x38 bin/libs/lvgl/src/core/lv_obj_pos.o
                0x0001f96c                lv_obj_get_click_area
 .text.lv_obj_hit_test
                0x0001f9a4       0x90 bin/libs/lvgl/src/core/lv_obj_pos.o
                0x0001f9a4                lv_obj_hit_test
 .text.lv_clamp_width
                0x0001fa34       0x94 bin/libs/lvgl/src/core/lv_obj_pos.o
                0x0001fa34                lv_clamp_width
 .text.lv_obj_refr_size
                0x0001fac8      0x6d8 bin/libs/lvgl/src/core/lv_obj_pos.o
                0x0001fac8                lv_obj_refr_size
 .text.layout_update_core
                0x000201a0       0xac bin/libs/lvgl/src/core/lv_obj_pos.o
 .text.lv_obj_align_to
                0x0002024c      0x450 bin/libs/lvgl/src/core/lv_obj_pos.o
                0x0002024c                lv_obj_align_to
 .text.lv_obj_update_layout
                0x0002069c       0x40 bin/libs/lvgl/src/core/lv_obj_pos.o
                0x0002069c                lv_obj_update_layout
 .text.scroll_anim_ready_cb
                0x000206dc        0xc bin/libs/lvgl/src/core/lv_obj_scroll.o
 .text.lv_obj_set_scrollbar_mode
                0x000206e8       0x28 bin/libs/lvgl/src/core/lv_obj_scroll.o
                0x000206e8                lv_obj_set_scrollbar_mode
 .text.lv_obj_set_scroll_dir
                0x00020710       0x20 bin/libs/lvgl/src/core/lv_obj_scroll.o
                0x00020710                lv_obj_set_scroll_dir
 .text.lv_obj_set_scroll_snap_x
                0x00020730       0x18 bin/libs/lvgl/src/core/lv_obj_scroll.o
                0x00020730                lv_obj_set_scroll_snap_x
 .text.lv_obj_set_scroll_snap_y
                0x00020748       0x18 bin/libs/lvgl/src/core/lv_obj_scroll.o
                0x00020748                lv_obj_set_scroll_snap_y
 .text.lv_obj_get_scrollbar_mode
                0x00020760       0x10 bin/libs/lvgl/src/core/lv_obj_scroll.o
                0x00020760                lv_obj_get_scrollbar_mode
 .text.lv_obj_get_scroll_dir
                0x00020770       0x10 bin/libs/lvgl/src/core/lv_obj_scroll.o
                0x00020770                lv_obj_get_scroll_dir
 .text.lv_obj_get_scroll_snap_x
                0x00020780        0xc bin/libs/lvgl/src/core/lv_obj_scroll.o
                0x00020780                lv_obj_get_scroll_snap_x
 .text.lv_obj_get_scroll_snap_y
                0x0002078c        0xc bin/libs/lvgl/src/core/lv_obj_scroll.o
                0x0002078c                lv_obj_get_scroll_snap_y
 .text.lv_obj_get_scroll_x
                0x00020798        0xc bin/libs/lvgl/src/core/lv_obj_scroll.o
                0x00020798                lv_obj_get_scroll_x
 .text.lv_obj_get_scroll_y
                0x000207a4        0xc bin/libs/lvgl/src/core/lv_obj_scroll.o
                0x000207a4                lv_obj_get_scroll_y
 .text.lv_obj_get_scroll_top
                0x000207b0        0xc bin/libs/lvgl/src/core/lv_obj_scroll.o
                0x000207b0                lv_obj_get_scroll_top
 .text.lv_obj_get_scroll_bottom
                0x000207bc       0xd4 bin/libs/lvgl/src/core/lv_obj_scroll.o
                0x000207bc                lv_obj_get_scroll_bottom
 .text.lv_obj_get_scroll_left
                0x00020890       0xe8 bin/libs/lvgl/src/core/lv_obj_scroll.o
                0x00020890                lv_obj_get_scroll_left
 .text.lv_obj_get_scroll_right
                0x00020978       0xf0 bin/libs/lvgl/src/core/lv_obj_scroll.o
                0x00020978                lv_obj_get_scroll_right
 .text.lv_obj_get_scroll_end
                0x00020a68       0x5c bin/libs/lvgl/src/core/lv_obj_scroll.o
                0x00020a68                lv_obj_get_scroll_end
 .text._lv_obj_scroll_by_raw
                0x00020ac4       0x4c bin/libs/lvgl/src/core/lv_obj_scroll.o
                0x00020ac4                _lv_obj_scroll_by_raw
 .text.scroll_y_anim
                0x00020b10       0x14 bin/libs/lvgl/src/core/lv_obj_scroll.o
 .text.scroll_x_anim
                0x00020b24       0x14 bin/libs/lvgl/src/core/lv_obj_scroll.o
 .text.lv_obj_scroll_by
                0x00020b38      0x148 bin/libs/lvgl/src/core/lv_obj_scroll.o
                0x00020b38                lv_obj_scroll_by
 .text.lv_obj_scroll_by_bounded
                0x00020c80      0x110 bin/libs/lvgl/src/core/lv_obj_scroll.o
                0x00020c80                lv_obj_scroll_by_bounded
 .text.lv_obj_scroll_to_x
                0x00020d90       0x30 bin/libs/lvgl/src/core/lv_obj_scroll.o
                0x00020d90                lv_obj_scroll_to_x
 .text.lv_obj_scroll_to_y
                0x00020dc0       0x30 bin/libs/lvgl/src/core/lv_obj_scroll.o
                0x00020dc0                lv_obj_scroll_to_y
 .text.lv_obj_scroll_to
                0x00020df0       0x58 bin/libs/lvgl/src/core/lv_obj_scroll.o
                0x00020df0                lv_obj_scroll_to
 .text.scroll_area_into_view
                0x00020e48      0x348 bin/libs/lvgl/src/core/lv_obj_scroll.o
 .text.lv_obj_scroll_to_view_recursive
                0x00021190       0x3c bin/libs/lvgl/src/core/lv_obj_scroll.o
                0x00021190                lv_obj_scroll_to_view_recursive
 .text.lv_obj_get_scrollbar_area
                0x000211cc      0x838 bin/libs/lvgl/src/core/lv_obj_scroll.o
                0x000211cc                lv_obj_get_scrollbar_area
 .text.lv_obj_scrollbar_invalidate
                0x00021a04       0x50 bin/libs/lvgl/src/core/lv_obj_scroll.o
                0x00021a04                lv_obj_scrollbar_invalidate
 .text.lv_obj_readjust_scroll
                0x00021a54       0xc0 bin/libs/lvgl/src/core/lv_obj_scroll.o
                0x00021a54                lv_obj_readjust_scroll
 .text.refresh_children_style
                0x00021b14       0x3c bin/libs/lvgl/src/core/lv_obj_style.o
 .text.get_local_style
                0x00021b50       0xd8 bin/libs/lvgl/src/core/lv_obj_style.o
 .text.get_trans_style
                0x00021c28       0xc0 bin/libs/lvgl/src/core/lv_obj_style.o
 .text.trans_del.isra.0
                0x00021ce8       0xcc bin/libs/lvgl/src/core/lv_obj_style.o
 .text._lv_obj_style_init
                0x00021db4        0xc bin/libs/lvgl/src/core/lv_obj_style.o
                0x00021db4                _lv_obj_style_init
 .text.lv_obj_enable_style_refresh
                0x00021dc0        0xc bin/libs/lvgl/src/core/lv_obj_style.o
                0x00021dc0                lv_obj_enable_style_refresh
 .text.lv_obj_get_style_prop
                0x00021dcc      0x184 bin/libs/lvgl/src/core/lv_obj_style.o
                0x00021dcc                lv_obj_get_style_prop
 .text.lv_obj_refresh_style.part.0
                0x00021f50      0x1c4 bin/libs/lvgl/src/core/lv_obj_style.o
 .text.lv_obj_refresh_style
                0x00022114       0x10 bin/libs/lvgl/src/core/lv_obj_style.o
                0x00022114                lv_obj_refresh_style
 .text.report_style_change_core
                0x00022124       0x68 bin/libs/lvgl/src/core/lv_obj_style.o
 .text.lv_obj_report_style_change
                0x0002218c       0x44 bin/libs/lvgl/src/core/lv_obj_style.o
                0x0002218c                lv_obj_report_style_change
 .text.trans_anim_cb
                0x000221d0      0x17c bin/libs/lvgl/src/core/lv_obj_style.o
 .text.lv_obj_remove_style
                0x0002234c      0x124 bin/libs/lvgl/src/core/lv_obj_style.o
                0x0002234c                lv_obj_remove_style
 .text.trans_anim_ready_cb
                0x00022470       0xc0 bin/libs/lvgl/src/core/lv_obj_style.o
 .text.lv_obj_add_style
                0x00022530      0x10c bin/libs/lvgl/src/core/lv_obj_style.o
                0x00022530                lv_obj_add_style
 .text.trans_anim_start_cb
                0x0002263c       0x40 bin/libs/lvgl/src/core/lv_obj_style.o
 .text.lv_obj_set_local_style_prop
                0x0002267c       0x34 bin/libs/lvgl/src/core/lv_obj_style.o
                0x0002267c                lv_obj_set_local_style_prop
 .text.lv_obj_get_local_style_prop
                0x000226b0       0x44 bin/libs/lvgl/src/core/lv_obj_style.o
                0x000226b0                lv_obj_get_local_style_prop
 .text.lv_obj_remove_local_style_prop
                0x000226f4       0x70 bin/libs/lvgl/src/core/lv_obj_style.o
                0x000226f4                lv_obj_remove_local_style_prop
 .text._lv_obj_style_create_transition
                0x00022764      0x160 bin/libs/lvgl/src/core/lv_obj_style.o
                0x00022764                _lv_obj_style_create_transition
 .text._lv_obj_style_apply_color_filter
                0x000228c4       0x38 bin/libs/lvgl/src/core/lv_obj_style.o
                0x000228c4                _lv_obj_style_apply_color_filter
 .text._lv_obj_style_state_compare
                0x000228fc      0x264 bin/libs/lvgl/src/core/lv_obj_style.o
                0x000228fc                _lv_obj_style_state_compare
 .text.lv_obj_style_get_selector_state
                0x00022b60        0x4 bin/libs/lvgl/src/core/lv_obj_style.o
                0x00022b60                lv_obj_style_get_selector_state
 .text.lv_obj_style_get_selector_part
                0x00022b64        0x8 bin/libs/lvgl/src/core/lv_obj_style.o
                0x00022b64                lv_obj_style_get_selector_part
 .text.lv_obj_calculate_style_text_align
                0x00022b6c       0x24 bin/libs/lvgl/src/core/lv_obj_style.o
                0x00022b6c                lv_obj_calculate_style_text_align
 .text.lv_obj_get_style_opa_recursive
                0x00022b90       0x74 bin/libs/lvgl/src/core/lv_obj_style.o
                0x00022b90                lv_obj_get_style_opa_recursive
 .text.lv_obj_set_style_width
                0x00022c04        0xc bin/libs/lvgl/src/core/lv_obj_style_gen.o
                0x00022c04                lv_obj_set_style_width
 .text.lv_obj_set_style_min_width
                0x00022c10        0xc bin/libs/lvgl/src/core/lv_obj_style_gen.o
                0x00022c10                lv_obj_set_style_min_width
 .text.lv_obj_set_style_max_width
                0x00022c1c        0xc bin/libs/lvgl/src/core/lv_obj_style_gen.o
                0x00022c1c                lv_obj_set_style_max_width
 .text.lv_obj_set_style_height
                0x00022c28        0xc bin/libs/lvgl/src/core/lv_obj_style_gen.o
                0x00022c28                lv_obj_set_style_height
 .text.lv_obj_set_style_x
                0x00022c34        0xc bin/libs/lvgl/src/core/lv_obj_style_gen.o
                0x00022c34                lv_obj_set_style_x
 .text.lv_obj_set_style_y
                0x00022c40        0xc bin/libs/lvgl/src/core/lv_obj_style_gen.o
                0x00022c40                lv_obj_set_style_y
 .text.lv_obj_set_style_align
                0x00022c4c        0xc bin/libs/lvgl/src/core/lv_obj_style_gen.o
                0x00022c4c                lv_obj_set_style_align
 .text.lv_obj_set_style_pad_top
                0x00022c58        0xc bin/libs/lvgl/src/core/lv_obj_style_gen.o
                0x00022c58                lv_obj_set_style_pad_top
 .text.lv_obj_set_style_pad_bottom
                0x00022c64        0xc bin/libs/lvgl/src/core/lv_obj_style_gen.o
                0x00022c64                lv_obj_set_style_pad_bottom
 .text.lv_obj_set_style_pad_left
                0x00022c70        0xc bin/libs/lvgl/src/core/lv_obj_style_gen.o
                0x00022c70                lv_obj_set_style_pad_left
 .text.lv_obj_set_style_pad_right
                0x00022c7c        0xc bin/libs/lvgl/src/core/lv_obj_style_gen.o
                0x00022c7c                lv_obj_set_style_pad_right
 .text.lv_obj_set_style_bg_color
                0x00022c88       0x28 bin/libs/lvgl/src/core/lv_obj_style_gen.o
                0x00022c88                lv_obj_set_style_bg_color
 .text.lv_obj_set_style_bg_opa
                0x00022cb0        0xc bin/libs/lvgl/src/core/lv_obj_style_gen.o
                0x00022cb0                lv_obj_set_style_bg_opa
 .text.lv_obj_set_style_bg_img_src
                0x00022cbc        0xc bin/libs/lvgl/src/core/lv_obj_style_gen.o
                0x00022cbc                lv_obj_set_style_bg_img_src
 .text.lv_obj_set_style_border_width
                0x00022cc8        0xc bin/libs/lvgl/src/core/lv_obj_style_gen.o
                0x00022cc8                lv_obj_set_style_border_width
 .text.lv_obj_set_style_text_color
                0x00022cd4       0x28 bin/libs/lvgl/src/core/lv_obj_style_gen.o
                0x00022cd4                lv_obj_set_style_text_color
 .text.lv_obj_set_style_text_font
                0x00022cfc        0xc bin/libs/lvgl/src/core/lv_obj_style_gen.o
                0x00022cfc                lv_obj_set_style_text_font
 .text.lv_obj_set_style_text_align
                0x00022d08        0xc bin/libs/lvgl/src/core/lv_obj_style_gen.o
                0x00022d08                lv_obj_set_style_text_align
 .text.lv_obj_set_style_radius
                0x00022d14        0xc bin/libs/lvgl/src/core/lv_obj_style_gen.o
                0x00022d14                lv_obj_set_style_radius
 .text.lv_obj_set_style_layout
                0x00022d20        0xc bin/libs/lvgl/src/core/lv_obj_style_gen.o
                0x00022d20                lv_obj_set_style_layout
 .text.lv_obj_set_style_base_dir
                0x00022d2c        0xc bin/libs/lvgl/src/core/lv_obj_style_gen.o
                0x00022d2c                lv_obj_set_style_base_dir
 .text.lv_obj_get_screen
                0x00022d38       0x10 bin/libs/lvgl/src/core/lv_obj_tree.o
                0x00022d38                lv_obj_get_screen
 .text.lv_obj_get_disp
                0x00022d48       0x50 bin/libs/lvgl/src/core/lv_obj_tree.o
                0x00022d48                lv_obj_get_disp
 .text.lv_obj_get_parent
                0x00022d98        0x8 bin/libs/lvgl/src/core/lv_obj_tree.o
                0x00022d98                lv_obj_get_parent
 .text.lv_obj_get_child
                0x00022da0       0x20 bin/libs/lvgl/src/core/lv_obj_tree.o
                0x00022da0                lv_obj_get_child
 .text.lv_obj_get_child_cnt
                0x00022dc0        0x8 bin/libs/lvgl/src/core/lv_obj_tree.o
                0x00022dc0                lv_obj_get_child_cnt
 .text.lv_obj_get_index
                0x00022dc8       0x48 bin/libs/lvgl/src/core/lv_obj_tree.o
                0x00022dc8                lv_obj_get_index
 .text.obj_del_core.part.0
                0x00022e10      0x164 bin/libs/lvgl/src/core/lv_obj_tree.o
 .text.lv_obj_del
                0x00022f74       0x68 bin/libs/lvgl/src/core/lv_obj_tree.o
                0x00022f74                lv_obj_del
 .text.lv_obj_set_parent
                0x00022fdc       0xc8 bin/libs/lvgl/src/core/lv_obj_tree.o
                0x00022fdc                lv_obj_set_parent
 .text.lv_obj_move_to_index
                0x000230a4       0x74 bin/libs/lvgl/src/core/lv_obj_tree.o
                0x000230a4                lv_obj_move_to_index
 .text.lv_refr_get_top_obj
                0x00023118       0x6c bin/libs/lvgl/src/core/lv_refr.o
 .text._lv_refr_init
                0x00023184       0x1c bin/libs/lvgl/src/core/lv_refr.o
                0x00023184                _lv_refr_init
 .text.lv_obj_redraw
                0x000231a0      0x114 bin/libs/lvgl/src/core/lv_refr.o
                0x000231a0                lv_obj_redraw
 .text.refr_obj.part.0
                0x000232b4      0x384 bin/libs/lvgl/src/core/lv_refr.o
 .text.refr_obj_and_children
                0x00023638       0xb8 bin/libs/lvgl/src/core/lv_refr.o
 .text.refr_area_part
                0x000236f0      0x704 bin/libs/lvgl/src/core/lv_refr.o
 .text._lv_inv_area
                0x00023df4       0xf8 bin/libs/lvgl/src/core/lv_refr.o
                0x00023df4                _lv_inv_area
 .text._lv_refr_get_disp_refreshing
                0x00023eec        0xc bin/libs/lvgl/src/core/lv_refr.o
                0x00023eec                _lv_refr_get_disp_refreshing
 .text._lv_disp_refr_timer
                0x00023ef8      0x6f8 bin/libs/lvgl/src/core/lv_refr.o
                0x00023ef8                _lv_disp_refr_timer
 .text.apply_theme
                0x000245f0       0x58 bin/libs/lvgl/src/core/lv_theme.o
 .text.lv_theme_apply
                0x00024648       0x78 bin/libs/lvgl/src/core/lv_theme.o
                0x00024648                lv_theme_apply
 .text.lv_theme_get_color_primary
                0x000246c0       0x28 bin/libs/lvgl/src/core/lv_theme.o
                0x000246c0                lv_theme_get_color_primary
 .text.lv_draw_init
                0x000246e8        0x4 bin/libs/lvgl/src/draw/lv_draw.o
                0x000246e8                lv_draw_init
 .text.lv_draw_wait_for_finish
                0x000246ec        0x8 bin/libs/lvgl/src/draw/lv_draw.o
                0x000246ec                lv_draw_wait_for_finish
 .text.lv_draw_arc_dsc_init
                0x000246f4       0x18 bin/libs/lvgl/src/draw/lv_draw_arc.o
                0x000246f4                lv_draw_arc_dsc_init
 .text.lv_draw_arc
                0x0002470c       0x2c bin/libs/lvgl/src/draw/lv_draw_arc.o
                0x0002470c                lv_draw_arc
 .text.lv_draw_arc_get_area
                0x00024738      0x4bc bin/libs/lvgl/src/draw/lv_draw_arc.o
                0x00024738                lv_draw_arc_get_area
 .text.lv_draw_img_dsc_init
                0x00024bf4       0x24 bin/libs/lvgl/src/draw/lv_draw_img.o
                0x00024bf4                lv_draw_img_dsc_init
 .text.lv_draw_img
                0x00024c18      0x304 bin/libs/lvgl/src/draw/lv_draw_img.o
                0x00024c18                lv_draw_img
 .text.lv_img_cf_get_px_size
                0x00024f1c       0x14 bin/libs/lvgl/src/draw/lv_draw_img.o
                0x00024f1c                lv_img_cf_get_px_size
 .text.lv_img_src_get_type
                0x00024f30       0x1c bin/libs/lvgl/src/draw/lv_draw_img.o
                0x00024f30                lv_img_src_get_type
 .text.lv_draw_label_dsc_init
                0x00024f4c       0x30 bin/libs/lvgl/src/draw/lv_draw_label.o
                0x00024f4c                lv_draw_label_dsc_init
 .text.lv_draw_label
                0x00024f7c      0x668 bin/libs/lvgl/src/draw/lv_draw_label.o
                0x00024f7c                lv_draw_label
 .text.lv_draw_layer_create
                0x000255e4       0x64 bin/libs/lvgl/src/draw/lv_draw_layer.o
                0x000255e4                lv_draw_layer_create
 .text.lv_draw_layer_adjust
                0x00025648        0x8 bin/libs/lvgl/src/draw/lv_draw_layer.o
                0x00025648                lv_draw_layer_adjust
 .text.lv_draw_layer_blend
                0x00025650        0x8 bin/libs/lvgl/src/draw/lv_draw_layer.o
                0x00025650                lv_draw_layer_blend
 .text.lv_draw_layer_destroy
                0x00025658       0x3c bin/libs/lvgl/src/draw/lv_draw_layer.o
                0x00025658                lv_draw_layer_destroy
 .text.lv_draw_line_dsc_init
                0x00025694       0x18 bin/libs/lvgl/src/draw/lv_draw_line.o
                0x00025694                lv_draw_line_dsc_init
 .text.lv_draw_line
                0x000256ac       0x1c bin/libs/lvgl/src/draw/lv_draw_line.o
                0x000256ac                lv_draw_line
 .text.lv_draw_mask_radius
                0x000256c8      0x338 bin/libs/lvgl/src/draw/lv_draw_mask.o
 .text.lv_draw_mask_line
                0x00025a00      0x530 bin/libs/lvgl/src/draw/lv_draw_mask.o
 .text.lv_draw_mask_angle
                0x00025f30      0x38c bin/libs/lvgl/src/draw/lv_draw_mask.o
 .text.lv_draw_mask_add
                0x000262bc       0x34 bin/libs/lvgl/src/draw/lv_draw_mask.o
                0x000262bc                lv_draw_mask_add
 .text.lv_draw_mask_apply
                0x000262f0       0x50 bin/libs/lvgl/src/draw/lv_draw_mask.o
                0x000262f0                lv_draw_mask_apply
 .text.lv_draw_mask_remove_id
                0x00026340       0x24 bin/libs/lvgl/src/draw/lv_draw_mask.o
                0x00026340                lv_draw_mask_remove_id
 .text.lv_draw_mask_remove_custom
                0x00026364       0x2c bin/libs/lvgl/src/draw/lv_draw_mask.o
                0x00026364                lv_draw_mask_remove_custom
 .text.lv_draw_mask_free_param
                0x00026390       0x40 bin/libs/lvgl/src/draw/lv_draw_mask.o
                0x00026390                lv_draw_mask_free_param
 .text._lv_draw_mask_cleanup
                0x000263d0       0x24 bin/libs/lvgl/src/draw/lv_draw_mask.o
                0x000263d0                _lv_draw_mask_cleanup
 .text.lv_draw_mask_is_any
                0x000263f4       0x5c bin/libs/lvgl/src/draw/lv_draw_mask.o
                0x000263f4                lv_draw_mask_is_any
 .text.lv_draw_mask_line_points_init
                0x00026450      0x154 bin/libs/lvgl/src/draw/lv_draw_mask.o
                0x00026450                lv_draw_mask_line_points_init
 .text.lv_draw_mask_line_angle_init
                0x000265a4       0x58 bin/libs/lvgl/src/draw/lv_draw_mask.o
                0x000265a4                lv_draw_mask_line_angle_init
 .text.lv_draw_mask_angle_init
                0x000265fc       0xa4 bin/libs/lvgl/src/draw/lv_draw_mask.o
                0x000265fc                lv_draw_mask_angle_init
 .text.lv_draw_mask_radius_init
                0x000266a0      0x48c bin/libs/lvgl/src/draw/lv_draw_mask.o
                0x000266a0                lv_draw_mask_radius_init
 .text.lv_draw_rect_dsc_init
                0x00026b2c       0x58 bin/libs/lvgl/src/draw/lv_draw_rect.o
                0x00026b2c                lv_draw_rect_dsc_init
 .text.lv_draw_rect
                0x00026b84       0x30 bin/libs/lvgl/src/draw/lv_draw_rect.o
                0x00026b84                lv_draw_rect
 .text.lv_draw_transform
                0x00026bb4       0x38 bin/libs/lvgl/src/draw/lv_draw_transform.o
                0x00026bb4                lv_draw_transform
 .text._lv_img_buf_get_transformed_area
                0x00026bec      0x104 bin/libs/lvgl/src/draw/lv_img_buf.o
                0x00026bec                _lv_img_buf_get_transformed_area
 .text._lv_img_cache_open
                0x00026cf0       0x54 bin/libs/lvgl/src/draw/lv_img_cache.o
                0x00026cf0                _lv_img_cache_open
 .text.lv_img_cache_invalidate_src
                0x00026d44        0x4 bin/libs/lvgl/src/draw/lv_img_cache.o
                0x00026d44                lv_img_cache_invalidate_src
 .text.lv_img_decoder_built_in_info
                0x00026d48       0xb8 bin/libs/lvgl/src/draw/lv_img_decoder.o
                0x00026d48                lv_img_decoder_built_in_info
 .text.lv_img_decoder_built_in_close
                0x00026e00       0x34 bin/libs/lvgl/src/draw/lv_img_decoder.o
                0x00026e00                lv_img_decoder_built_in_close
 .text.lv_img_decoder_built_in_open
                0x00026e34      0x294 bin/libs/lvgl/src/draw/lv_img_decoder.o
                0x00026e34                lv_img_decoder_built_in_open
 .text.lv_img_decoder_built_in_read_line
                0x000270c8      0x34c bin/libs/lvgl/src/draw/lv_img_decoder.o
                0x000270c8                lv_img_decoder_built_in_read_line
 .text._lv_img_decoder_init
                0x00027414       0x44 bin/libs/lvgl/src/draw/lv_img_decoder.o
                0x00027414                _lv_img_decoder_init
 .text.lv_img_decoder_get_info
                0x00027458       0x60 bin/libs/lvgl/src/draw/lv_img_decoder.o
                0x00027458                lv_img_decoder_get_info
 .text.lv_img_decoder_open
                0x000274b8       0xdc bin/libs/lvgl/src/draw/lv_img_decoder.o
                0x000274b8                lv_img_decoder_open
 .text.lv_img_decoder_read_line
                0x00027594       0x24 bin/libs/lvgl/src/draw/lv_img_decoder.o
                0x00027594                lv_img_decoder_read_line
 .text.lv_img_decoder_close
                0x000275b8       0x24 bin/libs/lvgl/src/draw/lv_img_decoder.o
                0x000275b8                lv_img_decoder_close
 .text.lv_draw_sw_wait_for_finish
                0x000275dc        0x4 bin/libs/lvgl/src/draw/sw/lv_draw_sw.o
                0x000275dc                lv_draw_sw_wait_for_finish
 .text.lv_draw_sw_buffer_copy
                0x000275e0       0x64 bin/libs/lvgl/src/draw/sw/lv_draw_sw.o
                0x000275e0                lv_draw_sw_buffer_copy
 .text.lv_draw_sw_init_ctx
                0x00027644       0x8c bin/libs/lvgl/src/draw/sw/lv_draw_sw.o
                0x00027644                lv_draw_sw_init_ctx
 .text.get_rounded_area
                0x000276d0       0x98 bin/libs/lvgl/src/draw/sw/lv_draw_sw_arc.o
 .text.lv_draw_sw_arc
                0x00027768      0xe0c bin/libs/lvgl/src/draw/sw/lv_draw_sw_arc.o
                0x00027768                lv_draw_sw_arc
 .text.color_blend_true_color_multiply
                0x00028574       0x88 bin/libs/lvgl/src/draw/sw/lv_draw_sw_blend.o
 .text.color_blend_true_color_additive
                0x000285fc       0xa4 bin/libs/lvgl/src/draw/sw/lv_draw_sw_blend.o
 .text.color_blend_true_color_subtractive
                0x000286a0       0x94 bin/libs/lvgl/src/draw/sw/lv_draw_sw_blend.o
 .text.lv_draw_sw_blend
                0x00028734       0x30 bin/libs/lvgl/src/draw/sw/lv_draw_sw_blend.o
                0x00028734                lv_draw_sw_blend
 .text.lv_draw_sw_blend_basic
                0x00028764      0xeb8 bin/libs/lvgl/src/draw/sw/lv_draw_sw_blend.o
                0x00028764                lv_draw_sw_blend_basic
 .text.lv_gradient_calculate
                0x0002961c      0x18c bin/libs/lvgl/src/draw/sw/lv_draw_sw_gradient.o
                0x0002961c                lv_gradient_calculate
 .text.lv_gradient_get
                0x000297a8      0x304 bin/libs/lvgl/src/draw/sw/lv_draw_sw_gradient.o
                0x000297a8                lv_gradient_get
 .text.lv_gradient_cleanup
                0x00029aac       0x10 bin/libs/lvgl/src/draw/sw/lv_draw_sw_gradient.o
                0x00029aac                lv_gradient_cleanup
 .text.lv_draw_sw_img_decoded
                0x00029abc      0x56c bin/libs/lvgl/src/draw/sw/lv_draw_sw_img.o
                0x00029abc                lv_draw_sw_img_decoded
 .text.lv_draw_sw_layer_create
                0x0002a028       0xfc bin/libs/lvgl/src/draw/sw/lv_draw_sw_layer.o
                0x0002a028                lv_draw_sw_layer_create
 .text.lv_draw_sw_layer_adjust
                0x0002a124       0x5c bin/libs/lvgl/src/draw/sw/lv_draw_sw_layer.o
                0x0002a124                lv_draw_sw_layer_adjust
 .text.lv_draw_sw_layer_blend
                0x0002a180       0x88 bin/libs/lvgl/src/draw/sw/lv_draw_sw_layer.o
                0x0002a180                lv_draw_sw_layer_blend
 .text.lv_draw_sw_layer_destroy
                0x0002a208        0x8 bin/libs/lvgl/src/draw/sw/lv_draw_sw_layer.o
                0x0002a208                lv_draw_sw_layer_destroy
 .text.lv_draw_sw_letter
                0x0002a210      0x4b8 bin/libs/lvgl/src/draw/sw/lv_draw_sw_letter.o
                0x0002a210                lv_draw_sw_letter
 .text.lv_draw_sw_line
                0x0002a6c8      0x874 bin/libs/lvgl/src/draw/sw/lv_draw_sw_line.o
                0x0002a6c8                lv_draw_sw_line
 .text.lv_draw_sw_polygon
                0x0002af3c      0x2b0 bin/libs/lvgl/src/draw/sw/lv_draw_sw_polygon.o
                0x0002af3c                lv_draw_sw_polygon
 .text.shadow_blur_corner
                0x0002b1ec      0x1b8 bin/libs/lvgl/src/draw/sw/lv_draw_sw_rect.o
 .text.draw_bg  0x0002b3a4      0x428 bin/libs/lvgl/src/draw/sw/lv_draw_sw_rect.o
 .text.draw_bg_img
                0x0002b7cc      0x240 bin/libs/lvgl/src/draw/sw/lv_draw_sw_rect.o
 .text.lv_draw_sw_bg
                0x0002ba0c       0x1c bin/libs/lvgl/src/draw/sw/lv_draw_sw_rect.o
                0x0002ba0c                lv_draw_sw_bg
 .text.draw_border_generic
                0x0002ba28      0x838 bin/libs/lvgl/src/draw/sw/lv_draw_sw_rect.o
                0x0002ba28                draw_border_generic
 .text.lv_draw_sw_rect
                0x0002c260     0x1130 bin/libs/lvgl/src/draw/sw/lv_draw_sw_rect.o
                0x0002c260                lv_draw_sw_rect
 .text.transform_point_upscaled
                0x0002d390       0xa4 bin/libs/lvgl/src/draw/sw/lv_draw_sw_transform.o
 .text.lv_draw_sw_transform
                0x0002d434      0x70c bin/libs/lvgl/src/draw/sw/lv_draw_sw_transform.o
                0x0002d434                lv_draw_sw_transform
 .text.lv_area_get_width
                0x0002db40        0xc bin/libs/lvgl/src/extra/layouts/flex/lv_flex.o
 .text.lv_area_get_height
                0x0002db4c        0xc bin/libs/lvgl/src/extra/layouts/flex/lv_flex.o
 .text.place_content
                0x0002db58       0xb0 bin/libs/lvgl/src/extra/layouts/flex/lv_flex.o
 .text.get_next_item
                0x0002dc08       0x30 bin/libs/lvgl/src/extra/layouts/flex/lv_flex.o
 .text.find_track_end
                0x0002dc38      0x258 bin/libs/lvgl/src/extra/layouts/flex/lv_flex.o
 .text.flex_update
                0x0002de90      0x90c bin/libs/lvgl/src/extra/layouts/flex/lv_flex.o
 .text.lv_flex_init
                0x0002e79c       0x68 bin/libs/lvgl/src/extra/layouts/flex/lv_flex.o
                0x0002e79c                lv_flex_init
 .text.lv_obj_set_flex_flow
                0x0002e804       0x28 bin/libs/lvgl/src/extra/layouts/flex/lv_flex.o
                0x0002e804                lv_obj_set_flex_flow
 .text.lv_obj_set_flex_align
                0x0002e82c       0x50 bin/libs/lvgl/src/extra/layouts/flex/lv_flex.o
                0x0002e82c                lv_obj_set_flex_align
 .text.lv_obj_set_flex_grow
                0x0002e87c       0x24 bin/libs/lvgl/src/extra/layouts/flex/lv_flex.o
                0x0002e87c                lv_obj_set_flex_grow
 .text.grid_align
                0x0002e8a0      0x140 bin/libs/lvgl/src/extra/layouts/grid/lv_grid.o
 .text.grid_update
                0x0002e9e0      0x8f8 bin/libs/lvgl/src/extra/layouts/grid/lv_grid.o
 .text.lv_grid_init
                0x0002f2d8       0xb8 bin/libs/lvgl/src/extra/layouts/grid/lv_grid.o
                0x0002f2d8                lv_grid_init
 .text.lv_extra_init
                0x0002f390       0x10 bin/libs/lvgl/src/extra/lv_extra.o
                0x0002f390                lv_extra_init
 .text.theme_apply
                0x0002f3a0      0xfbc bin/libs/lvgl/src/extra/themes/default/lv_theme_default.o
 .text.dark_color_filter_cb
                0x0003035c        0x8 bin/libs/lvgl/src/extra/themes/default/lv_theme_default.o
 .text.grey_filter_cb
                0x00030364       0x54 bin/libs/lvgl/src/extra/themes/default/lv_theme_default.o
 .text.style_init
                0x000303b8     0x3598 bin/libs/lvgl/src/extra/themes/default/lv_theme_default.o
 .text.lv_theme_default_init
                0x00033950       0xb4 bin/libs/lvgl/src/extra/themes/default/lv_theme_default.o
                0x00033950                lv_theme_default_init
 .text.lv_theme_default_get
                0x00033a04       0x18 bin/libs/lvgl/src/extra/themes/default/lv_theme_default.o
                0x00033a04                lv_theme_default_get
 .text.lv_theme_default_is_inited
                0x00033a1c       0x10 bin/libs/lvgl/src/extra/themes/default/lv_theme_default.o
                0x00033a1c                lv_theme_default_is_inited
 .text.get_month_length
                0x00033a2c       0x7c bin/libs/lvgl/src/extra/widgets/calendar/lv_calendar.o
 .text.draw_part_begin_event_cb
                0x00033aa8       0xb8 bin/libs/lvgl/src/extra/widgets/calendar/lv_calendar.o
 .text.highlight_update
                0x00033b60       0xe4 bin/libs/lvgl/src/extra/widgets/calendar/lv_calendar.o
 .text.lv_calendar_set_showed_date
                0x00033c44      0x1f0 bin/libs/lvgl/src/extra/widgets/calendar/lv_calendar.o
                0x00033c44                lv_calendar_set_showed_date
 .text.lv_calendar_constructor
                0x00033e34       0xfc bin/libs/lvgl/src/extra/widgets/calendar/lv_calendar.o
 .text.lv_calendar_get_showed_date
                0x00033f30        0x4 bin/libs/lvgl/src/extra/widgets/calendar/lv_calendar.o
                0x00033f30                lv_calendar_get_showed_date
 .text.my_constructor
                0x00033f34       0xe0 bin/libs/lvgl/src/extra/widgets/calendar/lv_calendar_header_arrow.o
 .text.value_changed_event_cb
                0x00034014       0x3c bin/libs/lvgl/src/extra/widgets/calendar/lv_calendar_header_arrow.o
 .text.month_event_cb
                0x00034050       0x80 bin/libs/lvgl/src/extra/widgets/calendar/lv_calendar_header_arrow.o
 .text.my_constructor
                0x000340d0       0x90 bin/libs/lvgl/src/extra/widgets/calendar/lv_calendar_header_dropdown.o
 .text.value_changed_event_cb
                0x00034160       0x74 bin/libs/lvgl/src/extra/widgets/calendar/lv_calendar_header_dropdown.o
 .text.month_event_cb
                0x000341d4       0x30 bin/libs/lvgl/src/extra/widgets/calendar/lv_calendar_header_dropdown.o
 .text.year_event_cb
                0x00034204       0x70 bin/libs/lvgl/src/extra/widgets/calendar/lv_calendar_header_dropdown.o
 .text.draw_y_ticks
                0x00034274      0x300 bin/libs/lvgl/src/extra/widgets/chart/lv_chart.o
 .text.draw_x_ticks
                0x00034574      0x3a8 bin/libs/lvgl/src/extra/widgets/chart/lv_chart.o
 .text.lv_chart_destructor
                0x0003491c       0x78 bin/libs/lvgl/src/extra/widgets/chart/lv_chart.o
 .text.lv_chart_constructor
                0x00034994       0x50 bin/libs/lvgl/src/extra/widgets/chart/lv_chart.o
 .text.invalidate_point.part.0
                0x000349e4      0x180 bin/libs/lvgl/src/extra/widgets/chart/lv_chart.o
 .text.lv_chart_get_point_pos_by_id.part.0
                0x00034b64      0x204 bin/libs/lvgl/src/extra/widgets/chart/lv_chart.o
 .text.draw_cursors
                0x00034d68      0x288 bin/libs/lvgl/src/extra/widgets/chart/lv_chart.o
 .text.lv_chart_event
                0x00034ff0     0x1100 bin/libs/lvgl/src/extra/widgets/chart/lv_chart.o
 .text.get_knob_area
                0x000360f0       0x98 bin/libs/lvgl/src/extra/widgets/colorwheel/lv_colorwheel.o
 .text.fast_hsv2rgb.part.0.constprop.0
                0x00036188       0xb8 bin/libs/lvgl/src/extra/widgets/colorwheel/lv_colorwheel.o
 .text.refr_knob_pos
                0x00036240       0xac bin/libs/lvgl/src/extra/widgets/colorwheel/lv_colorwheel.o
 .text.lv_colorwheel_constructor
                0x000362ec       0x50 bin/libs/lvgl/src/extra/widgets/colorwheel/lv_colorwheel.o
 .text.lv_colorwheel_event
                0x0003633c      0xa98 bin/libs/lvgl/src/extra/widgets/colorwheel/lv_colorwheel.o
 .text.lv_keyboard_update_ctrl_map
                0x00036dd4       0x74 bin/libs/lvgl/src/extra/widgets/keyboard/lv_keyboard.o
 .text.lv_keyboard_constructor
                0x00036e48       0x5c bin/libs/lvgl/src/extra/widgets/keyboard/lv_keyboard.o
 .text.lv_keyboard_def_event_cb
                0x00036ea4      0x220 bin/libs/lvgl/src/extra/widgets/keyboard/lv_keyboard.o
                0x00036ea4                lv_keyboard_def_event_cb
 .text.lv_led_constructor
                0x000370c4       0x14 bin/libs/lvgl/src/extra/widgets/led/lv_led.o
 .text.lv_led_event
                0x000370d8      0x490 bin/libs/lvgl/src/extra/widgets/led/lv_led.o
 .text.lv_menu_destructor
                0x00037568        0x8 bin/libs/lvgl/src/extra/widgets/menu/lv_menu.o
 .text.lv_menu_section_constructor
                0x00037570       0x18 bin/libs/lvgl/src/extra/widgets/menu/lv_menu.o
 .text.lv_menu_cont_constructor
                0x00037588       0x24 bin/libs/lvgl/src/extra/widgets/menu/lv_menu.o
 .text.lv_menu_constructor
                0x000375ac      0x138 bin/libs/lvgl/src/extra/widgets/menu/lv_menu.o
 .text.lv_menu_value_changed_event_cb
                0x000376e4       0x50 bin/libs/lvgl/src/extra/widgets/menu/lv_menu.o
 .text.lv_menu_page_destructor
                0x00037734       0x14 bin/libs/lvgl/src/extra/widgets/menu/lv_menu.o
 .text.lv_menu_page_constructor
                0x00037748       0x38 bin/libs/lvgl/src/extra/widgets/menu/lv_menu.o
 .text.lv_menu_refr_main_header_mode
                0x00037780       0x74 bin/libs/lvgl/src/extra/widgets/menu/lv_menu.o
 .text.lv_menu_set_page
                0x000377f4       0xe0 bin/libs/lvgl/src/extra/widgets/menu/lv_menu.o
                0x000377f4                lv_menu_set_page
 .text.lv_menu_back_event_cb
                0x000378d4       0x9c bin/libs/lvgl/src/extra/widgets/menu/lv_menu.o
 .text.lv_meter_destructor
                0x00037970       0x18 bin/libs/lvgl/src/extra/widgets/meter/lv_meter.o
 .text.lv_meter_constructor
                0x00037988       0x1c bin/libs/lvgl/src/extra/widgets/meter/lv_meter.o
 .text.lv_meter_event
                0x000379a4      0x878 bin/libs/lvgl/src/extra/widgets/meter/lv_meter.o
 .text.msgbox_close_click_event_cb
                0x0003821c       0x30 bin/libs/lvgl/src/extra/widgets/msgbox/lv_msgbox.o
 .text.lv_msgbox_create
                0x0003824c      0x258 bin/libs/lvgl/src/extra/widgets/msgbox/lv_msgbox.o
                0x0003824c                lv_msgbox_create
 .text.lv_spinbox_updatevalue
                0x000384a4      0x130 bin/libs/lvgl/src/extra/widgets/spinbox/lv_spinbox.o
 .text.lv_spinbox_constructor
                0x000385d4       0x4c bin/libs/lvgl/src/extra/widgets/spinbox/lv_spinbox.o
 .text.lv_spinbox_increment
                0x00038620       0x34 bin/libs/lvgl/src/extra/widgets/spinbox/lv_spinbox.o
                0x00038620                lv_spinbox_increment
 .text.lv_spinbox_decrement
                0x00038654       0x40 bin/libs/lvgl/src/extra/widgets/spinbox/lv_spinbox.o
                0x00038654                lv_spinbox_decrement
 .text.lv_spinbox_event
                0x00038694      0x1ec bin/libs/lvgl/src/extra/widgets/spinbox/lv_spinbox.o
 .text.lv_spinner_constructor
                0x00038880       0x84 bin/libs/lvgl/src/extra/widgets/spinner/lv_spinner.o
 .text.arc_anim_start_angle
                0x00038904        0x8 bin/libs/lvgl/src/extra/widgets/spinner/lv_spinner.o
 .text.arc_anim_end_angle
                0x0003890c        0x8 bin/libs/lvgl/src/extra/widgets/spinner/lv_spinner.o
 .text.lv_tabview_destructor
                0x00038914       0x60 bin/libs/lvgl/src/extra/widgets/tabview/lv_tabview.o
 .text.lv_tabview_constructor
                0x00038974      0x164 bin/libs/lvgl/src/extra/widgets/tabview/lv_tabview.o
 .text.lv_tabview_set_act.part.0
                0x00038ad8       0xac bin/libs/lvgl/src/extra/widgets/tabview/lv_tabview.o
 .text.btns_value_changed_event_cb
                0x00038b84       0x2c bin/libs/lvgl/src/extra/widgets/tabview/lv_tabview.o
 .text.lv_tabview_event
                0x00038bb0       0x3c bin/libs/lvgl/src/extra/widgets/tabview/lv_tabview.o
 .text.cont_scroll_end_event_cb
                0x00038bec       0xf0 bin/libs/lvgl/src/extra/widgets/tabview/lv_tabview.o
 .text.lv_tileview_constructor
                0x00038cdc       0x3c bin/libs/lvgl/src/extra/widgets/tileview/lv_tileview.o
 .text.tileview_event_cb
                0x00038d18       0xcc bin/libs/lvgl/src/extra/widgets/tileview/lv_tileview.o
 .text.lv_tileview_tile_constructor
                0x00038de4       0x70 bin/libs/lvgl/src/extra/widgets/tileview/lv_tileview.o
 .text.lv_win_constructor
                0x00038e54       0x74 bin/libs/lvgl/src/extra/widgets/win/lv_win.o
 .text.lv_font_get_glyph_dsc.part.0
                0x00038ec8       0xa0 bin/libs/lvgl/src/font/lv_font.o
 .text.lv_font_get_glyph_bitmap
                0x00038f68        0x8 bin/libs/lvgl/src/font/lv_font.o
                0x00038f68                lv_font_get_glyph_bitmap
 .text.lv_font_get_glyph_dsc
                0x00038f70       0x14 bin/libs/lvgl/src/font/lv_font.o
                0x00038f70                lv_font_get_glyph_dsc
 .text.lv_font_get_glyph_width
                0x00038f84       0x1c bin/libs/lvgl/src/font/lv_font.o
                0x00038f84                lv_font_get_glyph_width
 .text.kern_pair_8_compare
                0x00038fa0       0x14 bin/libs/lvgl/src/font/lv_font_fmt_txt.o
 .text.kern_pair_16_compare
                0x00038fb4       0x14 bin/libs/lvgl/src/font/lv_font_fmt_txt.o
 .text.unicode_list_compare
                0x00038fc8        0x8 bin/libs/lvgl/src/font/lv_font_fmt_txt.o
 .text.get_glyph_dsc_id
                0x00038fd0       0xf0 bin/libs/lvgl/src/font/lv_font_fmt_txt.o
 .text.lv_font_get_bitmap_fmt_txt
                0x000390c0       0x2c bin/libs/lvgl/src/font/lv_font_fmt_txt.o
                0x000390c0                lv_font_get_bitmap_fmt_txt
 .text.lv_font_get_glyph_dsc_fmt_txt
                0x000390ec      0x14c bin/libs/lvgl/src/font/lv_font_fmt_txt.o
                0x000390ec                lv_font_get_glyph_dsc_fmt_txt
 .text._lv_font_clean_up_fmt_txt
                0x00039238        0x4 bin/libs/lvgl/src/font/lv_font_fmt_txt.o
                0x00039238                _lv_font_clean_up_fmt_txt
 .text.lv_disp_drv_init
                0x0003923c       0x48 bin/libs/lvgl/src/hal/lv_hal_disp.o
                0x0003923c                lv_disp_drv_init
 .text.lv_disp_draw_buf_init
                0x00039284       0x1c bin/libs/lvgl/src/hal/lv_hal_disp.o
                0x00039284                lv_disp_draw_buf_init
 .text.lv_disp_drv_register
                0x000392a0      0x140 bin/libs/lvgl/src/hal/lv_hal_disp.o
                0x000392a0                lv_disp_drv_register
 .text.lv_disp_get_default
                0x000393e0        0xc bin/libs/lvgl/src/hal/lv_hal_disp.o
                0x000393e0                lv_disp_get_default
 .text.lv_disp_get_hor_res
                0x000393ec       0x24 bin/libs/lvgl/src/hal/lv_hal_disp.o
                0x000393ec                lv_disp_get_hor_res
 .text.lv_disp_get_ver_res
                0x00039410       0x24 bin/libs/lvgl/src/hal/lv_hal_disp.o
                0x00039410                lv_disp_get_ver_res
 .text.lv_disp_get_dpi
                0x00039434       0x20 bin/libs/lvgl/src/hal/lv_hal_disp.o
                0x00039434                lv_disp_get_dpi
 .text.lv_disp_flush_ready
                0x00039454        0xc bin/libs/lvgl/src/hal/lv_hal_disp.o
                0x00039454                lv_disp_flush_ready
 .text.lv_disp_get_next
                0x00039460       0x14 bin/libs/lvgl/src/hal/lv_hal_disp.o
                0x00039460                lv_disp_get_next
 .text.lv_disp_get_draw_buf
                0x00039474        0x8 bin/libs/lvgl/src/hal/lv_hal_disp.o
                0x00039474                lv_disp_get_draw_buf
 .text.lv_indev_drv_init
                0x0003947c       0x20 bin/libs/lvgl/src/hal/lv_hal_indev.o
                0x0003947c                lv_indev_drv_init
 .text.lv_indev_drv_register
                0x0003949c       0x4c bin/libs/lvgl/src/hal/lv_hal_indev.o
                0x0003949c                lv_indev_drv_register
 .text.lv_indev_get_next
                0x000394e8       0x14 bin/libs/lvgl/src/hal/lv_hal_indev.o
                0x000394e8                lv_indev_get_next
 .text._lv_indev_read
                0x000394fc       0x40 bin/libs/lvgl/src/hal/lv_hal_indev.o
                0x000394fc                _lv_indev_read
 .text.lv_tick_get
                0x0003953c        0x4 bin/libs/lvgl/src/hal/lv_hal_tick.o
                0x0003953c                lv_tick_get
 .text.lv_tick_elaps
                0x00039540        0xc bin/libs/lvgl/src/hal/lv_hal_tick.o
                0x00039540                lv_tick_elaps
 .text.lv_anim_path_linear
                0x0003954c       0x2c bin/libs/lvgl/src/misc/lv_anim.o
                0x0003954c                lv_anim_path_linear
 .text.anim_timer
                0x00039578      0x1b8 bin/libs/lvgl/src/misc/lv_anim.o
 .text._lv_anim_core_init
                0x00039730       0x50 bin/libs/lvgl/src/misc/lv_anim.o
                0x00039730                _lv_anim_core_init
 .text.lv_anim_init
                0x00039780       0x34 bin/libs/lvgl/src/misc/lv_anim.o
                0x00039780                lv_anim_init
 .text.lv_anim_del
                0x000397b4       0xa4 bin/libs/lvgl/src/misc/lv_anim.o
                0x000397b4                lv_anim_del
 .text.lv_anim_start
                0x00039858       0xac bin/libs/lvgl/src/misc/lv_anim.o
                0x00039858                lv_anim_start
 .text.lv_anim_get
                0x00039904       0x40 bin/libs/lvgl/src/misc/lv_anim.o
                0x00039904                lv_anim_get
 .text.lv_anim_speed_to_time
                0x00039944       0x20 bin/libs/lvgl/src/misc/lv_anim.o
                0x00039944                lv_anim_speed_to_time
 .text.lv_anim_path_ease_out
                0x00039964       0x3c bin/libs/lvgl/src/misc/lv_anim.o
                0x00039964                lv_anim_path_ease_out
 .text.lv_anim_path_ease_in_out
                0x000399a0       0x38 bin/libs/lvgl/src/misc/lv_anim.o
                0x000399a0                lv_anim_path_ease_in_out
 .text.lv_anim_path_step
                0x000399d8       0x10 bin/libs/lvgl/src/misc/lv_anim.o
                0x000399d8                lv_anim_path_step
 .text.lv_area_set
                0x000399e8       0x28 bin/libs/lvgl/src/misc/lv_area.o
                0x000399e8                lv_area_set
 .text.lv_area_set_width
                0x00039a10        0xc bin/libs/lvgl/src/misc/lv_area.o
                0x00039a10                lv_area_set_width
 .text.lv_area_set_height
                0x00039a1c        0xc bin/libs/lvgl/src/misc/lv_area.o
                0x00039a1c                lv_area_set_height
 .text.lv_area_get_size
                0x00039a28       0x20 bin/libs/lvgl/src/misc/lv_area.o
                0x00039a28                lv_area_get_size
 .text.lv_area_increase
                0x00039a48       0x3c bin/libs/lvgl/src/misc/lv_area.o
                0x00039a48                lv_area_increase
 .text.lv_area_move
                0x00039a84       0x38 bin/libs/lvgl/src/misc/lv_area.o
                0x00039a84                lv_area_move
 .text._lv_area_intersect
                0x00039abc       0x68 bin/libs/lvgl/src/misc/lv_area.o
                0x00039abc                _lv_area_intersect
 .text._lv_area_diff
                0x00039b24      0x184 bin/libs/lvgl/src/misc/lv_area.o
                0x00039b24                _lv_area_diff
 .text._lv_area_join
                0x00039ca8       0x58 bin/libs/lvgl/src/misc/lv_area.o
                0x00039ca8                _lv_area_join
 .text._lv_area_is_point_on
                0x00039d00      0x1c8 bin/libs/lvgl/src/misc/lv_area.o
                0x00039d00                _lv_area_is_point_on
 .text._lv_area_is_on
                0x00039ec8       0x3c bin/libs/lvgl/src/misc/lv_area.o
                0x00039ec8                _lv_area_is_on
 .text._lv_area_is_in
                0x00039f04       0x94 bin/libs/lvgl/src/misc/lv_area.o
                0x00039f04                _lv_area_is_in
 .text._lv_area_is_out
                0x00039f98       0x9c bin/libs/lvgl/src/misc/lv_area.o
                0x00039f98                _lv_area_is_out
 .text.lv_point_transform
                0x0003a034      0x164 bin/libs/lvgl/src/misc/lv_area.o
                0x0003a034                lv_point_transform
 .text.lv_color_fill
                0x0003a198       0x64 bin/libs/lvgl/src/misc/lv_color.o
                0x0003a198                lv_color_fill
 .text.lv_color_darken
                0x0003a1fc       0x24 bin/libs/lvgl/src/misc/lv_color.o
                0x0003a1fc                lv_color_darken
 .text.lv_color_hsv_to_rgb
                0x0003a220       0xf0 bin/libs/lvgl/src/misc/lv_color.o
                0x0003a220                lv_color_hsv_to_rgb
 .text.lv_palette_main
                0x0003a310       0x14 bin/libs/lvgl/src/misc/lv_color.o
                0x0003a310                lv_palette_main
 .text.lv_palette_lighten
                0x0003a324       0x24 bin/libs/lvgl/src/misc/lv_color.o
                0x0003a324                lv_palette_lighten
 .text.lv_palette_darken
                0x0003a348       0x24 bin/libs/lvgl/src/misc/lv_color.o
                0x0003a348                lv_palette_darken
 .text._lv_fs_init
                0x0003a36c        0xc bin/libs/lvgl/src/misc/lv_fs.o
                0x0003a36c                _lv_fs_init
 .text.lv_fs_open
                0x0003a378       0xa8 bin/libs/lvgl/src/misc/lv_fs.o
                0x0003a378                lv_fs_open
 .text.lv_fs_close
                0x0003a420       0x44 bin/libs/lvgl/src/misc/lv_fs.o
                0x0003a420                lv_fs_close
 .text.lv_fs_read
                0x0003a464      0x188 bin/libs/lvgl/src/misc/lv_fs.o
                0x0003a464                lv_fs_read
 .text.lv_fs_seek
                0x0003a5ec       0x94 bin/libs/lvgl/src/misc/lv_fs.o
                0x0003a5ec                lv_fs_seek
 .text.lv_fs_get_ext
                0x0003a680       0x34 bin/libs/lvgl/src/misc/lv_fs.o
                0x0003a680                lv_fs_get_ext
 .text._lv_ll_init
                0x0003a6b4       0x10 bin/libs/lvgl/src/misc/lv_ll.o
                0x0003a6b4                _lv_ll_init
 .text._lv_ll_ins_head
                0x0003a6c4       0x2c bin/libs/lvgl/src/misc/lv_ll.o
                0x0003a6c4                _lv_ll_ins_head
 .text._lv_ll_ins_prev
                0x0003a6f0       0x3c bin/libs/lvgl/src/misc/lv_ll.o
                0x0003a6f0                _lv_ll_ins_prev
 .text._lv_ll_ins_tail
                0x0003a72c       0x2c bin/libs/lvgl/src/misc/lv_ll.o
                0x0003a72c                _lv_ll_ins_tail
 .text._lv_ll_remove
                0x0003a758       0x50 bin/libs/lvgl/src/misc/lv_ll.o
                0x0003a758                _lv_ll_remove
 .text._lv_ll_clear
                0x0003a7a8       0x28 bin/libs/lvgl/src/misc/lv_ll.o
                0x0003a7a8                _lv_ll_clear
 .text._lv_ll_get_head
                0x0003a7d0        0x8 bin/libs/lvgl/src/misc/lv_ll.o
                0x0003a7d0                _lv_ll_get_head
 .text._lv_ll_get_tail
                0x0003a7d8        0x8 bin/libs/lvgl/src/misc/lv_ll.o
                0x0003a7d8                _lv_ll_get_tail
 .text._lv_ll_get_next
                0x0003a7e0        0x8 bin/libs/lvgl/src/misc/lv_ll.o
                0x0003a7e0                _lv_ll_get_next
 .text._lv_ll_get_prev
                0x0003a7e8        0x8 bin/libs/lvgl/src/misc/lv_ll.o
                0x0003a7e8                _lv_ll_get_prev
 .text._lv_ll_get_len
                0x0003a7f0       0x1c bin/libs/lvgl/src/misc/lv_ll.o
                0x0003a7f0                _lv_ll_get_len
 .text._lv_ll_is_empty
                0x0003a80c       0x18 bin/libs/lvgl/src/misc/lv_ll.o
                0x0003a80c                _lv_ll_is_empty
 .text.lv_trigo_sin
                0x0003a824       0x74 bin/libs/lvgl/src/misc/lv_math.o
                0x0003a824                lv_trigo_sin
 .text.lv_bezier3
                0x0003a898       0x54 bin/libs/lvgl/src/misc/lv_math.o
                0x0003a898                lv_bezier3
 .text.lv_atan2
                0x0003a8ec       0x98 bin/libs/lvgl/src/misc/lv_math.o
                0x0003a8ec                lv_atan2
 .text.lv_pow   0x0003a984       0x3c bin/libs/lvgl/src/misc/lv_math.o
                0x0003a984                lv_pow
 .text.lv_map   0x0003a9c0       0x34 bin/libs/lvgl/src/misc/lv_math.o
                0x0003a9c0                lv_map
 .text.lv_mem_init
                0x0003a9f4       0x1c bin/libs/lvgl/src/misc/lv_mem.o
                0x0003a9f4                lv_mem_init
 .text.lv_mem_alloc
                0x0003aa10       0x3c bin/libs/lvgl/src/misc/lv_mem.o
                0x0003aa10                lv_mem_alloc
 .text.lv_mem_free
                0x0003aa4c       0x30 bin/libs/lvgl/src/misc/lv_mem.o
                0x0003aa4c                lv_mem_free
 .text.lv_mem_realloc
                0x0003aa7c       0x74 bin/libs/lvgl/src/misc/lv_mem.o
                0x0003aa7c                lv_mem_realloc
 .text.lv_mem_buf_get
                0x0003aaf0       0x98 bin/libs/lvgl/src/misc/lv_mem.o
                0x0003aaf0                lv_mem_buf_get
 .text.lv_mem_buf_release
                0x0003ab88       0x30 bin/libs/lvgl/src/misc/lv_mem.o
                0x0003ab88                lv_mem_buf_release
 .text.lv_mem_buf_free_all
                0x0003abb8       0x64 bin/libs/lvgl/src/misc/lv_mem.o
                0x0003abb8                lv_mem_buf_free_all
 .text.lv_memcpy
                0x0003ac1c      0x254 bin/libs/lvgl/src/misc/lv_mem.o
                0x0003ac1c                lv_memcpy
 .text.lv_memset
                0x0003ae70       0xa8 bin/libs/lvgl/src/misc/lv_mem.o
                0x0003ae70                lv_memset
 .text.lv_memset_00
                0x0003af18       0x9c bin/libs/lvgl/src/misc/lv_mem.o
                0x0003af18                lv_memset_00
 .text.lv_memset_ff
                0x0003afb4       0x9c bin/libs/lvgl/src/misc/lv_mem.o
                0x0003afb4                lv_memset_ff
 .text._out_buffer
                0x0003b050        0x8 bin/libs/lvgl/src/misc/lv_printf.o
 .text._out_null
                0x0003b058        0x4 bin/libs/lvgl/src/misc/lv_printf.o
 .text._ntoa_format
                0x0003b05c      0x40c bin/libs/lvgl/src/misc/lv_printf.o
 .text._ntoa_long
                0x0003b468       0x94 bin/libs/lvgl/src/misc/lv_printf.o
 .text._ntoa_long_long
                0x0003b4fc       0xc0 bin/libs/lvgl/src/misc/lv_printf.o
 .text._vsnprintf
                0x0003b5bc      0x614 bin/libs/lvgl/src/misc/lv_printf.o
 .text.lv_snprintf
                0x0003bbd0       0x2c bin/libs/lvgl/src/misc/lv_printf.o
                0x0003bbd0                lv_snprintf
 .text.lv_vsnprintf
                0x0003bbfc       0x20 bin/libs/lvgl/src/misc/lv_printf.o
                0x0003bbfc                lv_vsnprintf
 .text.lv_style_set_prop_helper
                0x0003bc1c        0x8 bin/libs/lvgl/src/misc/lv_style.o
 .text.lv_style_set_prop_internal
                0x0003bc24      0x144 bin/libs/lvgl/src/misc/lv_style.o
 .text.lv_style_init
                0x0003bd68        0x8 bin/libs/lvgl/src/misc/lv_style.o
                0x0003bd68                lv_style_init
 .text.lv_style_reset
                0x0003bd70       0x34 bin/libs/lvgl/src/misc/lv_style.o
                0x0003bd70                lv_style_reset
 .text.lv_style_register_prop
                0x0003bda4       0x7c bin/libs/lvgl/src/misc/lv_style.o
                0x0003bda4                lv_style_register_prop
 .text.lv_style_remove_prop
                0x0003be20       0xd4 bin/libs/lvgl/src/misc/lv_style.o
                0x0003be20                lv_style_remove_prop
 .text.lv_style_set_prop
                0x0003bef4        0xc bin/libs/lvgl/src/misc/lv_style.o
                0x0003bef4                lv_style_set_prop
 .text.lv_style_transition_dsc_init
                0x0003bf00       0x2c bin/libs/lvgl/src/misc/lv_style.o
                0x0003bf00                lv_style_transition_dsc_init
 .text.lv_style_prop_get_default
                0x0003bf2c      0x100 bin/libs/lvgl/src/misc/lv_style.o
                0x0003bf2c                lv_style_prop_get_default
 .text.lv_style_get_prop
                0x0003c02c       0xa4 bin/libs/lvgl/src/misc/lv_style.o
                0x0003c02c                lv_style_get_prop
 .text.lv_style_is_empty
                0x0003c0d0        0xc bin/libs/lvgl/src/misc/lv_style.o
                0x0003c0d0                lv_style_is_empty
 .text._lv_style_get_prop_group
                0x0003c0dc       0x10 bin/libs/lvgl/src/misc/lv_style.o
                0x0003c0dc                _lv_style_get_prop_group
 .text._lv_style_prop_lookup_flags
                0x0003c0ec       0x40 bin/libs/lvgl/src/misc/lv_style.o
                0x0003c0ec                _lv_style_prop_lookup_flags
 .text.lv_style_set_width
                0x0003c12c        0x8 bin/libs/lvgl/src/misc/lv_style_gen.o
                0x0003c12c                lv_style_set_width
 .text.lv_style_set_max_width
                0x0003c134        0x8 bin/libs/lvgl/src/misc/lv_style_gen.o
                0x0003c134                lv_style_set_max_width
 .text.lv_style_set_height
                0x0003c13c        0x8 bin/libs/lvgl/src/misc/lv_style_gen.o
                0x0003c13c                lv_style_set_height
 .text.lv_style_set_max_height
                0x0003c144        0x8 bin/libs/lvgl/src/misc/lv_style_gen.o
                0x0003c144                lv_style_set_max_height
 .text.lv_style_set_transform_width
                0x0003c14c        0x8 bin/libs/lvgl/src/misc/lv_style_gen.o
                0x0003c14c                lv_style_set_transform_width
 .text.lv_style_set_transform_height
                0x0003c154        0x8 bin/libs/lvgl/src/misc/lv_style_gen.o
                0x0003c154                lv_style_set_transform_height
 .text.lv_style_set_pad_top
                0x0003c15c        0x8 bin/libs/lvgl/src/misc/lv_style_gen.o
                0x0003c15c                lv_style_set_pad_top
 .text.lv_style_set_pad_bottom
                0x0003c164        0x8 bin/libs/lvgl/src/misc/lv_style_gen.o
                0x0003c164                lv_style_set_pad_bottom
 .text.lv_style_set_pad_left
                0x0003c16c        0x8 bin/libs/lvgl/src/misc/lv_style_gen.o
                0x0003c16c                lv_style_set_pad_left
 .text.lv_style_set_pad_right
                0x0003c174        0x8 bin/libs/lvgl/src/misc/lv_style_gen.o
                0x0003c174                lv_style_set_pad_right
 .text.lv_style_set_pad_row
                0x0003c17c        0x8 bin/libs/lvgl/src/misc/lv_style_gen.o
                0x0003c17c                lv_style_set_pad_row
 .text.lv_style_set_pad_column
                0x0003c184        0x8 bin/libs/lvgl/src/misc/lv_style_gen.o
                0x0003c184                lv_style_set_pad_column
 .text.lv_style_set_bg_color
                0x0003c18c       0x14 bin/libs/lvgl/src/misc/lv_style_gen.o
                0x0003c18c                lv_style_set_bg_color
 .text.lv_style_set_bg_opa
                0x0003c1a0        0x8 bin/libs/lvgl/src/misc/lv_style_gen.o
                0x0003c1a0                lv_style_set_bg_opa
 .text.lv_style_set_bg_grad_color
                0x0003c1a8       0x14 bin/libs/lvgl/src/misc/lv_style_gen.o
                0x0003c1a8                lv_style_set_bg_grad_color
 .text.lv_style_set_bg_img_src
                0x0003c1bc        0x8 bin/libs/lvgl/src/misc/lv_style_gen.o
                0x0003c1bc                lv_style_set_bg_img_src
 .text.lv_style_set_border_color
                0x0003c1c4       0x14 bin/libs/lvgl/src/misc/lv_style_gen.o
                0x0003c1c4                lv_style_set_border_color
 .text.lv_style_set_border_opa
                0x0003c1d8        0x8 bin/libs/lvgl/src/misc/lv_style_gen.o
                0x0003c1d8                lv_style_set_border_opa
 .text.lv_style_set_border_width
                0x0003c1e0        0x8 bin/libs/lvgl/src/misc/lv_style_gen.o
                0x0003c1e0                lv_style_set_border_width
 .text.lv_style_set_border_side
                0x0003c1e8        0x8 bin/libs/lvgl/src/misc/lv_style_gen.o
                0x0003c1e8                lv_style_set_border_side
 .text.lv_style_set_border_post
                0x0003c1f0        0x8 bin/libs/lvgl/src/misc/lv_style_gen.o
                0x0003c1f0                lv_style_set_border_post
 .text.lv_style_set_outline_width
                0x0003c1f8        0x8 bin/libs/lvgl/src/misc/lv_style_gen.o
                0x0003c1f8                lv_style_set_outline_width
 .text.lv_style_set_outline_color
                0x0003c200       0x14 bin/libs/lvgl/src/misc/lv_style_gen.o
                0x0003c200                lv_style_set_outline_color
 .text.lv_style_set_outline_opa
                0x0003c214        0x8 bin/libs/lvgl/src/misc/lv_style_gen.o
                0x0003c214                lv_style_set_outline_opa
 .text.lv_style_set_outline_pad
                0x0003c21c        0x8 bin/libs/lvgl/src/misc/lv_style_gen.o
                0x0003c21c                lv_style_set_outline_pad
 .text.lv_style_set_shadow_width
                0x0003c224        0x8 bin/libs/lvgl/src/misc/lv_style_gen.o
                0x0003c224                lv_style_set_shadow_width
 .text.lv_style_set_shadow_ofs_y
                0x0003c22c        0x8 bin/libs/lvgl/src/misc/lv_style_gen.o
                0x0003c22c                lv_style_set_shadow_ofs_y
 .text.lv_style_set_shadow_spread
                0x0003c234        0x8 bin/libs/lvgl/src/misc/lv_style_gen.o
                0x0003c234                lv_style_set_shadow_spread
 .text.lv_style_set_shadow_color
                0x0003c23c       0x14 bin/libs/lvgl/src/misc/lv_style_gen.o
                0x0003c23c                lv_style_set_shadow_color
 .text.lv_style_set_shadow_opa
                0x0003c250        0x8 bin/libs/lvgl/src/misc/lv_style_gen.o
                0x0003c250                lv_style_set_shadow_opa
 .text.lv_style_set_line_width
                0x0003c258        0x8 bin/libs/lvgl/src/misc/lv_style_gen.o
                0x0003c258                lv_style_set_line_width
 .text.lv_style_set_line_color
                0x0003c260       0x14 bin/libs/lvgl/src/misc/lv_style_gen.o
                0x0003c260                lv_style_set_line_color
 .text.lv_style_set_arc_width
                0x0003c274        0x8 bin/libs/lvgl/src/misc/lv_style_gen.o
                0x0003c274                lv_style_set_arc_width
 .text.lv_style_set_arc_rounded
                0x0003c27c        0x8 bin/libs/lvgl/src/misc/lv_style_gen.o
                0x0003c27c                lv_style_set_arc_rounded
 .text.lv_style_set_arc_color
                0x0003c284       0x14 bin/libs/lvgl/src/misc/lv_style_gen.o
                0x0003c284                lv_style_set_arc_color
 .text.lv_style_set_text_color
                0x0003c298       0x14 bin/libs/lvgl/src/misc/lv_style_gen.o
                0x0003c298                lv_style_set_text_color
 .text.lv_style_set_text_font
                0x0003c2ac        0x8 bin/libs/lvgl/src/misc/lv_style_gen.o
                0x0003c2ac                lv_style_set_text_font
 .text.lv_style_set_text_line_space
                0x0003c2b4        0x8 bin/libs/lvgl/src/misc/lv_style_gen.o